Component: ARM Compiler 5.06 update 7 (build 960) Tool: armlink [4d3601]

==============================================================================

Section Cross References

    startup_stm32f750xx.o(RESET) refers to startup_stm32f750xx.o(STACK) for __initial_sp
    startup_stm32f750xx.o(RESET) refers to startup_stm32f750xx.o(.text) for Reset_Handler
    startup_stm32f750xx.o(RESET) refers to stm32f7xx_it.o(i.NMI_Handler) for NMI_Handler
    startup_stm32f750xx.o(RESET) refers to stm32f7xx_it.o(i.HardFault_Handler) for HardFault_Handler
    startup_stm32f750xx.o(RESET) refers to stm32f7xx_it.o(i.MemManage_Handler) for MemManage_Handler
    startup_stm32f750xx.o(RESET) refers to stm32f7xx_it.o(i.BusFault_Handler) for BusFault_Handler
    startup_stm32f750xx.o(RESET) refers to stm32f7xx_it.o(i.UsageFault_Handler) for UsageFault_Handler
    startup_stm32f750xx.o(RESET) refers to port.o(.emb_text) for SVC_Handler
    startup_stm32f750xx.o(RESET) refers to stm32f7xx_it.o(i.DebugMon_Handler) for DebugMon_Handler
    startup_stm32f750xx.o(RESET) refers to port.o(i.SysTick_Handler) for SysTick_Handler
    startup_stm32f750xx.o(RESET) refers to stm32f7xx_it.o(i.DMA1_Stream1_IRQHandler) for DMA1_Stream1_IRQHandler
    startup_stm32f750xx.o(RESET) refers to stm32f7xx_it.o(i.DMA1_Stream3_IRQHandler) for DMA1_Stream3_IRQHandler
    startup_stm32f750xx.o(RESET) refers to stm32f7xx_it.o(i.TIM1_BRK_TIM9_IRQHandler) for TIM1_BRK_TIM9_IRQHandler
    startup_stm32f750xx.o(RESET) refers to stm32f7xx_it.o(i.TIM1_UP_TIM10_IRQHandler) for TIM1_UP_TIM10_IRQHandler
    startup_stm32f750xx.o(RESET) refers to stm32f7xx_it.o(i.TIM1_TRG_COM_TIM11_IRQHandler) for TIM1_TRG_COM_TIM11_IRQHandler
    startup_stm32f750xx.o(RESET) refers to stm32f7xx_it.o(i.TIM1_CC_IRQHandler) for TIM1_CC_IRQHandler
    startup_stm32f750xx.o(RESET) refers to stm32f7xx_it.o(i.TIM2_IRQHandler) for TIM2_IRQHandler
    startup_stm32f750xx.o(RESET) refers to stm32f7xx_it.o(i.TIM3_IRQHandler) for TIM3_IRQHandler
    startup_stm32f750xx.o(RESET) refers to stm32f7xx_it.o(i.TIM4_IRQHandler) for TIM4_IRQHandler
    startup_stm32f750xx.o(RESET) refers to stm32f7xx_it.o(i.USART1_IRQHandler) for USART1_IRQHandler
    startup_stm32f750xx.o(RESET) refers to stm32f7xx_it.o(i.USART2_IRQHandler) for USART2_IRQHandler
    startup_stm32f750xx.o(RESET) refers to imu.o(i.USART3_IRQHandler) for USART3_IRQHandler
    startup_stm32f750xx.o(RESET) refers to stm32f7xx_it.o(i.TIM8_BRK_TIM12_IRQHandler) for TIM8_BRK_TIM12_IRQHandler
    startup_stm32f750xx.o(RESET) refers to stm32f7xx_it.o(i.TIM8_UP_TIM13_IRQHandler) for TIM8_UP_TIM13_IRQHandler
    startup_stm32f750xx.o(RESET) refers to stm32f7xx_it.o(i.TIM8_TRG_COM_TIM14_IRQHandler) for TIM8_TRG_COM_TIM14_IRQHandler
    startup_stm32f750xx.o(RESET) refers to stm32f7xx_it.o(i.TIM8_CC_IRQHandler) for TIM8_CC_IRQHandler
    startup_stm32f750xx.o(RESET) refers to stm32f7xx_it.o(i.TIM5_IRQHandler) for TIM5_IRQHandler
    startup_stm32f750xx.o(RESET) refers to stm32f7xx_it.o(i.UART5_IRQHandler) for UART5_IRQHandler
    startup_stm32f750xx.o(RESET) refers to delay.o(i.TIM7_IRQHandler) for TIM7_IRQHandler
    startup_stm32f750xx.o(RESET) refers to stm32f7xx_it.o(i.UART7_IRQHandler) for UART7_IRQHandler
    startup_stm32f750xx.o(RESET) refers to stm32f7xx_it.o(i.UART8_IRQHandler) for UART8_IRQHandler
    startup_stm32f750xx.o(.text) refers to system_stm32f7xx.o(i.SystemInit) for SystemInit
    startup_stm32f750xx.o(.text) refers to entry.o(.ARM.Collect$$$$00000000) for __main
    main.o(i.HAL_TIM_PeriodElapsedCallback) refers to stm32f7xx_hal.o(i.HAL_IncTick) for HAL_IncTick
    main.o(i.SystemClock_Config) refers to memseta.o(.text) for __aeabi_memclr4
    main.o(i.SystemClock_Config) refers to stm32f7xx_hal_rcc.o(i.HAL_RCC_OscConfig) for HAL_RCC_OscConfig
    main.o(i.SystemClock_Config) refers to stm32f7xx_hal_pwr_ex.o(i.HAL_PWREx_EnableOverDrive) for HAL_PWREx_EnableOverDrive
    main.o(i.SystemClock_Config) refers to stm32f7xx_hal_rcc.o(i.HAL_RCC_ClockConfig) for HAL_RCC_ClockConfig
    main.o(i.main) refers to stm32f7xx_hal.o(i.HAL_Init) for HAL_Init
    main.o(i.main) refers to main.o(i.SystemClock_Config) for SystemClock_Config
    main.o(i.main) refers to gpio.o(i.MX_GPIO_Init) for MX_GPIO_Init
    main.o(i.main) refers to dma.o(i.MX_DMA_Init) for MX_DMA_Init
    main.o(i.main) refers to tim.o(i.MX_TIM1_Init) for MX_TIM1_Init
    main.o(i.main) refers to tim.o(i.MX_TIM2_Init) for MX_TIM2_Init
    main.o(i.main) refers to tim.o(i.MX_TIM3_Init) for MX_TIM3_Init
    main.o(i.main) refers to tim.o(i.MX_TIM4_Init) for MX_TIM4_Init
    main.o(i.main) refers to tim.o(i.MX_TIM5_Init) for MX_TIM5_Init
    main.o(i.main) refers to tim.o(i.MX_TIM8_Init) for MX_TIM8_Init
    main.o(i.main) refers to tim.o(i.MX_TIM9_Init) for MX_TIM9_Init
    main.o(i.main) refers to tim.o(i.MX_TIM11_Init) for MX_TIM11_Init
    main.o(i.main) refers to usart.o(i.MX_UART5_Init) for MX_UART5_Init
[...]
    DMA2_Stream1_IRQHandler                  0x080002bf   Thumb Code     0  startup_stm32f750xx.o(.text)
    DMA2_Stream2_IRQHandler                  0x080002bf   Thumb Code     0  startup_stm32f750xx.o(.text)
    DMA2_Stream3_IRQHandler                  0x080002bf   Thumb Code     0  startup_stm32f750xx.o(.text)
    DMA2_Stream4_IRQHandler                  0x080002bf   Thumb Code     0  startup_stm32f750xx.o(.text)
    DMA2_Stream5_IRQHandler                  0x080002bf   Thumb Code     0  startup_stm32f750xx.o(.text)
    DMA2_Stream6_IRQHandler                  0x080002bf   Thumb Code     0  startup_stm32f750xx.o(.text)
    DMA2_Stream7_IRQHandler                  0x080002bf   Thumb Code     0  startup_stm32f750xx.o(.text)
    ETH_IRQHandler                           0x080002bf   Thumb Code     0  startup_stm32f750xx.o(.text)
    ETH_WKUP_IRQHandler                      0x080002bf   Thumb Code     0  startup_stm32f750xx.o(.text)
    EXTI0_IRQHandler                         0x080002bf   Thumb Code     0  startup_stm32f750xx.o(.text)
    EXTI15_10_IRQHandler                     0x080002bf   Thumb Code     0  startup_stm32f750xx.o(.text)
    EXTI1_IRQHandler                         0x080002bf   Thumb Code     0  startup_stm32f750xx.o(.text)
    EXTI2_IRQHandler                         0x080002bf   Thumb Code     0  startup_stm32f750xx.o(.text)
    EXTI3_IRQHandler                         0x080002bf   Thumb Code     0  startup_stm32f750xx.o(.text)
    EXTI4_IRQHandler                         0x080002bf   Thumb Code     0  startup_stm32f750xx.o(.text)
    EXTI9_5_IRQHandler                       0x080002bf   Thumb Code     0  startup_stm32f750xx.o(.text)
    FLASH_IRQHandler                         0x080002bf   Thumb Code     0  startup_stm32f750xx.o(.text)
    FMC_IRQHandler                           0x080002bf   Thumb Code     0  startup_stm32f750xx.o(.text)
    FPU_IRQHandler                           0x080002bf   Thumb Code     0  startup_stm32f750xx.o(.text)
    HASH_RNG_IRQHandler                      0x080002bf   Thumb Code     0  startup_stm32f750xx.o(.text)
    I2C1_ER_IRQHandler                       0x080002bf   Thumb Code     0  startup_stm32f750xx.o(.text)
    I2C1_EV_IRQHandler                       0x080002bf   Thumb Code     0  startup_stm32f750xx.o(.text)
    I2C2_ER_IRQHandler                       0x080002bf   Thumb Code     0  startup_stm32f750xx.o(.text)
    I2C2_EV_IRQHandler                       0x080002bf   Thumb Code     0  startup_stm32f750xx.o(.text)
    I2C3_ER_IRQHandler                       0x080002bf   Thumb Code     0  startup_stm32f750xx.o(.text)
    I2C3_EV_IRQHandler                       0x080002bf   Thumb Code     0  startup_stm32f750xx.o(.text)
    I2C4_ER_IRQHandler                       0x080002bf   Thumb Code     0  startup_stm32f750xx.o(.text)
    I2C4_EV_IRQHandler                       0x080002bf   Thumb Code     0  startup_stm32f750xx.o(.text)
    LPTIM1_IRQHandler                        0x080002bf   Thumb Code     0  startup_stm32f750xx.o(.text)
    LTDC_ER_IRQHandler                       0x080002bf   Thumb Code     0  startup_stm32f750xx.o(.text)
    LTDC_IRQHandler                          0x080002bf   Thumb Code     0  startup_stm32f750xx.o(.text)
    OTG_FS_IRQHandler                        0x080002bf   Thumb Code     0  startup_stm32f750xx.o(.text)
    OTG_FS_WKUP_IRQHandler                   0x080002bf   Thumb Code     0  startup_stm32f750xx.o(.text)
    OTG_HS_EP1_IN_IRQHandler                 0x080002bf   Thumb Code     0  startup_stm32f750xx.o(.text)
    OTG_HS_EP1_OUT_IRQHandler                0x080002bf   Thumb Code     0  startup_stm32f750xx.o(.text)
    OTG_HS_IRQHandler                        0x080002bf   Thumb Code     0  startup_stm32f750xx.o(.text)
    OTG_HS_WKUP_IRQHandler                   0x080002bf   Thumb Code     0  startup_stm32f750xx.o(.text)
    PVD_IRQHandler                           0x080002bf   Thumb Code     0  startup_stm32f750xx.o(.text)
    QUADSPI_IRQHandler                       0x080002bf   Thumb Code     0  startup_stm32f750xx.o(.text)
    RCC_IRQHandler                           0x080002bf   Thumb Code     0  startup_stm32f750xx.o(.text)
    RTC_Alarm_IRQHandler                     0x080002bf   Thumb Code     0  startup_stm32f750xx.o(.text)
    RTC_WKUP_IRQHandler                      0x080002bf   Thumb Code     0  startup_stm32f750xx.o(.text)
    SAI1_IRQHandler                          0x080002bf   Thumb Code     0  startup_stm32f750xx.o(.text)
    SAI2_IRQHandler                          0x080002bf   Thumb Code     0  startup_stm32f750xx.o(.text)
    SDMMC1_IRQHandler                        0x080002bf   Thumb Code     0  startup_stm32f750xx.o(.text)
    SPDIF_RX_IRQHandler                      0x080002bf   Thumb Code     0  startup_stm32f750xx.o(.text)
    SPI1_IRQHandler                          0x080002bf   Thumb Code     0  startup_stm32f750xx.o(.text)
    SPI2_IRQHandler                          0x080002bf   Thumb Code     0  startup_stm32f750xx.o(.text)
    SPI3_IRQHandler                          0x080002bf   Thumb Code     0  startup_stm32f750xx.o(.text)
    SPI4_IRQHandler                          0x080002bf   Thumb Code     0  startup_stm32f750xx.o(.text)
    SPI5_IRQHandler                          0x080002bf   Thumb Code     0  startup_stm32f750xx.o(.text)
    SPI6_IRQHandler                          0x080002bf   Thumb Code     0  startup_stm32f750xx.o(.text)
    TAMP_STAMP_IRQHandler                    0x080002bf   Thumb Code     0  startup_stm32f750xx.o(.text)
    TIM6_DAC_IRQHandler                      0x080002bf   Thumb Code     0  startup_stm32f750xx.o(.text)
    UART4_IRQHandler                         0x080002bf   Thumb Code     0  startup_stm32f750xx.o(.text)
    USART6_IRQHandler                        0x080002bf   Thumb Code     0  startup_stm32f750xx.o(.text)
    WWDG_IRQHandler                          0x080002bf   Thumb Code     0  startup_stm32f750xx.o(.text)
    __aeabi_uldivmod                         0x080002c9   Thumb Code    98  uldiv.o(.text)
    ___aeabi_memcpy8$move                    0x0800032b   Thumb Code     0  memmovea.o(.text)
    __aeabi_memcpy                           0x0800032b   Thumb Code    64  memmovea.o(.text)
    __aeabi_memcpy4                          0x0800032b   Thumb Code     0  memmovea.o(.text)
    __aeabi_memmove                          0x0800032b   Thumb Code     0  memmovea.o(.text)
    __aeabi_memmove4                         0x0800032b   Thumb Code     0  memmovea.o(.text)
    __aeabi_memmove8                         0x0800032b   Thumb Code     0  memmovea.o(.text)
    __aeabi_memset                           0x0800036b   Thumb Code    14  memseta.o(.text)
    __aeabi_memset4                          0x0800036b   Thumb Code     0  memseta.o(.text)
    __aeabi_memset8                          0x0800036b   Thumb Code     0  memseta.o(.text)
    __aeabi_memclr                           0x08000379   Thumb Code     4  memseta.o(.text)
    __aeabi_memclr4                          0x08000379   Thumb Code     0  memseta.o(.text)
    __aeabi_memclr8                          0x08000379   Thumb Code     0  memseta.o(.text)
    memset                                   0x0800037d   Thumb Code    18  memseta.o(.text)
    __aeabi_llsl                             0x0800038f   Thumb Code    30  llshl.o(.text)
    _ll_shift_l                              0x0800038f   Thumb Code     0  llshl.o(.text)
    __aeabi_llsr                             0x080003ad   Thumb Code    32  llushr.o(.text)
    _ll_ushift_r                             0x080003ad   Thumb Code     0  llushr.o(.text)
    __scatterload                            0x080003cd   Thumb Code    28  init.o(.text)
    __scatterload_rt2                        0x080003cd   Thumb Code     0  init.o(.text)
    __decompress                             0x080003f1   Thumb Code     0  __dclz77c.o(.text)
    __decompress2                            0x080003f1   Thumb Code    94  __dclz77c.o(.text)
    Barrier_Bridge                           0x08000451   Thumb Code   470  barrier.o(i.Barrier_Bridge)
    Barrier_Hill                             0x08000641   Thumb Code   254  barrier.o(i.Barrier_Hill)
    Barrier_WavedPlate                       0x0800074d   Thumb Code   300  barrier.o(i.Barrier_WavedPlate)
    BusFault_Handler                         0x080008ad   Thumb Code     2  stm32f7xx_it.o(i.BusFault_Handler)
    CarBrake                                 0x080008b1   Thumb Code    24  chassis_api.o(i.CarBrake)
    Chassis_ClearMileage                     0x080008ed   Thumb Code    18  chassis_api.o(i.Chassis_ClearMileage)
    Chassis_DisableAntiSnake                 0x08000909   Thumb Code    16  chassis_api.o(i.Chassis_DisableAntiSnake)
    Chassis_DisableLineLostProtection        0x0800091d   Thumb Code    10  chassis_api.o(i.Chassis_DisableLineLostProtection)
    Chassis_DriveDistance_Blocking           0x0800092d   Thumb Code    94  chassis_api.o(i.Chassis_DriveDistance_Blocking)
    Chassis_EnableAntiSnake                  0x08000995   Thumb Code    12  chassis_api.o(i.Chassis_EnableAntiSnake)
    Chassis_EnableLineLostProtection         0x080009a5   Thumb Code    12  chassis_api.o(i.Chassis_EnableLineLostProtection)
    Chassis_EnableRollProtection             0x080009b5   Thumb Code    12  chassis_api.o(i.Chassis_EnableRollProtection)
    Chassis_GetMileage                       0x080009c5   Thumb Code     8  chassis_api.o(i.Chassis_GetMileage)
    Chassis_IsTipoverLocked                  0x080009d1   Thumb Code     6  chassis_api.o(i.Chassis_IsTipoverLocked)
    Chassis_MotorControl                     0x080009dd   Thumb Code    64  chassis_api.o(i.Chassis_MotorControl)
    Chassis_Periodic_Update_5ms              0x08000a25   Thumb Code   258  chassis_api.o(i.Chassis_Periodic_Update_5ms)
    Chassis_SetMode                          0x08000b49   Thumb Code    40  chassis_api.o(i.Chassis_SetMode)
    Chassis_SetTargetSpeed                   0x08000b79   Thumb Code    46  chassis_api.o(i.Chassis_SetTargetSpeed)
    Chassis_Turn_180_Blocking                0x08000bb5   Thumb Code   114  chassis_api.o(i.Chassis_Turn_180_Blocking)
    Chassis_Turn_By_StopGyro_Blocking        0x08000c3d   Thumb Code    10  chassis_api.o(i.Chassis_Turn_By_StopGyro_Blocking)
    Cross                                    0x08000c49   Thumb Code    46  map.o(i.Cross)
    Cross_getline                            0x08000c81   Thumb Code    66  scaner.o(i.Cross_getline)
    Cross_reset                              0x08000cc9   Thumb Code    14  map.o(i.Cross_reset)
    DMA1_Stream1_IRQHandler                  0x08000cd9   Thumb Code     6  stm32f7xx_it.o(i.DMA1_Stream1_IRQHandler)
    DMA1_Stream3_IRQHandler                  0x08000ce5   Thumb Code     6  stm32f7xx_it.o(i.DMA1_Stream3_IRQHandler)
    DebugMon_Handler                         0x08000d95   Thumb Code     2  stm32f7xx_it.o(i.DebugMon_Handler)
    Encoder_init                             0x08000d99   Thumb Code   100  encoder.o(i.Encoder_init)
    Error_Handler                            0x08000e11   Thumb Code     4  main.o(i.Error_Handler)
    Get_scaner_error                         0x08000e15   Thumb Code   454  scaner.o(i.Get_scaner_error)
    Go_Line                                  0x08000fe5   Thumb Code   162  scaner.o(i.Go_Line)
    GyroStableReset                          0x080010b1   Thumb Code    62  chassis_api.o(i.GyroStableReset)
    HAL_DMA_Abort                            0x080010f5   Thumb Code   146  stm32f7xx_hal_dma.o(i.HAL_DMA_Abort)
    HAL_DMA_Abort_IT                         0x08001187   Thumb Code    36  stm32f7xx_hal_dma.o(i.HAL_DMA_Abort_IT)
    HAL_DMA_GetError                         0x080011ab   Thumb Code     4  stm32f7xx_hal_dma.o(i.HAL_DMA_GetError)
    HAL_DMA_IRQHandler                       0x080011b1   Thumb Code   412  stm32f7xx_hal_dma.o(i.HAL_DMA_IRQHandler)
    HAL_DMA_Init                             0x08001351   Thumb Code   202  stm32f7xx_hal_dma.o(i.HAL_DMA_Init)
    HAL_DMA_Start_IT                         0x08001421   Thumb Code   120  stm32f7xx_hal_dma.o(i.HAL_DMA_Start_IT)
    HAL_GPIO_Init                            0x08001499   Thumb Code   438  stm32f7xx_hal_gpio.o(i.HAL_GPIO_Init)
    HAL_GPIO_ReadPin                         0x08001685   Thumb Code    10  stm32f7xx_hal_gpio.o(i.HAL_GPIO_ReadPin)
    HAL_GPIO_WritePin                        0x0800168f   Thumb Code    10  stm32f7xx_hal_gpio.o(i.HAL_GPIO_WritePin)
    HAL_GetTick                              0x08001699   Thumb Code     6  stm32f7xx_hal.o(i.HAL_GetTick)
    HAL_IncTick                              0x080016a5   Thumb Code    12  stm32f7xx_hal.o(i.HAL_IncTick)
    HAL_Init                                 0x080016b5   Thumb Code    22  stm32f7xx_hal.o(i.HAL_Init)
    HAL_InitTick                             0x080016cd   Thumb Code   132  stm32f7xx_hal_timebase_tim.o(i.HAL_InitTick)
    HAL_MspInit                              0x08001765   Thumb Code    52  stm32f7xx_hal_msp.o(i.HAL_MspInit)
    HAL_NVIC_EnableIRQ                       0x0800179d   Thumb Code    26  stm32f7xx_hal_cortex.o(i.HAL_NVIC_EnableIRQ)
    HAL_NVIC_SetPriority                     0x080017b9   Thumb Code    60  stm32f7xx_hal_cortex.o(i.HAL_NVIC_SetPriority)
    HAL_NVIC_SetPriorityGrouping             0x080017f9   Thumb Code    26  stm32f7xx_hal_cortex.o(i.HAL_NVIC_SetPriorityGrouping)
    HAL_PWREx_EnableOverDrive                0x0800181d   Thumb Code    98  stm32f7xx_hal_pwr_ex.o(i.HAL_PWREx_EnableOverDrive)
    HAL_RCCEx_PeriphCLKConfig                0x08001889   Thumb Code  1272  stm32f7xx_hal_rcc_ex.o(i.HAL_RCCEx_PeriphCLKConfig)
    HAL_RCC_ClockConfig                      0x08001d81   Thumb Code   296  stm32f7xx_hal_rcc.o(i.HAL_RCC_ClockConfig)
    HAL_RCC_GetClockConfig                   0x08001ebd   Thumb Code    54  stm32f7xx_hal_rcc.o(i.HAL_RCC_GetClockConfig)
    HAL_RCC_GetPCLK1Freq                     0x08001efd   Thumb Code    20  stm32f7xx_hal_rcc.o(i.HAL_RCC_GetPCLK1Freq)
    HAL_RCC_GetPCLK2Freq                     0x08001f1d   Thumb Code    20  stm32f7xx_hal_rcc.o(i.HAL_RCC_GetPCLK2Freq)
    HAL_RCC_GetSysClockFreq                  0x08001f3d   Thumb Code    88  stm32f7xx_hal_rcc.o(i.HAL_RCC_GetSysClockFreq)
    HAL_RCC_OscConfig                        0x08001f9d   Thumb Code   864  stm32f7xx_hal_rcc.o(i.HAL_RCC_OscConfig)
    HAL_TIMEx_Break2Callback                 0x08002309   Thumb Code     2  stm32f7xx_hal_tim_ex.o(i.HAL_TIMEx_Break2Callback)
    HAL_TIMEx_BreakCallback                  0x0800230b   Thumb Code     2  stm32f7xx_hal_tim_ex.o(i.HAL_TIMEx_BreakCallback)
    HAL_TIMEx_CommutCallback                 0x0800230d   Thumb Code     2  stm32f7xx_hal_tim_ex.o(i.HAL_TIMEx_CommutCallback)
    HAL_TIMEx_ConfigBreakDeadTime            0x08002311   Thumb Code   132  stm32f7xx_hal_tim_ex.o(i.HAL_TIMEx_ConfigBreakDeadTime)
    HAL_TIMEx_MasterConfigSynchronization    0x0800239d   Thumb Code   136  stm32f7xx_hal_tim_ex.o(i.HAL_TIMEx_MasterConfigSynchronization)
    HAL_TIM_Base_Init                        0x08002441   Thumb Code    98  stm32f7xx_hal_tim.o(i.HAL_TIM_Base_Init)
    HAL_TIM_Base_MspInit                     0x080024a5   Thumb Code   210  tim.o(i.HAL_TIM_Base_MspInit)
    HAL_TIM_Base_Start                       0x0800258d   Thumb Code    96  stm32f7xx_hal_tim.o(i.HAL_TIM_Base_Start)
    HAL_TIM_Base_Start_IT                    0x0800260d   Thumb Code   106  stm32f7xx_hal_tim.o(i.HAL_TIM_Base_Start_IT)
    HAL_TIM_ConfigClockSource                0x08002699   Thumb Code   220  stm32f7xx_hal_tim.o(i.HAL_TIM_ConfigClockSource)
    HAL_TIM_Encoder_Init                     0x08002779   Thumb Code   170  stm32f7xx_hal_tim.o(i.HAL_TIM_Encoder_Init)
    HAL_TIM_Encoder_MspInit                  0x08002829   Thumb Code   408  tim.o(i.HAL_TIM_Encoder_MspInit)
    HAL_TIM_Encoder_Start                    0x080029dd   Thumb Code   146  stm32f7xx_hal_tim.o(i.HAL_TIM_Encoder_Start)
    HAL_TIM_IC_CaptureCallback               0x08002a6f   Thumb Code     2  stm32f7xx_hal_tim.o(i.HAL_TIM_IC_CaptureCallback)
    HAL_TIM_IRQHandler                       0x08002a71   Thumb Code   330  stm32f7xx_hal_tim.o(i.HAL_TIM_IRQHandler)
    HAL_TIM_MspPostInit                      0x08002bbd   Thumb Code   152  tim.o(i.HAL_TIM_MspPostInit)
    HAL_TIM_OC_DelayElapsedCallback          0x08002c71   Thumb Code     2  stm32f7xx_hal_tim.o(i.HAL_TIM_OC_DelayElapsedCallback)
    HAL_TIM_PWM_ConfigChannel                0x08002c73   Thumb Code   292  stm32f7xx_hal_tim.o(i.HAL_TIM_PWM_ConfigChannel)
    HAL_TIM_PWM_Init                         0x08002d97   Thumb Code    98  stm32f7xx_hal_tim.o(i.HAL_TIM_PWM_Init)
    HAL_TIM_PWM_MspInit                      0x08002df9   Thumb Code     2  stm32f7xx_hal_tim.o(i.HAL_TIM_PWM_MspInit)
    HAL_TIM_PWM_PulseFinishedCallback        0x08002dfb   Thumb Code     2  stm32f7xx_hal_tim.o(i.HAL_TIM_PWM_PulseFinishedCallback)
    HAL_TIM_PWM_Start                        0x08002dfd   Thumb Code   224  stm32f7xx_hal_tim.o(i.HAL_TIM_PWM_Start)
    HAL_TIM_PeriodElapsedCallback            0x08002efd   Thumb Code    14  main.o(i.HAL_TIM_PeriodElapsedCallback)
    HAL_TIM_TriggerCallback                  0x08002f11   Thumb Code     2  stm32f7xx_hal_tim.o(i.HAL_TIM_TriggerCallback)
    HAL_UARTEx_RxEventCallback               0x08002f13   Thumb Code     2  stm32f7xx_hal_uart.o(i.HAL_UARTEx_RxEventCallback)
    HAL_UART_DMAStop                         0x08002f15   Thumb Code   142  stm32f7xx_hal_uart.o(i.HAL_UART_DMAStop)
    HAL_UART_ErrorCallback                   0x08002fa3   Thumb Code     2  stm32f7xx_hal_uart.o(i.HAL_UART_ErrorCallback)
    HAL_UART_IRQHandler                      0x08002fa5   Thumb Code   674  stm32f7xx_hal_uart.o(i.HAL_UART_IRQHandler)
    HAL_UART_Init                            0x08003251   Thumb Code   102  stm32f7xx_hal_uart.o(i.HAL_UART_Init)
    HAL_UART_MspInit                         0x080032b9   Thumb Code   784  usart.o(i.HAL_UART_MspInit)
    HAL_UART_Receive_DMA                     0x08003601   Thumb Code    60  stm32f7xx_hal_uart.o(i.HAL_UART_Receive_DMA)
    HAL_UART_RxCpltCallback                  0x0800363d   Thumb Code     2  stm32f7xx_hal_uart.o(i.HAL_UART_RxCpltCallback)
    HAL_UART_RxHalfCpltCallback              0x0800363f   Thumb Code     2  stm32f7xx_hal_uart.o(i.HAL_UART_RxHalfCpltCallback)
    HAL_UART_TxCpltCallback                  0x08003641   Thumb Code     2  stm32f7xx_hal_uart.o(i.HAL_UART_TxCpltCallback)
    HardFault_Handler                        0x08003643   Thumb Code     2  stm32f7xx_it.o(i.HardFault_Handler)
    Line_Scan                                0x08003645   Thumb Code   344  scaner.o(i.Line_Scan)
    MX_DMA_Init                              0x080037ad   Thumb Code    56  dma.o(i.MX_DMA_Init)
    MX_FREERTOS_Init                         0x080037e9   Thumb Code    18  freertos.o(i.MX_FREERTOS_Init)
    MX_GPIO_Init                             0x08003809   Thumb Code   238  gpio.o(i.MX_GPIO_Init)
    MX_TIM11_Init                            0x0800390d   Thumb Code    48  tim.o(i.MX_TIM11_Init)
    MX_TIM1_Init                             0x08003945   Thumb Code   106  tim.o(i.MX_TIM1_Init)
    MX_TIM2_Init                             0x080039b9   Thumb Code   104  tim.o(i.MX_TIM2_Init)
    MX_TIM3_Init                             0x08003a25   Thumb Code   102  tim.o(i.MX_TIM3_Init)
    MX_TIM4_Init                             0x08003a95   Thumb Code   194  tim.o(i.MX_TIM4_Init)
    MX_TIM5_Init                             0x08003b61   Thumb Code   102  tim.o(i.MX_TIM5_Init)
    MX_TIM8_Init                             0x08003bd1   Thumb Code   222  tim.o(i.MX_TIM8_Init)
    MX_TIM9_Init                             0x08003cb9   Thumb Code   138  tim.o(i.MX_TIM9_Init)
    MX_UART5_Init                            0x08003d4d   Thumb Code    52  usart.o(i.MX_UART5_Init)
    MX_UART7_Init                            0x08003d89   Thumb Code    52  usart.o(i.MX_UART7_Init)
    MX_UART8_Init                            0x08003dc5   Thumb Code    52  usart.o(i.MX_UART8_Init)
    MX_USART1_UART_Init                      0x08003e01   Thumb Code    52  usart.o(i.MX_USART1_UART_Init)
    MX_USART2_UART_Init                      0x08003e3d   Thumb Code    52  usart.o(i.MX_USART2_UART_Init)
    MX_USART3_UART_Init                      0x08003e79   Thumb Code    52  usart.o(i.MX_USART3_UART_Init)
    MemManage_Handler                        0x08003eb5   Thumb Code     2  stm32f7xx_it.o(i.MemManage_Handler)
    NMI_Handler                              0x08003eb7   Thumb Code     2  stm32f7xx_it.o(i.NMI_Handler)
    RampCtrl_Blocking                        0x08003eb9   Thumb Code   194  chassis_api.o(i.RampCtrl_Blocking)
    Stage                                    0x08003f89   Thumb Code   550  barrier.o(i.Stage)
    Stage_DetectedRamp                       0x080041c5   Thumb Code    38  chassis_api.o(i.Stage_DetectedRamp)
    Stage_P2                                 0x080041f5   Thumb Code   290  barrier.o(i.Stage_P2)
    Stage_turn_Angle                         0x08004341   Thumb Code   132  turn.o(i.Stage_turn_Angle)
    StartDefaultTask                         0x080043d5   Thumb Code     8  freertos.o(i.StartDefaultTask)
    Start_task                               0x080043dd   Thumb Code    28  temporary_task.o(i.Start_task)
    Start_task_create                        0x080043f9   Thumb Code    20  task_create.o(i.Start_task_create)
    SysTick_Handler                          0x08004421   Thumb Code    42  port.o(i.SysTick_Handler)
    SystemClock_Config                       0x08004451   Thumb Code   148  main.o(i.SystemClock_Config)
    SystemInit                               0x080044ed   Thumb Code    12  system_stm32f7xx.o(i.SystemInit)
    TIM1_BRK_TIM9_IRQHandler                 0x080044fd   Thumb Code    18  stm32f7xx_it.o(i.TIM1_BRK_TIM9_IRQHandler)
    TIM1_CC_IRQHandler                       0x08004519   Thumb Code     6  stm32f7xx_it.o(i.TIM1_CC_IRQHandler)
    TIM1_TRG_COM_TIM11_IRQHandler            0x08004525   Thumb Code    18  stm32f7xx_it.o(i.TIM1_TRG_COM_TIM11_IRQHandler)
    TIM1_UP_TIM10_IRQHandler                 0x08004541   Thumb Code     6  stm32f7xx_it.o(i.TIM1_UP_TIM10_IRQHandler)
    TIM2_IRQHandler                          0x0800454d   Thumb Code     6  stm32f7xx_it.o(i.TIM2_IRQHandler)
    TIM3_IRQHandler                          0x08004559   Thumb Code     6  stm32f7xx_it.o(i.TIM3_IRQHandler)
    TIM4_IRQHandler                          0x08004565   Thumb Code     6  stm32f7xx_it.o(i.TIM4_IRQHandler)
    TIM5_IRQHandler                          0x08004571   Thumb Code     6  stm32f7xx_it.o(i.TIM5_IRQHandler)
    TIM7_IRQHandler                          0x0800457d   Thumb Code    22  delay.o(i.TIM7_IRQHandler)
    TIM8_BRK_TIM12_IRQHandler                0x08004599   Thumb Code     6  stm32f7xx_it.o(i.TIM8_BRK_TIM12_IRQHandler)
    TIM8_CC_IRQHandler                       0x080045a5   Thumb Code     6  stm32f7xx_it.o(i.TIM8_CC_IRQHandler)
    TIM8_TRG_COM_TIM14_IRQHandler            0x080045b1   Thumb Code    18  stm32f7xx_it.o(i.TIM8_TRG_COM_TIM14_IRQHandler)
    TIM8_UP_TIM13_IRQHandler                 0x080045cd   Thumb Code     6  stm32f7xx_it.o(i.TIM8_UP_TIM13_IRQHandler)
    TIM_Base_SetConfig                       0x080045d9   Thumb Code   164  stm32f7xx_hal_tim.o(i.TIM_Base_SetConfig)
    TIM_CCxChannelCmd                        0x080046a9   Thumb Code    26  stm32f7xx_hal_tim.o(i.TIM_CCxChannelCmd)
    TIM_ETR_SetConfig                        0x080046c3   Thumb Code    20  stm32f7xx_hal_tim.o(i.TIM_ETR_SetConfig)
    TIM_OC2_SetConfig                        0x08004751   Thumb Code   102  stm32f7xx_hal_tim.o(i.TIM_OC2_SetConfig)
    Turn360Step                              0x08004979   Thumb Code   136  turn.o(i.Turn360Step)
    Turn_Angle                               0x08004a21   Thumb Code    62  turn.o(i.Turn_Angle)
    UART5_IRQHandler                         0x08004a61   Thumb Code     6  stm32f7xx_it.o(i.UART5_IRQHandler)
    UART7_IRQHandler                         0x08004a6d   Thumb Code     6  stm32f7xx_it.o(i.UART7_IRQHandler)
    UART8_IRQHandler                         0x08004a79   Thumb Code     6  stm32f7xx_it.o(i.UART8_IRQHandler)
    UART_AdvFeatureConfig                    0x08004a85   Thumb Code   200  stm32f7xx_hal_uart.o(i.UART_AdvFeatureConfig)
    UART_CheckIdleState                      0x08004b4d   Thumb Code    92  stm32f7xx_hal_uart.o(i.UART_CheckIdleState)
    UART_SetConfig                           0x08004d45   Thumb Code   518  stm32f7xx_hal_uart.o(i.UART_SetConfig)
    UART_Start_Receive_DMA                   0x08004f79   Thumb Code   148  stm32f7xx_hal_uart.o(i.UART_Start_Receive_DMA)
    UART_WaitOnFlagUntilTimeout              0x08005019   Thumb Code   146  stm32f7xx_hal_uart.o(i.UART_WaitOnFlagUntilTimeout)
    USART1_IRQHandler                        0x080050ad   Thumb Code     6  stm32f7xx_it.o(i.USART1_IRQHandler)
    USART2_IRQHandler                        0x080050b9   Thumb Code     6  stm32f7xx_it.o(i.USART2_IRQHandler)
    USART3_IRQHandler                        0x080050c5   Thumb Code   252  imu.o(i.USART3_IRQHandler)
    UsageFault_Handler                       0x080051dd   Thumb Code     2  stm32f7xx_it.o(i.UsageFault_Handler)
    __scatterload_copy                       0x080051ff   Thumb Code    14  handlers.o(i.__scatterload_copy)
    __scatterload_null                       0x0800520d   Thumb Code     2  handlers.o(i.__scatterload_null)
    __scatterload_zeroinit                   0x0800520f   Thumb Code    14  handlers.o(i.__scatterload_zeroinit)
    create_task                              0x080054db   Thumb Code    18  task_create.o(i.create_task)
    deal_arrive                              0x080058a9   Thumb Code   174  map.o(i.deal_arrive)
    debug_uart_tick                          0x08005959   Thumb Code    20  debug_uart.o(i.debug_uart_tick)
    delay_init                               0x08005971   Thumb Code    76  delay.o(i.delay_init)
    delay_ms                                 0x080059c9   Thumb Code    28  delay.o(i.delay_ms)
    delay_us                                 0x080059e5   Thumb Code    14  delay.o(i.delay_us)
    encoder_clear                            0x080059f9   Thumb Code    30  encoder.o(i.encoder_clear)
    filter                                   0x08005a2d   Thumb Code   218  filter.o(i.filter)
    getAngleZ                                0x08005b15   Thumb Code    52  turn.o(i.getAngleZ)
    getNextConnectNode                       0x08005b59   Thumb Code    42  map.o(i.getNextConnectNode)
    get_Infrared                             0x08005b91   Thumb Code     2  bsp_linefollower.o(i.get_Infrared)
    get_detail                               0x08005b95   Thumb Code    12  scaner.o(i.get_detail)
    get_motor_speed                          0x08005ba5   Thumb Code   226  motor_task.o(i.get_motor_speed)
    getline_error                            0x08005cb9   Thumb Code    24  scaner.o(i.getline_error)
    gradual_cal                              0x08005cd9   Thumb Code    64  turn.o(i.gradual_cal)
    imu_receive_init                         0x08005d19   Thumb Code    26  imu.o(i.imu_receive_init)
    incremental_PID                          0x08005d3d   Thumb Code   246  pid.o(i.incremental_PID)
    main                                     0x08005f25   Thumb Code    94  main.o(i.main)
    main_task                                0x08005f85   Thumb Code    56  main_task.o(i.main_task)
    main_task_create                         0x08005fc1   Thumb Code    22  task_create.o(i.main_task_create)
    mapInit                                  0x08005fed   Thumb Code    96  map.o(i.mapInit)
    map_function                             0x0800605d   Thumb Code    62  map.o(i.map_function)
    motor_init                               0x080062c9   Thumb Code    92  motor.o(i.motor_init)
    motor_pid_clear                          0x08006331   Thumb Code    86  pid.o(i.motor_pid_clear)
    motor_set_pwm                            0x0800638d   Thumb Code   144  motor.o(i.motor_set_pwm)
    motor_task                               0x080064dd   Thumb Code   132  motor_task.o(i.motor_task)
    motor_task_create                        0x08006581   Thumb Code    22  task_create.o(i.motor_task_create)
    mpuZreset                                0x080067a1   Thumb Code    48  imu.o(i.mpuZreset)
    osDelay                                  0x08006851   Thumb Code    46  cmsis_os2.o(i.osDelay)
    osKernelInitialize                       0x08006885   Thumb Code    48  cmsis_os2.o(i.osKernelInitialize)
    osKernelStart                            0x080068b9   Thumb Code    56  cmsis_os2.o(i.osKernelStart)
    osThreadNew                              0x080068f5   Thumb Code   158  cmsis_os2.o(i.osThreadNew)
    pid_init                                 0x08006999   Thumb Code   354  pid.o(i.pid_init)
    pid_mode_switch                          0x08006b39   Thumb Code    58  motor_task.o(i.pid_mode_switch)
    positional_PID                           0x08006b79   Thumb Code   218  pid.o(i.positional_PID)
    pvPortMalloc                             0x08007401   Thumb Code   222  heap_4.o(i.pvPortMalloc)
    pxPortInitialiseStack                    0x080074e5   Thumb Code    40  port.o(i.pxPortInitialiseStack)
    runWithAngle                             0x08007681   Thumb Code   116  turn.o(i.runWithAngle)
    scaner_gpio_init                         0x080079d5   Thumb Code   142  scaner.o(i.scaner_gpio_init)
    scaner_init                              0x08007a79   Thumb Code    10  scaner.o(i.scaner_init)
    user_init                                0x08007dad   Thumb Code   144  temporary_task.o(i.user_init)
    uxListRemove                             0x08007e55   Thumb Code    38  list.o(i.uxListRemove)
    vApplicationGetIdleTaskMemory            0x08007e7d   Thumb Code    18  cmsis_os2.o(i.vApplicationGetIdleTaskMemory)
    vApplicationGetTimerTaskMemory           0x08007e95   Thumb Code    18  cmsis_os2.o(i.vApplicationGetTimerTaskMemory)
    vListInitialise                          0x08007ead   Thumb Code    22  list.o(i.vListInitialise)
    vListInitialiseItem                      0x08007ec3   Thumb Code     6  list.o(i.vListInitialiseItem)
    vListInsert                              0x08007ec9   Thumb Code    48  list.o(i.vListInsert)
    vListInsertEnd                           0x08007ef9   Thumb Code    24  list.o(i.vListInsertEnd)
    vPortEnterCritical                       0x08007f11   Thumb Code    62  port.o(i.vPortEnterCritical)
    vPortExitCritical                        0x08007f59   Thumb Code    38  port.o(i.vPortExitCritical)
    vPortFree                                0x08007f85   Thumb Code    96  heap_4.o(i.vPortFree)
    vPortSetupTimerInterrupt                 0x08007fe9   Thumb Code    32  port.o(i.vPortSetupTimerInterrupt)
    vPortValidateInterruptPriority           0x0800800d   Thumb Code    82  port.o(i.vPortValidateInterruptPriority)
    vQueueAddToRegistry                      0x08008069   Thumb Code    32  queue.o(i.vQueueAddToRegistry)
    vQueueWaitForMessageRestricted           0x0800808d   Thumb Code    68  queue.o(i.vQueueWaitForMessageRestricted)
    vTaskDelay                               0x080080d1   Thumb Code    70  tasks.o(i.vTaskDelay)
    vTaskDelayUntil                          0x08008121   Thumb Code   148  tasks.o(i.vTaskDelayUntil)
    vTaskDelete                              0x080081bd   Thumb Code   134  tasks.o(i.vTaskDelete)
    vTaskInternalSetTimeOutState             0x08008251   Thumb Code    12  tasks.o(i.vTaskInternalSetTimeOutState)
    vTaskMissedYield                         0x08008261   Thumb Code     8  tasks.o(i.vTaskMissedYield)
    vTaskPlaceOnEventList                    0x0800826d   Thumb Code    48  tasks.o(i.vTaskPlaceOnEventList)
    vTaskPlaceOnEventListRestricted          0x080082a1   Thumb Code    56  tasks.o(i.vTaskPlaceOnEventListRestricted)
    vTaskStartScheduler                      0x080082dd   Thumb Code   124  tasks.o(i.vTaskStartScheduler)
    vTaskSuspendAll                          0x08008369   Thumb Code    10  tasks.o(i.vTaskSuspendAll)
    vTaskSwitchContext                       0x08008379   Thumb Code    94  tasks.o(i.vTaskSwitchContext)
    xPortStartScheduler                      0x080083e1   Thumb Code   178  port.o(i.xPortStartScheduler)
    xQueueGenericCreateStatic                0x080084a5   Thumb Code   118  queue.o(i.xQueueGenericCreateStatic)
    xQueueGenericReset                       0x0800851d   Thumb Code   136  queue.o(i.xQueueGenericReset)
    xQueueGenericSend                        0x080085a9   Thumb Code   366  queue.o(i.xQueueGenericSend)
    xQueueGenericSendFromISR                 0x0800871d   Thumb Code   204  queue.o(i.xQueueGenericSendFromISR)
    xQueueReceive                            0x080087e9   Thumb Code   320  queue.o(i.xQueueReceive)
    xTaskCheckForTimeOut                     0x0800892d   Thumb Code   120  tasks.o(i.xTaskCheckForTimeOut)
    xTaskCreate                              0x080089a9   Thumb Code    90  tasks.o(i.xTaskCreate)
    xTaskCreateStatic                        0x08008a03   Thumb Code    98  tasks.o(i.xTaskCreateStatic)
    xTaskGetSchedulerState                   0x08008a65   Thumb Code    22  tasks.o(i.xTaskGetSchedulerState)
    xTaskGetTickCount                        0x08008a81   Thumb Code     6  tasks.o(i.xTaskGetTickCount)
    xTaskIncrementTick                       0x08008a8d   Thumb Code   194  tasks.o(i.xTaskIncrementTick)
    xTaskPriorityDisinherit                  0x08008b59   Thumb Code   124  tasks.o(i.xTaskPriorityDisinherit)
    xTaskRemoveFromEventList                 0x08008bdd   Thumb Code   102  tasks.o(i.xTaskRemoveFromEventList)
    xTaskResumeAll                           0x08008c51   Thumb Code   184  tasks.o(i.xTaskResumeAll)
    xTimerCreateTimerTask                    0x08008d15   Thumb Code    82  timers.o(i.xTimerCreateTimerTask)
    xTimerGenericCommand                     0x08008d79   Thumb Code    98  timers.o(i.xTimerGenericCommand)
    zhunbei                                  0x08008de1   Thumb Code   268  barrier.o(i.zhunbei)
    defaultTask_attributes                   0x08008f0c   Data          36  freertos.o(.constdata)
    AHBPrescTable                            0x08008f38   Data          16  system_stm32f7xx.o(.constdata)
    APBPrescTable                            0x08008f48   Data           8  system_stm32f7xx.o(.constdata)
    line_weight_default                      0x08008f50   Data          64  scaner.o(.constdata)
    Region$$Table$$Base                      0x08008ffc   Number         0  anon$$obj.o(Region$$Table)
    Region$$Table$$Limit                     0x0800901c   Number         0  anon$$obj.o(Region$$Table)
    defaultTaskHandle                        0x20000000   Data           4  freertos.o(.data)
    uwTickFreq                               0x20000004   Data           1  stm32f7xx_hal.o(.data)
    uwTickPrio                               0x20000008   Data           4  stm32f7xx_hal.o(.data)
    uwTick                                   0x2000000c   Data           4  stm32f7xx_hal.o(.data)
    SystemCoreClock                          0x20000010   Data           4  system_stm32f7xx.o(.data)
    pxCurrentTCB                             0x20000014   Data           4  tasks.o(.data)
    map                                      0x20000097   Data           2  map.o(.data)
    route                                    0x20000099   Data         100  map.o(.data)
    Node                                     0x20000100   Data        3024  map_message.o(.data)
    ConnectionNum                            0x20000cd0   Data          52  map_message.o(.data)
    Address                                  0x20000d04   Data          53  map_message.o(.data)
    filter_Open                              0x20000d39   Data           1  filter.o(.data)
    Speed                                    0x20000d3e   Data           8  encoder.o(.data)
    infrare_open                             0x20000d46   Data           1  bsp_linefollower.o(.data)
    basic_p                                  0x20000d48   Data           4  imu.o(.data)
    basic_y                                  0x20000d4c   Data           4  imu.o(.data)
    basic_r                                  0x20000d50   Data           4  imu.o(.data)
    LEFT_RIGHT_LINE                          0x20000d58   Data           1  scaner.o(.data)
    Fspeed                                   0x20000d5c   Data           4  scaner.o(.data)
    scaner_set                               0x20000d60   Data           8  scaner.o(.data)
    PIDMode                                  0x20000da4   Data           1  motor_task.o(.data)
    change_speed                             0x20000da5   Data           1  motor_task.o(.data)
    turnflag                                 0x20000da6   Data           1  motor_task.o(.data)
    Turn360_Flag                             0x20000da7   Data           1  motor_task.o(.data)
    DownLiuShui                              0x20000da8   Data           1  motor_task.o(.data)
    WavePlateLeft_Flag                       0x20000da9   Data           1  motor_task.o(.data)
    WavePlateRight_Flag                      0x20000daa   Data           1  motor_task.o(.data)
    MOTOR_PWM_MAX                            0x20000db0   Data           4  motor_task.o(.data)
    LiuShuiRate                              0x20000db4   Data           4  motor_task.o(.data)
    QQB_num                                  0x20000db8   Data           4  motor_task.o(.data)
    Start_handler                            0x20000dcc   Data           4  task_create.o(.data)
    main_handler                             0x20000dd0   Data           4  task_create.o(.data)
    sin_handler                              0x20000dd4   Data           4  task_create.o(.data)
    motor_handler                            0x20000dd8   Data           4  task_create.o(.data)
    angle                                    0x20000ddc   Data           8  turn.o(.data)
    StageTurn_Flag                           0x20000de4   Data           1  turn.o(.data)
    motor_all                                0x20000dfc   Data          48  speed_ctrl.o(.data)
    htim1                                    0x20000e2c   Data          76  tim.o(.bss)
    htim2                                    0x20000e78   Data          76  tim.o(.bss)
    htim3                                    0x20000ec4   Data          76  tim.o(.bss)
    htim4                                    0x20000f10   Data          76  tim.o(.bss)
    htim5                                    0x20000f5c   Data          76  tim.o(.bss)
    htim8                                    0x20000fa8   Data          76  tim.o(.bss)
    htim9                                    0x20000ff4   Data          76  tim.o(.bss)
    htim11                                   0x20001040   Data          76  tim.o(.bss)
    huart5                                   0x2000108c   Data         136  usart.o(.bss)
    huart7                                   0x20001114   Data         136  usart.o(.bss)
    huart8                                   0x2000119c   Data         136  usart.o(.bss)
    huart1                                   0x20001224   Data         136  usart.o(.bss)
    huart2                                   0x200012ac   Data         136  usart.o(.bss)
    huart3                                   0x20001334   Data         136  usart.o(.bss)
    hdma_uart7_rx                            0x200013bc   Data          96  usart.o(.bss)
    hdma_usart3_rx                           0x2000141c   Data          96  usart.o(.bss)
    htim14                                   0x2000147c   Data          76  stm32f7xx_hal_timebase_tim.o(.bss)
    xQueueRegistry                           0x200014c8   Data          64  queue.o(.bss)
    nodesr                                   0x2000e7b4   Data          76  map.o(.bss)
    motor_L0                                 0x2000e820   Data          24  pid.o(.bss)
    motor_L1                                 0x2000e838   Data          24  pid.o(.bss)
    motor_R0                                 0x2000e850   Data          24  pid.o(.bss)
    motor_R1                                 0x2000e868   Data          24  pid.o(.bss)
    motor_pid_paramL0                        0x2000e880   Data          28  pid.o(.bss)
    motor_pid_paramL1                        0x2000e89c   Data          28  pid.o(.bss)
    motor_pid_paramR0                        0x2000e8b8   Data          28  pid.o(.bss)
    motor_pid_paramR1                        0x2000e8d4   Data          28  pid.o(.bss)
    line_pid_param                           0x2000e8f0   Data          28  pid.o(.bss)
    lineG_pid_param                          0x2000e90c   Data          28  pid.o(.bss)
    gyroT_pid_param                          0x2000e928   Data          28  pid.o(.bss)
    gyroG_pid_param                          0x2000e944   Data          28  pid.o(.bss)
    GyroP_pid_param                          0x2000e960   Data          28  pid.o(.bss)
    line_pid_obj                             0x2000e97c   Data          28  pid.o(.bss)
    gyroT_pid                                0x2000e998   Data          28  pid.o(.bss)
    gyroG_pid                                0x2000e9b4   Data          28  pid.o(.bss)
    imu                                      0x2000ea54   Data          20  imu.o(.bss)
    line_weight                              0x2000ea68   Data          64  scaner.o(.bss)
    Scaner                                   0x2000eaa8   Data          12  scaner.o(.bss)
    Cross_Scaner                             0x2000eab4   Data          12  scaner.o(.bss)
    TC_speed                                 0x2000eaf8   Data          12  motor_task.o(.bss)
    TG_speed                                 0x2000eb04   Data          12  motor_task.o(.bss)
    TIM7_Handler                             0x2000eb10   Data          76  delay.o(.bss)
    __initial_sp                             0x2000ef60   Data           0  startup_stm32f750xx.o(STACK)



==============================================================================

Memory Map of the image

  Image Entry point : 0x080001c9

  Load Region LR_IROM1 (Base: 0x08000000, Size: 0x00009e48, Max: 0x00010000, ABSOLUTE, COMPRESSED[0x00009544])

    Execution Region ER_IROM1 (Exec base: 0x08000000, Load base: 0x08000000, Size: 0x0000901c, Max: 0x00010000, ABSOLUTE)

    Exec Addr    Load Addr    Size         Type   Attr      Idx    E Section Name        Object

    0x08000000   0x08000000   0x000001c8   Data   RO            3    RESET               startup_stm32f750xx.o
    0x080001c8   0x080001c8   0x00000000   Code   RO         6456  * .ARM.Collect$$$$00000000  mc_w.l(entry.o)
    0x080001c8   0x080001c8   0x00000004   Code   RO         6768    .ARM.Collect$$$$00000001  mc_w.l(entry2.o)
    0x080001cc   0x080001cc   0x00000004   Code   RO         6771    .ARM.Collect$$$$00000004  mc_w.l(entry5.o)
    0x080001d0   0x080001d0   0x00000000   Code   RO         6773    .ARM.Collect$$$$00000008  mc_w.l(entry7b.o)
    0x080001d0   0x080001d0   0x00000000   Code   RO         6775    .ARM.Collect$$$$0000000A  mc_w.l(entry8b.o)
    0x080001d0   0x080001d0   0x00000008   Code   RO         6776    .ARM.Collect$$$$0000000B  mc_w.l(entry9a.o)
    0x080001d8   0x080001d8   0x00000004   Code   RO         6783    .ARM.Collect$$$$0000000E  mc_w.l(entry12b.o)
    0x080001dc   0x080001dc   0x00000000   Code   RO         6778    .ARM.Collect$$$$0000000F  mc_w.l(entry10a.o)
    0x080001dc   0x080001dc   0x00000000   Code   RO         6780    .ARM.Collect$$$$00000011  mc_w.l(entry11a.o)
    0x080001dc   0x080001dc   0x00000004   Code   RO         6769    .ARM.Collect$$$$00002712  mc_w.l(entry2.o)
    0x080001e0   0x080001e0   0x000000c2   Code   RO         5001    .emb_text           port.o
    0x080002a2   0x080002a2   0x00000002   PAD
    0x080002a4   0x080002a4   0x00000024   Code   RO            4    .text               startup_stm32f750xx.o
    0x080002c8   0x080002c8   0x00000062   Code   RO         6459    .text               mc_w.l(uldiv.o)
    0x0800032a   0x0800032a   0x00000040   Code   RO         6463    .text               mc_w.l(memmovea.o)
    0x0800036a   0x0800036a   0x00000024   Code   RO         6467    .text               mc_w.l(memseta.o)
    0x0800038e   0x0800038e   0x0000001e   Code   RO         6789    .text               mc_w.l(llshl.o)
    0x080003ac   0x080003ac   0x00000020   Code   RO         6791    .text               mc_w.l(llushr.o)
    0x080003cc   0x080003cc   0x00000024   Code   RO         6825    .text               mc_w.l(init.o)
    0x080003f0   0x080003f0   0x0000005e   Code   RO         6845    .text               mc_w.l(__dclz77c.o)
    0x0800044e   0x0800044e   0x00000002   PAD
    0x08000450   0x08000450   0x000001f0   Code   RO         5081    i.Barrier_Bridge    barrier.o
    0x08000640   0x08000640   0x0000010c   Code   RO         5082    i.Barrier_Hill      barrier.o
    0x0800074c   0x0800074c   0x00000160   Code   RO         5083    i.Barrier_WavedPlate  barrier.o
    0x080008ac   0x080008ac   0x00000002   Code   RO          492    i.BusFault_Handler  stm32f7xx_it.o
    0x080008ae   0x080008ae   0x00000002   PAD
    0x080008b0   0x080008b0   0x00000020   Code   RO         5207    i.CarBrake          chassis_api.o
    0x080008d0   0x080008d0   0x0000001c   Code   RO         6246    i.Change360Angle    turn.o
    0x080008ec   0x080008ec   0x0000001c   Code   RO         5208    i.Chassis_ClearMileage  chassis_api.o
    0x08000908   0x08000908   0x00000014   Code   RO         5210    i.Chassis_DisableAntiSnake  chassis_api.o
    0x0800091c   0x0800091c   0x00000010   Code   RO         5211    i.Chassis_DisableLineLostProtection  chassis_api.o
    0x0800092c   0x0800092c   0x00000068   Code   RO         5213    i.Chassis_DriveDistance_Blocking  chassis_api.o
    0x08000994   0x08000994   0x00000010   Code   RO         5214    i.Chassis_EnableAntiSnake  chassis_api.o
    0x080009a4   0x080009a4   0x00000010   Code   RO         5215    i.Chassis_EnableLineLostProtection  chassis_api.o
    0x080009b4   0x080009b4   0x00000010   Code   RO         5216    i.Chassis_EnableRollProtection  chassis_api.o
    0x080009c4   0x080009c4   0x0000000c   Code   RO         5217    i.Chassis_GetMileage  chassis_api.o
    0x080009d0   0x080009d0   0x0000000c   Code   RO         5218    i.Chassis_IsTipoverLocked  chassis_api.o
    0x080009dc   0x080009dc   0x00000048   Code   RO         5219    i.Chassis_MotorControl  chassis_api.o
    0x08000a24   0x08000a24   0x00000124   Code   RO         5220    i.Chassis_Periodic_Update_5ms  chassis_api.o
    0x08000b48   0x08000b48   0x00000030   Code   RO         5222    i.Chassis_SetMode   chassis_api.o
    0x08000b78   0x08000b78   0x0000003c   Code   RO         5223    i.Chassis_SetTargetSpeed  chassis_api.o
    0x08000bb4   0x08000bb4   0x00000088   Code   RO         5224    i.Chassis_Turn_180_Blocking  chassis_api.o
    0x08000c3c   0x08000c3c   0x0000000a   Code   RO         5225    i.Chassis_Turn_By_StopGyro_Blocking  chassis_api.o
    0x08000c46   0x08000c46   0x00000002   PAD
    0x08000c48   0x08000c48   0x00000038   Code   RO         5382    i.Cross             map.o
    0x08000c80   0x08000c80   0x00000048   Code   RO         5867    i.Cross_getline     scaner.o
    0x08000cc8   0x08000cc8   0x0000000e   Code   RO         5383    i.Cross_reset       map.o
    0x08000cd6   0x08000cd6   0x00000002   PAD
    0x08000cd8   0x08000cd8   0x0000000c   Code   RO          493    i.DMA1_Stream1_IRQHandler  stm32f7xx_it.o
    0x08000ce4   0x08000ce4   0x0000000c   Code   RO          494    i.DMA1_Stream3_IRQHandler  stm32f7xx_it.o
    0x08000cf0   0x08000cf0   0x00000028   Code   RO         2279    i.DMA_CalcBaseAndBitshift  stm32f7xx_hal_dma.o
    0x08000d18   0x08000d18   0x00000054   Code   RO         2280    i.DMA_CheckFifoParam  stm32f7xx_hal_dma.o
    0x08000d6c   0x08000d6c   0x00000028   Code   RO         2281    i.DMA_SetConfig     stm32f7xx_hal_dma.o
    0x08000d94   0x08000d94   0x00000002   Code   RO          495    i.DebugMon_Handler  stm32f7xx_it.o
    0x08000d96   0x08000d96   0x00000002   PAD
    0x08000d98   0x08000d98   0x00000078   Code   RO         5719    i.Encoder_init      encoder.o
    0x08000e10   0x08000e10   0x00000004   Code   RO           13    i.Error_Handler     main.o
    0x08000e14   0x08000e14   0x000001d0   Code   RO         5868    i.Get_scaner_error  scaner.o
    0x08000fe4   0x08000fe4   0x000000cc   Code   RO         5869    i.Go_Line           scaner.o
    0x080010b0   0x080010b0   0x00000044   Code   RO         5226    i.GyroStableReset   chassis_api.o
    0x080010f4   0x080010f4   0x00000092   Code   RO         2282    i.HAL_DMA_Abort     stm32f7xx_hal_dma.o
    0x08001186   0x08001186   0x00000024   Code   RO         2283    i.HAL_DMA_Abort_IT  stm32f7xx_hal_dma.o
    0x080011aa   0x080011aa   0x00000004   Code   RO         2285    i.HAL_DMA_GetError  stm32f7xx_hal_dma.o
    0x080011ae   0x080011ae   0x00000002   PAD
    0x080011b0   0x080011b0   0x000001a0   Code   RO         2287    i.HAL_DMA_IRQHandler  stm32f7xx_hal_dma.o
    0x08001350   0x08001350   0x000000d0   Code   RO         2288    i.HAL_DMA_Init      stm32f7xx_hal_dma.o
    0x08001420   0x08001420   0x00000078   Code   RO         2292    i.HAL_DMA_Start_IT  stm32f7xx_hal_dma.o
    0x08001498   0x08001498   0x000001ec   Code   RO         2216    i.HAL_GPIO_Init     stm32f7xx_hal_gpio.o
    0x08001684   0x08001684   0x0000000a   Code   RO         2218    i.HAL_GPIO_ReadPin  stm32f7xx_hal_gpio.o
    0x0800168e   0x0800168e   0x0000000a   Code   RO         2220    i.HAL_GPIO_WritePin  stm32f7xx_hal_gpio.o
    0x08001698   0x08001698   0x0000000c   Code   RO         2657    i.HAL_GetTick       stm32f7xx_hal.o
    0x080016a4   0x080016a4   0x00000010   Code   RO         2663    i.HAL_IncTick       stm32f7xx_hal.o
    0x080016b4   0x080016b4   0x00000016   Code   RO         2664    i.HAL_Init          stm32f7xx_hal.o
    0x080016ca   0x080016ca   0x00000002   PAD
    0x080016cc   0x080016cc   0x00000098   Code   RO          688    i.HAL_InitTick      stm32f7xx_hal_timebase_tim.o
    0x08001764   0x08001764   0x00000038   Code   RO          664    i.HAL_MspInit       stm32f7xx_hal_msp.o
    0x0800179c   0x0800179c   0x0000001a   Code   RO         1729    i.HAL_NVIC_EnableIRQ  stm32f7xx_hal_cortex.o
    0x080017b6   0x080017b6   0x00000002   PAD
    0x080017b8   0x080017b8   0x00000040   Code   RO         1735    i.HAL_NVIC_SetPriority  stm32f7xx_hal_cortex.o
    0x080017f8   0x080017f8   0x00000024   Code   RO         1736    i.HAL_NVIC_SetPriorityGrouping  stm32f7xx_hal_cortex.o
    0x0800181c   0x0800181c   0x0000006c   Code   RO         2556    i.HAL_PWREx_EnableOverDrive  stm32f7xx_hal_pwr_ex.o
    0x08001888   0x08001888   0x000004f8   Code   RO         1977    i.HAL_RCCEx_PeriphCLKConfig  stm32f7xx_hal_rcc_ex.o
    0x08001d80   0x08001d80   0x0000013c   Code   RO         1870    i.HAL_RCC_ClockConfig  stm32f7xx_hal_rcc.o
    0x08001ebc   0x08001ebc   0x00000040   Code   RO         1874    i.HAL_RCC_GetClockConfig  stm32f7xx_hal_rcc.o
    0x08001efc   0x08001efc   0x00000020   Code   RO         1877    i.HAL_RCC_GetPCLK1Freq  stm32f7xx_hal_rcc.o
    0x08001f1c   0x08001f1c   0x00000020   Code   RO         1878    i.HAL_RCC_GetPCLK2Freq  stm32f7xx_hal_rcc.o
    0x08001f3c   0x08001f3c   0x00000060   Code   RO         1879    i.HAL_RCC_GetSysClockFreq  stm32f7xx_hal_rcc.o
    0x08001f9c   0x08001f9c   0x0000036c   Code   RO         1882    i.HAL_RCC_OscConfig  stm32f7xx_hal_rcc.o
    0x08002308   0x08002308   0x00000002   Code   RO         1443    i.HAL_TIMEx_Break2Callback  stm32f7xx_hal_tim_ex.o
    0x0800230a   0x0800230a   0x00000002   Code   RO         1444    i.HAL_TIMEx_BreakCallback  stm32f7xx_hal_tim_ex.o
    0x0800230c   0x0800230c   0x00000002   Code   RO         1445    i.HAL_TIMEx_CommutCallback  stm32f7xx_hal_tim_ex.o
    0x0800230e   0x0800230e   0x00000002   PAD
    0x08002310   0x08002310   0x0000008c   Code   RO         1447    i.HAL_TIMEx_ConfigBreakDeadTime  stm32f7xx_hal_tim_ex.o
    0x0800239c   0x0800239c   0x000000a4   Code   RO         1464    i.HAL_TIMEx_MasterConfigSynchronization  stm32f7xx_hal_tim_ex.o
    0x08002440   0x08002440   0x00000062   Code   RO          729    i.HAL_TIM_Base_Init  stm32f7xx_hal_tim.o
    0x080024a2   0x080024a2   0x00000002   PAD
    0x080024a4   0x080024a4   0x000000e8   Code   RO          319    i.HAL_TIM_Base_MspInit  tim.o
    0x0800258c   0x0800258c   0x00000080   Code   RO          732    i.HAL_TIM_Base_Start  stm32f7xx_hal_tim.o
    0x0800260c   0x0800260c   0x0000008c   Code   RO          734    i.HAL_TIM_Base_Start_IT  stm32f7xx_hal_tim.o
    0x08002698   0x08002698   0x000000e0   Code   RO          738    i.HAL_TIM_ConfigClockSource  stm32f7xx_hal_tim.o
    0x08002778   0x08002778   0x000000b0   Code   RO          750    i.HAL_TIM_Encoder_Init  stm32f7xx_hal_tim.o
    0x08002828   0x08002828   0x000001b4   Code   RO          321    i.HAL_TIM_Encoder_MspInit  tim.o
    0x080029dc   0x080029dc   0x00000092   Code   RO          753    i.HAL_TIM_Encoder_Start  stm32f7xx_hal_tim.o
    0x08002a6e   0x08002a6e   0x00000002   Code   RO          763    i.HAL_TIM_IC_CaptureCallback  stm32f7xx_hal_tim.o
    0x08002a70   0x08002a70   0x0000014a   Code   RO          777    i.HAL_TIM_IRQHandler  stm32f7xx_hal_tim.o
    0x08002bba   0x08002bba   0x00000002   PAD
    0x08002bbc   0x08002bbc   0x000000b4   Code   RO          322    i.HAL_TIM_MspPostInit  tim.o
    0x08002c70   0x08002c70   0x00000002   Code   RO          780    i.HAL_TIM_OC_DelayElapsedCallback  stm32f7xx_hal_tim.o
    0x08002c72   0x08002c72   0x00000124   Code   RO          801    i.HAL_TIM_PWM_ConfigChannel  stm32f7xx_hal_tim.o
    0x08002d96   0x08002d96   0x00000062   Code   RO          804    i.HAL_TIM_PWM_Init  stm32f7xx_hal_tim.o
    0x08002df8   0x08002df8   0x00000002   Code   RO          806    i.HAL_TIM_PWM_MspInit  stm32f7xx_hal_tim.o
    0x08002dfa   0x08002dfa   0x00000002   Code   RO          807    i.HAL_TIM_PWM_PulseFinishedCallback  stm32f7xx_hal_tim.o
    0x08002dfc   0x08002dfc   0x00000100   Code   RO          809    i.HAL_TIM_PWM_Start  stm32f7xx_hal_tim.o
    0x08002efc   0x08002efc   0x00000014   Code   RO           14    i.HAL_TIM_PeriodElapsedCallback  main.o
    0x08002f10   0x08002f10   0x00000002   Code   RO          820    i.HAL_TIM_TriggerCallback  stm32f7xx_hal_tim.o
    0x08002f12   0x08002f12   0x00000002   Code   RO         2957    i.HAL_UARTEx_RxEventCallback  stm32f7xx_hal_uart.o
    0x08002f14   0x08002f14   0x0000008e   Code   RO         2969    i.HAL_UART_DMAStop  stm32f7xx_hal_uart.o
    0x08002fa2   0x08002fa2   0x00000002   Code   RO         2973    i.HAL_UART_ErrorCallback  stm32f7xx_hal_uart.o
    0x08002fa4   0x08002fa4   0x000002ac   Code   RO         2976    i.HAL_UART_IRQHandler  stm32f7xx_hal_uart.o
    0x08003250   0x08003250   0x00000066   Code   RO         2977    i.HAL_UART_Init     stm32f7xx_hal_uart.o
    0x080032b6   0x080032b6   0x00000002   PAD
    0x080032b8   0x080032b8   0x00000348   Code   RO          421    i.HAL_UART_MspInit  usart.o
    0x08003600   0x08003600   0x0000003c   Code   RO         2981    i.HAL_UART_Receive_DMA  stm32f7xx_hal_uart.o
    0x0800363c   0x0800363c   0x00000002   Code   RO         2984    i.HAL_UART_RxCpltCallback  stm32f7xx_hal_uart.o
    0x0800363e   0x0800363e   0x00000002   Code   RO         2985    i.HAL_UART_RxHalfCpltCallback  stm32f7xx_hal_uart.o
    0x08003640   0x08003640   0x00000002   Code   RO         2989    i.HAL_UART_TxCpltCallback  stm32f7xx_hal_uart.o
    0x08003642   0x08003642   0x00000002   Code   RO          496    i.HardFault_Handler  stm32f7xx_it.o
    0x08003644   0x08003644   0x00000168   Code   RO         5870    i.Line_Scan         scaner.o
    0x080037ac   0x080037ac   0x0000003c   Code   RO          294    i.MX_DMA_Init       dma.o
    0x080037e8   0x080037e8   0x00000020   Code   RO          251    i.MX_FREERTOS_Init  freertos.o
    0x08003808   0x08003808   0x00000104   Code   RO          227    i.MX_GPIO_Init      gpio.o
    0x0800390c   0x0800390c   0x00000038   Code   RO          323    i.MX_TIM11_Init     tim.o
    0x08003944   0x08003944   0x00000074   Code   RO          324    i.MX_TIM1_Init      tim.o
    0x080039b8   0x080039b8   0x0000006c   Code   RO          325    i.MX_TIM2_Init      tim.o
    0x08003a24   0x08003a24   0x00000070   Code   RO          326    i.MX_TIM3_Init      tim.o
    0x08003a94   0x08003a94   0x000000cc   Code   RO          327    i.MX_TIM4_Init      tim.o
    0x08003b60   0x08003b60   0x00000070   Code   RO          328    i.MX_TIM5_Init      tim.o
    0x08003bd0   0x08003bd0   0x000000e8   Code   RO          329    i.MX_TIM8_Init      tim.o
    0x08003cb8   0x08003cb8   0x00000094   Code   RO          330    i.MX_TIM9_Init      tim.o
    0x08003d4c   0x08003d4c   0x0000003c   Code   RO          422    i.MX_UART5_Init     usart.o
    0x08003d88   0x08003d88   0x0000003c   Code   RO          423    i.MX_UART7_Init     usart.o
    0x08003dc4   0x08003dc4   0x0000003c   Code   RO          424    i.MX_UART8_Init     usart.o
    0x08003e00   0x08003e00   0x0000003c   Code   RO          425    i.MX_USART1_UART_Init  usart.o
    0x08003e3c   0x08003e3c   0x0000003c   Code   RO          426    i.MX_USART2_UART_Init  usart.o
    0x08003e78   0x08003e78   0x0000003c   Code   RO          427    i.MX_USART3_UART_Init  usart.o
    0x08003eb4   0x08003eb4   0x00000002   Code   RO          497    i.MemManage_Handler  stm32f7xx_it.o
    0x08003eb6   0x08003eb6   0x00000002   Code   RO          498    i.NMI_Handler       stm32f7xx_it.o
    0x08003eb8   0x08003eb8   0x000000d0   Code   RO         5227    i.RampCtrl_Blocking  chassis_api.o
    0x08003f88   0x08003f88   0x0000023c   Code   RO         5084    i.Stage             barrier.o
    0x080041c4   0x080041c4   0x00000030   Code   RO         5228    i.Stage_DetectedRamp  chassis_api.o
    0x080041f4   0x080041f4   0x0000014c   Code   RO         5085    i.Stage_P2          barrier.o
    0x08004340   0x08004340   0x00000094   Code   RO         6247    i.Stage_turn_Angle  turn.o
    0x080043d4   0x080043d4   0x00000008   Code   RO          252    i.StartDefaultTask  freertos.o
    0x080043dc   0x080043dc   0x0000001c   Code   RO         6216    i.Start_task        temporary_task.o
    0x080043f8   0x080043f8   0x00000028   Code   RO         6163    i.Start_task_create  task_create.o
    0x08004420   0x08004420   0x00000030   Code   RO         5002    i.SysTick_Handler   port.o
    0x08004450   0x08004450   0x0000009c   Code   RO           15    i.SystemClock_Config  main.o
    0x080044ec   0x080044ec   0x00000010   Code   RO         3395    i.SystemInit        system_stm32f7xx.o
    0x080044fc   0x080044fc   0x0000001c   Code   RO          499    i.TIM1_BRK_TIM9_IRQHandler  stm32f7xx_it.o
    0x08004518   0x08004518   0x0000000c   Code   RO          500    i.TIM1_CC_IRQHandler  stm32f7xx_it.o
    0x08004524   0x08004524   0x0000001c   Code   RO          501    i.TIM1_TRG_COM_TIM11_IRQHandler  stm32f7xx_it.o
    0x08004540   0x08004540   0x0000000c   Code   RO          502    i.TIM1_UP_TIM10_IRQHandler  stm32f7xx_it.o
    0x0800454c   0x0800454c   0x0000000c   Code   RO          503    i.TIM2_IRQHandler   stm32f7xx_it.o
    0x08004558   0x08004558   0x0000000c   Code   RO          504    i.TIM3_IRQHandler   stm32f7xx_it.o
    0x08004564   0x08004564   0x0000000c   Code   RO          505    i.TIM4_IRQHandler   stm32f7xx_it.o
    0x08004570   0x08004570   0x0000000c   Code   RO          506    i.TIM5_IRQHandler   stm32f7xx_it.o
    0x0800457c   0x0800457c   0x0000001c   Code   RO         6378    i.TIM7_IRQHandler   delay.o
    0x08004598   0x08004598   0x0000000c   Code   RO          507    i.TIM8_BRK_TIM12_IRQHandler  stm32f7xx_it.o
    0x080045a4   0x080045a4   0x0000000c   Code   RO          508    i.TIM8_CC_IRQHandler  stm32f7xx_it.o
    0x080045b0   0x080045b0   0x0000001c   Code   RO          509    i.TIM8_TRG_COM_TIM14_IRQHandler  stm32f7xx_it.o
    0x080045cc   0x080045cc   0x0000000c   Code   RO          510    i.TIM8_UP_TIM13_IRQHandler  stm32f7xx_it.o
    0x080045d8   0x080045d8   0x000000d0   Code   RO          822    i.TIM_Base_SetConfig  stm32f7xx_hal_tim.o
    0x080046a8   0x080046a8   0x0000001a   Code   RO          823    i.TIM_CCxChannelCmd  stm32f7xx_hal_tim.o
    0x080046c2   0x080046c2   0x00000014   Code   RO          833    i.TIM_ETR_SetConfig  stm32f7xx_hal_tim.o
    0x080046d6   0x080046d6   0x00000010   Code   RO          834    i.TIM_ITRx_SetConfig  stm32f7xx_hal_tim.o
    0x080046e6   0x080046e6   0x00000002   PAD
    0x080046e8   0x080046e8   0x00000068   Code   RO          835    i.TIM_OC1_SetConfig  stm32f7xx_hal_tim.o
    0x08004750   0x08004750   0x00000074   Code   RO          836    i.TIM_OC2_SetConfig  stm32f7xx_hal_tim.o
    0x080047c4   0x080047c4   0x00000070   Code   RO          837    i.TIM_OC3_SetConfig  stm32f7xx_hal_tim.o
    0x08004834   0x08004834   0x00000058   Code   RO          838    i.TIM_OC4_SetConfig  stm32f7xx_hal_tim.o
    0x0800488c   0x0800488c   0x00000050   Code   RO          839    i.TIM_OC5_SetConfig  stm32f7xx_hal_tim.o
    0x080048dc   0x080048dc   0x00000054   Code   RO          840    i.TIM_OC6_SetConfig  stm32f7xx_hal_tim.o
    0x08004930   0x08004930   0x00000022   Code   RO          842    i.TIM_TI1_ConfigInputStage  stm32f7xx_hal_tim.o
    0x08004952   0x08004952   0x00000024   Code   RO          844    i.TIM_TI2_ConfigInputStage  stm32f7xx_hal_tim.o
    0x08004976   0x08004976   0x00000002   PAD
    0x08004978   0x08004978   0x000000a8   Code   RO         6248    i.Turn360Step       turn.o
    0x08004a20   0x08004a20   0x0000003e   Code   RO         6249    i.Turn_Angle        turn.o
    0x08004a5e   0x08004a5e   0x00000002   PAD
    0x08004a60   0x08004a60   0x0000000c   Code   RO          511    i.UART5_IRQHandler  stm32f7xx_it.o
    0x08004a6c   0x08004a6c   0x0000000c   Code   RO          512    i.UART7_IRQHandler  stm32f7xx_it.o
    0x08004a78   0x08004a78   0x0000000c   Code   RO          513    i.UART8_IRQHandler  stm32f7xx_it.o
    0x08004a84   0x08004a84   0x000000c8   Code   RO         2991    i.UART_AdvFeatureConfig  stm32f7xx_hal_uart.o
    0x08004b4c   0x08004b4c   0x0000005c   Code   RO         2992    i.UART_CheckIdleState  stm32f7xx_hal_uart.o
    0x08004ba8   0x08004ba8   0x00000010   Code   RO         2993    i.UART_DMAAbortOnError  stm32f7xx_hal_uart.o
    0x08004bb8   0x08004bb8   0x0000004e   Code   RO         2994    i.UART_DMAError     stm32f7xx_hal_uart.o
    0x08004c06   0x08004c06   0x0000009e   Code   RO         2995    i.UART_DMAReceiveCplt  stm32f7xx_hal_uart.o
    0x08004ca4   0x08004ca4   0x0000003c   Code   RO         2997    i.UART_DMARxHalfCplt  stm32f7xx_hal_uart.o
    0x08004ce0   0x08004ce0   0x0000004c   Code   RO         3003    i.UART_EndRxTransfer  stm32f7xx_hal_uart.o
    0x08004d2c   0x08004d2c   0x00000018   Code   RO         3004    i.UART_EndTxTransfer  stm32f7xx_hal_uart.o
    0x08004d44   0x08004d44   0x00000234   Code   RO         3007    i.UART_SetConfig    stm32f7xx_hal_uart.o
    0x08004f78   0x08004f78   0x000000a0   Code   RO         3008    i.UART_Start_Receive_DMA  stm32f7xx_hal_uart.o
    0x08005018   0x08005018   0x00000092   Code   RO         3012    i.UART_WaitOnFlagUntilTimeout  stm32f7xx_hal_uart.o
    0x080050aa   0x080050aa   0x00000002   PAD
    0x080050ac   0x080050ac   0x0000000c   Code   RO          514    i.USART1_IRQHandler  stm32f7xx_it.o
    0x080050b8   0x080050b8   0x0000000c   Code   RO          515    i.USART2_IRQHandler  stm32f7xx_it.o
    0x080050c4   0x080050c4   0x00000118   Code   RO         5813    i.USART3_IRQHandler  imu.o
    0x080051dc   0x080051dc   0x00000002   Code   RO          516    i.UsageFault_Handler  stm32f7xx_it.o
    0x080051de   0x080051de   0x00000020   Code   RO         1742    i.__NVIC_SetPriority  stm32f7xx_hal_cortex.o
    0x080051fe   0x080051fe   0x0000000e   Code   RO         6839    i.__scatterload_copy  mc_w.l(handlers.o)
    0x0800520c   0x0800520c   0x00000002   Code   RO         6840    i.__scatterload_null  mc_w.l(handlers.o)
    0x0800520e   0x0800520e   0x0000000e   Code   RO         6841    i.__scatterload_zeroinit  mc_w.l(handlers.o)
    0x0800521c   0x0800521c   0x00000038   Code   RO         5229    i.anti_snake_restore_pid  chassis_api.o
    0x08005254   0x08005254   0x0000009c   Code   RO         6034    i.apply_speed_pid_params  motor_task.o
    0x080052f0   0x080052f0   0x0000003c   Code   RO         5086    i.barrier_done      barrier.o
    0x0800532c   0x0800532c   0x00000034   Code   RO         5087    i.bridge_norm_angle  barrier.o
    0x08005360   0x08005360   0x00000098   Code   RO         5088    i.bridge_red_correct  barrier.o
    0x080053f8   0x080053f8   0x000000a8   Code   RO         5230    i.chassis_turn_blocking  chassis_api.o
    0x080054a0   0x080054a0   0x0000001c   Code   RO         6035    i.check_speed_range  motor_task.o
    0x080054bc   0x080054bc   0x0000001e   Code   RO         6250    i.clampf            turn.o
    0x080054da   0x080054da   0x00000012   Code   RO         6164    i.create_task       task_create.o
    0x080054ec   0x080054ec   0x00000088   Code   RO         5384    i.cross_arrive_slowdown  map.o
    0x08005574   0x08005574   0x00000048   Code   RO         5385    i.cross_line_init   map.o
    0x080055bc   0x080055bc   0x0000000e   Code   RO         5386    i.cross_line_protect_off  map.o
    0x080055ca   0x080055ca   0x0000000e   Code   RO         5387    i.cross_line_protect_on  map.o
    0x080055d8   0x080055d8   0x0000009c   Code   RO         5388    i.cross_line_update  map.o
    0x08005674   0x08005674   0x000000c4   Code   RO         5389    i.cross_node_advance  map.o
    0x08005738   0x08005738   0x00000068   Code   RO         5390    i.cross_track_switch  map.o
    0x080057a0   0x080057a0   0x00000108   Code   RO         5391    i.cross_turn_update  map.o
    0x080058a8   0x080058a8   0x000000ae   Code   RO         5392    i.deal_arrive       map.o
    0x08005956   0x08005956   0x00000002   PAD
    0x08005958   0x08005958   0x00000018   Code   RO         6340    i.debug_uart_tick   debug_uart.o
    0x08005970   0x08005970   0x00000058   Code   RO         6379    i.delay_init        delay.o
    0x080059c8   0x080059c8   0x0000001c   Code   RO         6380    i.delay_ms          delay.o
    0x080059e4   0x080059e4   0x00000014   Code   RO         6381    i.delay_us          delay.o
    0x080059f8   0x080059f8   0x00000034   Code   RO         5720    i.encoder_clear     encoder.o
    0x08005a2c   0x08005a2c   0x000000e8   Code   RO         5549    i.filter            filter.o
    0x08005b14   0x08005b14   0x00000044   Code   RO         6251    i.getAngleZ         turn.o
    0x08005b58   0x08005b58   0x00000038   Code   RO         5393    i.getNextConnectNode  map.o
    0x08005b90   0x08005b90   0x00000002   Code   RO         5786    i.get_Infrared      bsp_linefollower.o
    0x08005b92   0x08005b92   0x00000002   PAD
    0x08005b94   0x08005b94   0x00000010   Code   RO         5873    i.get_detail        scaner.o
    0x08005ba4   0x08005ba4   0x00000114   Code   RO         6036    i.get_motor_speed   motor_task.o
    0x08005cb8   0x08005cb8   0x00000020   Code   RO         5874    i.getline_error     scaner.o
    0x08005cd8   0x08005cd8   0x00000040   Code   RO         6252    i.gradual_cal       turn.o
    0x08005d18   0x08005d18   0x00000024   Code   RO         5814    i.imu_receive_init  imu.o
    0x08005d3c   0x08005d3c   0x000000fc   Code   RO         5582    i.incremental_PID   pid.o
    0x08005e38   0x08005e38   0x00000020   Code   RO         5089    i.line_mode_reset   barrier.o
    0x08005e58   0x08005e58   0x000000cc   Code   RO         5231    i.line_pid_by_speed  chassis_api.o
    0x08005f24   0x08005f24   0x0000005e   Code   RO           16    i.main              main.o
    0x08005f82   0x08005f82   0x00000002   PAD
    0x08005f84   0x08005f84   0x0000003c   Code   RO         5997    i.main_task         main_task.o
    0x08005fc0   0x08005fc0   0x0000002c   Code   RO         6165    i.main_task_create  task_create.o
    0x08005fec   0x08005fec   0x00000070   Code   RO         5394    i.mapInit           map.o
    0x0800605c   0x0800605c   0x00000048   Code   RO         5396    i.map_function      map.o
    0x080060a4   0x080060a4   0x0000004c   Code   RO         6037    i.mode_inh_g2l      motor_task.o
    0x080060f0   0x080060f0   0x00000044   Code   RO         6038    i.mode_inh_l2g      motor_task.o
    0x08006134   0x08006134   0x00000078   Code   RO         6039    i.mode_on_change    motor_task.o
    0x080061ac   0x080061ac   0x0000002c   Code   RO         6040    i.mode_zero_gyro    motor_task.o
    0x080061d8   0x080061d8   0x0000002c   Code   RO         6041    i.mode_zero_line    motor_task.o
    0x08006204   0x08006204   0x00000020   Code   RO         6042    i.mode_zero_turn    motor_task.o
    0x08006224   0x08006224   0x000000a4   Code   RO         6043    i.motor_apply_pid   motor_task.o
    0x080062c8   0x080062c8   0x00000068   Code   RO         5756    i.motor_init        motor.o
    0x08006330   0x08006330   0x0000005c   Code   RO         5583    i.motor_pid_clear   pid.o
    0x0800638c   0x0800638c   0x000000a0   Code   RO         5757    i.motor_set_pwm     motor.o
    0x0800642c   0x0800642c   0x000000b0   Code   RO         6044    i.motor_stop_all    motor_task.o
    0x080064dc   0x080064dc   0x000000a4   Code   RO         6045    i.motor_task        motor_task.o
    0x08006580   0x08006580   0x0000002c   Code   RO         6166    i.motor_task_create  task_create.o
    0x080065ac   0x080065ac   0x000000d4   Code   RO         6046    i.motor_update_pid_mode  motor_task.o
    0x08006680   0x08006680   0x00000120   Code   RO         6047    i.motor_update_targets  motor_task.o
    0x080067a0   0x080067a0   0x00000040   Code   RO         5815    i.mpuZreset         imu.o
    0x080067e0   0x080067e0   0x00000038   Code   RO         5397    i.need2turn         map.o
    0x08006818   0x08006818   0x00000038   Code   RO         6253    i.need2turn         turn.o
    0x08006850   0x08006850   0x00000034   Code   RO         4522    i.osDelay           cmsis_os2.o
    0x08006884   0x08006884   0x00000034   Code   RO         4536    i.osKernelInitialize  cmsis_os2.o
    0x080068b8   0x080068b8   0x0000003c   Code   RO         4539    i.osKernelStart     cmsis_os2.o
    0x080068f4   0x080068f4   0x000000a4   Code   RO         4572    i.osThreadNew       cmsis_os2.o
    0x08006998   0x08006998   0x000001a0   Code   RO         5584    i.pid_init          pid.o
    0x08006b38   0x08006b38   0x00000040   Code   RO         6048    i.pid_mode_switch   motor_task.o
    0x08006b78   0x08006b78   0x000000e0   Code   RO         5586    i.positional_PID    pid.o
    0x08006c58   0x08006c58   0x0000005c   Code   RO         4003    i.prvAddCurrentTaskToDelayedList  tasks.o
    0x08006cb4   0x08006cb4   0x000000d0   Code   RO         4004    i.prvAddNewTaskToReadyList  tasks.o
    0x08006d84   0x08006d84   0x00000058   Code   RO         4356    i.prvCheckForValidListAndQueue  timers.o
    0x08006ddc   0x08006ddc   0x00000026   Code   RO         3600    i.prvCopyDataFromQueue  queue.o
    0x08006e02   0x08006e02   0x0000006c   Code   RO         3601    i.prvCopyDataToQueue  queue.o
    0x08006e6e   0x08006e6e   0x00000038   Code   RO         4005    i.prvDeleteTCB      tasks.o
    0x08006ea6   0x08006ea6   0x00000002   PAD
    0x08006ea8   0x08006ea8   0x0000004c   Code   RO         4952    i.prvHeapInit       heap_4.o
    0x08006ef4   0x08006ef4   0x0000005c   Code   RO         4006    i.prvIdleTask       tasks.o
    0x08006f50   0x08006f50   0x00000020   Code   RO         3603    i.prvInitialiseNewQueue  queue.o
    0x08006f70   0x08006f70   0x000000ae   Code   RO         4007    i.prvInitialiseNewTask  tasks.o
    0x0800701e   0x0800701e   0x00000002   PAD
    0x08007020   0x08007020   0x0000004c   Code   RO         4953    i.prvInsertBlockIntoFreeList  heap_4.o
    0x0800706c   0x0800706c   0x00000038   Code   RO         4358    i.prvInsertTimerInActiveList  timers.o
    0x080070a4   0x080070a4   0x0000001a   Code   RO         3604    i.prvIsQueueEmpty   queue.o
    0x080070be   0x080070be   0x00000002   PAD
    0x080070c0   0x080070c0   0x00000100   Code   RO         4359    i.prvProcessReceivedCommands  timers.o
    0x080071c0   0x080071c0   0x000000c4   Code   RO         4360    i.prvProcessTimerOrBlockTask  timers.o
    0x08007284   0x08007284   0x00000020   Code   RO         4009    i.prvResetNextTaskUnblockTime  tasks.o
    0x080072a4   0x080072a4   0x00000028   Code   RO         4361    i.prvSampleTimeNow  timers.o
    0x080072cc   0x080072cc   0x00000070   Code   RO         4362    i.prvSwitchTimerLists  timers.o
    0x0800733c   0x0800733c   0x00000030   Code   RO         5003    i.prvTaskExitError  port.o
    0x0800736c   0x0800736c   0x00000028   Code   RO         4363    i.prvTimerTask      timers.o
    0x08007394   0x08007394   0x0000006a   Code   RO         3605    i.prvUnlockQueue    queue.o
    0x080073fe   0x080073fe   0x00000002   PAD
    0x08007400   0x08007400   0x000000e4   Code   RO         4954    i.pvPortMalloc      heap_4.o
    0x080074e4   0x080074e4   0x0000002c   Code   RO         5004    i.pxPortInitialiseStack  port.o
    0x08007510   0x08007510   0x000000e8   Code   RO         5877    i.read_gpio_16ch    scaner.o
    0x080075f8   0x080075f8   0x00000020   Code   RO         5232    i.roll_offset       chassis_api.o
    0x08007618   0x08007618   0x00000010   Code   RO         5398    i.route_arrived     map.o
    0x08007628   0x08007628   0x0000001c   Code   RO         5399    i.route_is_p2_to_n2  map.o
    0x08007644   0x08007644   0x0000002c   Code   RO         5400    i.route_need_turn   map.o
    0x08007670   0x08007670   0x00000010   Code   RO         5401    i.route_phase_reset  map.o
    0x08007680   0x08007680   0x00000088   Code   RO         6254    i.runWithAngle      turn.o
    0x08007708   0x08007708   0x000000fc   Code   RO         5878    i.scan_center_line  scaner.o
    0x08007804   0x08007804   0x0000006c   Code   RO         5879    i.scan_left_line    scaner.o
    0x08007870   0x08007870   0x00000100   Code   RO         5880    i.scan_liushui_line  scaner.o
    0x08007970   0x08007970   0x00000064   Code   RO         5881    i.scan_right_line   scaner.o
    0x080079d4   0x080079d4   0x000000a4   Code   RO         5882    i.scaner_gpio_init  scaner.o
    0x08007a78   0x08007a78   0x00000014   Code   RO         5883    i.scaner_init       scaner.o
    0x08007a8c   0x08007a8c   0x000000bc   Code   RO         6050    i.set_motor_target  motor_task.o
    0x08007b48   0x08007b48   0x0000005c   Code   RO         6051    i.set_motor_target_now  motor_task.o
    0x08007ba4   0x08007ba4   0x000000c8   Code   RO         5090    i.stage_line_ramp_ctrl  barrier.o
    0x08007c6c   0x08007c6c   0x0000009c   Code   RO         6255    i.turn_apply_speed  turn.o
    0x08007d08   0x08007d08   0x00000028   Code   RO         6256    i.turn_done_stop    turn.o
    0x08007d30   0x08007d30   0x0000007c   Code   RO         6257    i.turn_prepare_measure  turn.o
    0x08007dac   0x08007dac   0x000000a8   Code   RO         6217    i.user_init         temporary_task.o
    0x08007e54   0x08007e54   0x00000026   Code   RO         3560    i.uxListRemove      list.o
    0x08007e7a   0x08007e7a   0x00000002   PAD
    0x08007e7c   0x08007e7c   0x00000018   Code   RO         4584    i.vApplicationGetIdleTaskMemory  cmsis_os2.o
    0x08007e94   0x08007e94   0x00000018   Code   RO         4585    i.vApplicationGetTimerTaskMemory  cmsis_os2.o
    0x08007eac   0x08007eac   0x00000016   Code   RO         3561    i.vListInitialise   list.o
    0x08007ec2   0x08007ec2   0x00000006   Code   RO         3562    i.vListInitialiseItem  list.o
    0x08007ec8   0x08007ec8   0x00000030   Code   RO         3563    i.vListInsert       list.o
    0x08007ef8   0x08007ef8   0x00000018   Code   RO         3564    i.vListInsertEnd    list.o
    0x08007f10   0x08007f10   0x00000048   Code   RO         5006    i.vPortEnterCritical  port.o
    0x08007f58   0x08007f58   0x0000002c   Code   RO         5007    i.vPortExitCritical  port.o
    0x08007f84   0x08007f84   0x00000064   Code   RO         4955    i.vPortFree         heap_4.o
    0x08007fe8   0x08007fe8   0x00000024   Code   RO         5008    i.vPortSetupTimerInterrupt  port.o
    0x0800800c   0x0800800c   0x0000005c   Code   RO         5009    i.vPortValidateInterruptPriority  port.o
    0x08008068   0x08008068   0x00000024   Code   RO         3611    i.vQueueAddToRegistry  queue.o
    0x0800808c   0x0800808c   0x00000044   Code   RO         3615    i.vQueueWaitForMessageRestricted  queue.o
    0x080080d0   0x080080d0   0x00000050   Code   RO         4021    i.vTaskDelay        tasks.o
    0x08008120   0x08008120   0x0000009c   Code   RO         4022    i.vTaskDelayUntil   tasks.o
    0x080081bc   0x080081bc   0x00000094   Code   RO         4023    i.vTaskDelete       tasks.o
    0x08008250   0x08008250   0x00000010   Code   RO         4026    i.vTaskInternalSetTimeOutState  tasks.o
    0x08008260   0x08008260   0x0000000c   Code   RO         4027    i.vTaskMissedYield  tasks.o
    0x0800826c   0x0800826c   0x00000034   Code   RO         4029    i.vTaskPlaceOnEventList  tasks.o
    0x080082a0   0x080082a0   0x0000003c   Code   RO         4030    i.vTaskPlaceOnEventListRestricted  tasks.o
    0x080082dc   0x080082dc   0x0000008c   Code   RO         4038    i.vTaskStartScheduler  tasks.o
    0x08008368   0x08008368   0x00000010   Code   RO         4040    i.vTaskSuspendAll   tasks.o
    0x08008378   0x08008378   0x00000068   Code   RO         4041    i.vTaskSwitchContext  tasks.o
    0x080083e0   0x080083e0   0x000000c4   Code   RO         5010    i.xPortStartScheduler  port.o
    0x080084a4   0x080084a4   0x00000076   Code   RO         3621    i.xQueueGenericCreateStatic  queue.o
    0x0800851a   0x0800851a   0x00000002   PAD
    0x0800851c   0x0800851c   0x0000008c   Code   RO         3622    i.xQueueGenericReset  queue.o
    0x080085a8   0x080085a8   0x00000174   Code   RO         3623    i.xQueueGenericSend  queue.o
    0x0800871c   0x0800871c   0x000000cc   Code   RO         3624    i.xQueueGenericSendFromISR  queue.o
    0x080087e8   0x080087e8   0x00000144   Code   RO         3633    i.xQueueReceive     queue.o
    0x0800892c   0x0800892c   0x0000007c   Code   RO         4042    i.xTaskCheckForTimeOut  tasks.o
    0x080089a8   0x080089a8   0x0000005a   Code   RO         4043    i.xTaskCreate       tasks.o
    0x08008a02   0x08008a02   0x00000062   Code   RO         4044    i.xTaskCreateStatic  tasks.o
    0x08008a64   0x08008a64   0x0000001c   Code   RO         4048    i.xTaskGetSchedulerState  tasks.o
    0x08008a80   0x08008a80   0x0000000c   Code   RO         4049    i.xTaskGetTickCount  tasks.o
    0x08008a8c   0x08008a8c   0x000000cc   Code   RO         4051    i.xTaskIncrementTick  tasks.o
    0x08008b58   0x08008b58   0x00000084   Code   RO         4054    i.xTaskPriorityDisinherit  tasks.o
    0x08008bdc   0x08008bdc   0x00000074   Code   RO         4056    i.xTaskRemoveFromEventList  tasks.o
    0x08008c50   0x08008c50   0x000000c4   Code   RO         4057    i.xTaskResumeAll    tasks.o
    0x08008d14   0x08008d14   0x00000064   Code   RO         4371    i.xTimerCreateTimerTask  timers.o
    0x08008d78   0x08008d78   0x00000068   Code   RO         4372    i.xTimerGenericCommand  timers.o
    0x08008de0   0x08008de0   0x0000012c   Code   RO         5091    i.zhunbei           barrier.o
    0x08008f0c   0x08008f0c   0x00000024   Data   RO          253    .constdata          freertos.o
    0x08008f30   0x08008f30   0x00000008   Data   RO         2294    .constdata          stm32f7xx_hal_dma.o
    0x08008f38   0x08008f38   0x00000010   Data   RO         3396    .constdata          system_stm32f7xx.o
    0x08008f48   0x08008f48   0x00000008   Data   RO         3397    .constdata          system_stm32f7xx.o
    0x08008f50   0x08008f50   0x00000040   Data   RO         5886    .constdata          scaner.o
    0x08008f90   0x08008f90   0x00000060   Data   RO         6053    .constdata          motor_task.o
    0x08008ff0   0x08008ff0   0x0000000c   Data   RO          254    .conststring        freertos.o
    0x08008ffc   0x08008ffc   0x00000020   Data   RO         6837    Region$$Table       anon$$obj.o


    Execution Region RW_IRAM1 (Exec base: 0x20000000, Load base: 0x0800901c, Size: 0x0000ef60, Max: 0x00050000, ABSOLUTE, COMPRESSED[0x00000528])

    Exec Addr    Load Addr    Size         Type   Attr      Idx    E Section Name        Object

    0x20000000   COMPRESSED   0x00000004   Data   RW          255    .data               freertos.o
    0x20000004   COMPRESSED   0x0000000c   Data   RW         2671    .data               stm32f7xx_hal.o
    0x20000010   COMPRESSED   0x00000004   Data   RW         3398    .data               system_stm32f7xx.o
    0x20000014   COMPRESSED   0x0000003c   Data   RW         4060    .data               tasks.o
    0x20000050   COMPRESSED   0x00000014   Data   RW         4380    .data               timers.o
    0x20000064   COMPRESSED   0x00000004   Data   RW         4587    .data               cmsis_os2.o
    0x20000068   COMPRESSED   0x00000018   Data   RW         4960    .data               heap_4.o
    0x20000080   COMPRESSED   0x0000000c   Data   RW         5011    .data               port.o
    0x2000008c   COMPRESSED   0x00000008   Data   RW         5092    .data               barrier.o
    0x20000094   COMPRESSED   0x00000069   Data   RW         5403    .data               map.o
    0x200000fd   COMPRESSED   0x00000003   PAD
    0x20000100   COMPRESSED   0x00000bd0   Data   RW         5522    .data               map_message.o
    0x20000cd0   COMPRESSED   0x00000034   Data   RW         5523    .data               map_message.o
    0x20000d04   COMPRESSED   0x00000035   Data   RW         5524    .data               map_message.o
    0x20000d39   COMPRESSED   0x00000001   Data   RW         5551    .data               filter.o
    0x20000d3a   COMPRESSED   0x00000003   Data   RW         5552    .data               filter.o
    0x20000d3d   COMPRESSED   0x00000001   PAD
    0x20000d3e   COMPRESSED   0x00000008   Data   RW         5722    .data               encoder.o
    0x20000d46   COMPRESSED   0x00000001   Data   RW         5787    .data               bsp_linefollower.o
    0x20000d47   COMPRESSED   0x00000001   PAD
    0x20000d48   COMPRESSED   0x00000004   Data   RW         5817    .data               imu.o
    0x20000d4c   COMPRESSED   0x00000004   Data   RW         5818    .data               imu.o
    0x20000d50   COMPRESSED   0x00000004   Data   RW         5819    .data               imu.o
    0x20000d54   COMPRESSED   0x00000001   Data   RW         5820    .data               imu.o
    0x20000d55   COMPRESSED   0x00000003   PAD
    0x20000d58   COMPRESSED   0x0000004c   Data   RW         5889    .data               scaner.o
    0x20000da4   COMPRESSED   0x00000028   Data   RW         6054    .data               motor_task.o
    0x20000dcc   COMPRESSED   0x00000010   Data   RW         6167    .data               task_create.o
    0x20000ddc   COMPRESSED   0x00000008   Data   RW         6258    .data               turn.o
    0x20000de4   COMPRESSED   0x00000001   Data   RW         6259    .data               turn.o
    0x20000de5   COMPRESSED   0x00000003   PAD
    0x20000de8   COMPRESSED   0x00000010   Data   RW         6260    .data               turn.o
    0x20000df8   COMPRESSED   0x00000001   Data   RW         6341    .data               debug_uart.o
    0x20000df9   COMPRESSED   0x00000003   PAD
    0x20000dfc   COMPRESSED   0x00000030   Data   RW         6423    .data               speed_ctrl.o
    0x20000e2c        -       0x00000260   Zero   RW          331    .bss                tim.o
    0x2000108c        -       0x000003f0   Zero   RW          428    .bss                usart.o
    0x2000147c        -       0x0000004c   Zero   RW          691    .bss                stm32f7xx_hal_timebase_tim.o
    0x200014c8        -       0x00000040   Zero   RW         3637    .bss                queue.o
    0x20001508        -       0x000004c4   Zero   RW         4059    .bss                tasks.o
    0x200019cc        -       0x00000118   Zero   RW         4379    .bss                timers.o
    0x20001ae4        -       0x00000cb8   Zero   RW         4586    .bss                cmsis_os2.o
    0x2000279c        -       0x0000c000   Zero   RW         4959    .bss                heap_4.o
    0x2000e79c        -       0x00000018   Zero   RW         5233    .bss                chassis_api.o
    0x2000e7b4        -       0x0000004c   Zero   RW         5402    .bss                map.o
    0x2000e800        -       0x00000020   Zero   RW         5550    .bss                filter.o
    0x2000e820        -       0x0000015c   Zero   RW         5591    .bss                pid.o
    0x2000e97c        -       0x0000001c   Zero   RW         5592    .bss                pid.o
    0x2000e998        -       0x0000001c   Zero   RW         5593    .bss                pid.o
    0x2000e9b4        -       0x0000001c   Zero   RW         5594    .bss                pid.o
    0x2000e9d0        -       0x00000098   Zero   RW         5816    .bss                imu.o
    0x2000ea68        -       0x00000058   Zero   RW         5885    .bss                scaner.o
    0x2000eac0        -       0x00000050   Zero   RW         6052    .bss                motor_task.o
    0x2000eb10        -       0x0000004c   Zero   RW         6382    .bss                delay.o
    0x2000eb5c   COMPRESSED   0x00000004   PAD
    0x2000eb60        -       0x00000400   Zero   RW            1    STACK               startup_stm32f750xx.o


==============================================================================

Image component sizes


      Code (inc. data)   RO Data    RW Data    ZI Data      Debug   Object Name

      2816        258          0          8          0      12166   barrier.o
         2          0          0          1          0        662   bsp_linefollower.o
      1674        256          0          0         24      15982   chassis_api.o
       376         32          0          4       3256      30186   cmsis_os2.o
        24          4          0          1          0        482   debug_uart.o
       164         24          0          0         76       2540   delay.o
        60          4          0          0          0        762   dma.o
       172         42          0          8          0       1503   encoder.o
         0          0          0          0          0      18332   event_groups.o
       232         14          0          4         32       1343   filter.o
        40         14         48          4          0       1669   freertos.o
       260         22          0          0          0       1059   gpio.o
       480         24          0         24      49152       4863   heap_4.o
       380         54          0         13        152       2970   imu.o
       138          0          0          0          0       3486   list.o
       274         14          0          0          0     859868   main.o
        60          4          0          0          0        588   main_task.o
      1600        178          0        105         76      14165   map.o
         0          0          0       3129          0       2267   map_message.o
       264         28          0          0          0       1317   motor.o
      2192        366         96         40         80      13477   motor_task.o
       984         80          0          0        432       4624   pid.o
       774         80          0         12          0      11481   port.o
      1572         18          0          0         64      17388   queue.o
      2280        158         64         76         88      13305   scaner.o
         0          0          0         48          0       1004   speed_ctrl.o
        36          8        456          0       1024        824   startup_stm32f750xx.o
        50         10          0         12          0       7654   stm32f7xx_hal.o
       158         14          0          0          0      38050   stm32f7xx_hal_cortex.o
      1094         16          8          0          0       7881   stm32f7xx_hal_dma.o
       512         54          0          0          0       2947   stm32f7xx_hal_gpio.o
        56          4          0          0          0        846   stm32f7xx_hal_msp.o
       108         10          0          0          0       1272   stm32f7xx_hal_pwr_ex.o
      1416         74          0          0          0       5961   stm32f7xx_hal_rcc.o
      1272         28          0          0          0       2404   stm32f7xx_hal_rcc_ex.o
      2822        230          0          0          0      21834   stm32f7xx_hal_tim.o
       310         36          0          0          0       4096   stm32f7xx_hal_tim_ex.o
       152         20          0          0         76       1452   stm32f7xx_hal_timebase_tim.o
      2572         88          0          0          0      16390   stm32f7xx_hal_uart.o
       288        126          0          0          0      11673   stm32f7xx_it.o
         0          0          0          0          0        392   stream_buffer.o
        16          4         24          4          0       1099   system_stm32f7xx.o
       146         64          0         16          0       2736   task_create.o
      2438        184          0         60       1220      29060   tasks.o
       196         24          0          0          0       1381   temporary_task.o
      1936        150          0          0        608       8547   tim.o
       992         84          0         20        280      31963   timers.o
      1080        152          0         25          0      10279   turn.o
      1200        104          0          0       1008       5502   usart.o

    ----------------------------------------------------------------------
     35718       3158        728       3628      57652    1251732   Object Totals
         0          0         32          0          0          0   (incl. Generated)
        50          0          0         14          4          0   (incl. Padding)

    ----------------------------------------------------------------------

      Code (inc. data)   RO Data    RW Data    ZI Data      Debug   Library Member Name

        94          0          0          0          0          0   __dclz77c.o
         0          0          0          0          0          0   entry.o
         0          0          0          0          0          0   entry10a.o
         0          0          0          0          0          0   entry11a.o
         4          0          0          0          0          0   entry12b.o
         8          4          0          0          0          0   entry2.o
         4          0          0          0          0          0   entry5.o
         0          0          0          0          0          0   entry7b.o
         0          0          0          0          0          0   entry8b.o
         8          4          0          0          0          0   entry9a.o
        30          0          0          0          0          0   handlers.o
        36          8          0          0          0         68   init.o
        30          0          0          0          0         68   llshl.o
        32          0          0          0          0         68   llushr.o
        64          0          0          0          0         76   memmovea.o
        36          0          0          0          0        108   memseta.o
        98          0          0          0          0         92   uldiv.o

    ----------------------------------------------------------------------
       446         16          0          0          0        480   Library Totals
         2          0          0          0          0          0   (incl. Padding)

    ----------------------------------------------------------------------

      Code (inc. data)   RO Data    RW Data    ZI Data      Debug   Library Name

       444         16          0          0          0        480   mc_w.l

    ----------------------------------------------------------------------
       446         16          0          0          0        480   Library Totals

    ----------------------------------------------------------------------

==============================================================================


      Code (inc. data)   RO Data    RW Data    ZI Data      Debug   

     36164       3174        728       3628      57652    1221340   Grand Totals
     36164       3174        728       1320      57652    1221340   ELF Image Totals (compressed)
     36164       3174        728       1320          0          0   ROM Totals

==============================================================================

    Total RO  Size (Code + RO Data)                36892 (  36.03kB)
    Total RW  Size (RW Data + ZI Data)             61280 (  59.84kB)
    Total ROM Size (Code + RO Data + RW Data)      38212 (  37.32kB)

==============================================================================

