Component: ARM Compiler 5.06 update 7 (build 960) Tool: armlink [4d3601]

==============================================================================

Section Cross References

    startup_stm32f750xx.o(RESET) refers to startup_stm32f750xx.o(STACK) for __initial_sp
    startup_stm32f750xx.o(RESET) refers to startup_stm32f750xx.o(.text) for Reset_Handler
    startup_stm32f750xx.o(RESET) refers to stm32f7xx_it.o(i.NMI_Handler) for NMI_Handler
    startup_stm32f750xx.o(RESET) refers to stm32f7xx_it.o(i.HardFault_Handler) for HardFault_Handler
    startup_stm32f750xx.o(RESET) refers to stm32f7xx_it.o(i.MemManage_Handler) for MemManage_Handler
    startup_stm32f750xx.o(RESET) refers to stm32f7xx_it.o(i.BusFault_Handler) for BusFault_Handler
    startup_stm32f750xx.o(RESET) refers to stm32f7xx_it.o(i.UsageFault_Handler) for UsageFault_Handler
    startup_stm32f750xx.o(RESET) refers to port.o(.emb_text) for SVC_Handler
    startup_stm32f750xx.o(RESET) refers to stm32f7xx_it.o(i.DebugMon_Handler) for DebugMon_Handler
    startup_stm32f750xx.o(RESET) refers to port.o(i.SysTick_Handler) for SysTick_Handler
    startup_stm32f750xx.o(RESET) refers to stm32f7xx_it.o(i.DMA1_Stream1_IRQHandler) for DMA1_Stream1_IRQHandler
    startup_stm32f750xx.o(RESET) refers to stm32f7xx_it.o(i.DMA1_Stream3_IRQHandler) for DMA1_Stream3_IRQHandler
    startup_stm32f750xx.o(RESET) refers to stm32f7xx_it.o(i.TIM1_BRK_TIM9_IRQHandler) for TIM1_BRK_TIM9_IRQHandler
    startup_stm32f750xx.o(RESET) refers to stm32f7xx_it.o(i.TIM1_UP_TIM10_IRQHandler) for TIM1_UP_TIM10_IRQHandler
    startup_stm32f750xx.o(RESET) refers to stm32f7xx_it.o(i.TIM1_TRG_COM_TIM11_IRQHandler) for TIM1_TRG_COM_TIM11_IRQHandler
    startup_stm32f750xx.o(RESET) refers to stm32f7xx_it.o(i.TIM1_CC_IRQHandler) for TIM1_CC_IRQHandler
    startup_stm32f750xx.o(RESET) refers to stm32f7xx_it.o(i.TIM2_IRQHandler) for TIM2_IRQHandler
    startup_stm32f750xx.o(RESET) refers to stm32f7xx_it.o(i.TIM3_IRQHandler) for TIM3_IRQHandler
    startup_stm32f750xx.o(RESET) refers to stm32f7xx_it.o(i.TIM4_IRQHandler) for TIM4_IRQHandler
    startup_stm32f750xx.o(RESET) refers to stm32f7xx_it.o(i.USART1_IRQHandler) for USART1_IRQHandler
    startup_stm32f750xx.o(RESET) refers to stm32f7xx_it.o(i.USART2_IRQHandler) for USART2_IRQHandler
    startup_stm32f750xx.o(RESET) refers to imu.o(i.USART3_IRQHandler) for USART3_IRQHandler
    startup_stm32f750xx.o(RESET) refers to stm32f7xx_it.o(i.TIM8_BRK_TIM12_IRQHandler) for TIM8_BRK_TIM12_IRQHandler
    startup_stm32f750xx.o(RESET) refers to stm32f7xx_it.o(i.TIM8_UP_TIM13_IRQHandler) for TIM8_UP_TIM13_IRQHandler
    startup_stm32f750xx.o(RESET) refers to stm32f7xx_it.o(i.TIM8_TRG_COM_TIM14_IRQHandler) for TIM8_TRG_COM_TIM14_IRQHandler
    startup_stm32f750xx.o(RESET) refers to stm32f7xx_it.o(i.TIM8_CC_IRQHandler) for TIM8_CC_IRQHandler
    startup_stm32f750xx.o(RESET) refers to stm32f7xx_it.o(i.TIM5_IRQHandler) for TIM5_IRQHandler
    startup_stm32f750xx.o(RESET) refers to stm32f7xx_it.o(i.UART5_IRQHandler) for UART5_IRQHandler
    startup_stm32f750xx.o(RESET) refers to delay.o(i.TIM7_IRQHandler) for TIM7_IRQHandler
    startup_stm32f750xx.o(RESET) refers to stm32f7xx_it.o(i.UART7_IRQHandler) for UART7_IRQHandler
    startup_stm32f750xx.o(RESET) refers to stm32f7xx_it.o(i.UART8_IRQHandler) for UART8_IRQHandler
    startup_stm32f750xx.o(.text) refers to system_stm32f7xx.o(i.SystemInit) for SystemInit
    startup_stm32f750xx.o(.text) refers to entry.o(.ARM.Collect$$$$00000000) for __main
    main.o(i.HAL_TIM_PeriodElapsedCallback) refers to stm32f7xx_hal.o(i.HAL_IncTick) for HAL_IncTick
    main.o(i.SystemClock_Config) refers to memseta.o(.text) for __aeabi_memclr4
    main.o(i.SystemClock_Config) refers to stm32f7xx_hal_rcc.o(i.HAL_RCC_OscConfig) for HAL_RCC_OscConfig
    main.o(i.SystemClock_Config) refers to stm32f7xx_hal_pwr_ex.o(i.HAL_PWREx_EnableOverDrive) for HAL_PWREx_EnableOverDrive
    main.o(i.SystemClock_Config) refers to stm32f7xx_hal_rcc.o(i.HAL_RCC_ClockConfig) for HAL_RCC_ClockConfig
    main.o(i.main) refers to stm32f7xx_hal.o(i.HAL_Init) for HAL_Init
    main.o(i.main) refers to main.o(i.SystemClock_Config) for SystemClock_Config
    main.o(i.main) refers to gpio.o(i.MX_GPIO_Init) for MX_GPIO_Init
    main.o(i.main) refers to dma.o(i.MX_DMA_Init) for MX_DMA_Init
    main.o(i.main) refers to tim.o(i.MX_TIM1_Init) for MX_TIM1_Init
    main.o(i.main) refers to tim.o(i.MX_TIM2_Init) for MX_TIM2_Init
    main.o(i.main) refers to tim.o(i.MX_TIM3_Init) for MX_TIM3_Init
    main.o(i.main) refers to tim.o(i.MX_TIM4_Init) for MX_TIM4_Init
    main.o(i.main) refers to tim.o(i.MX_TIM5_Init) for MX_TIM5_Init
    main.o(i.main) refers to tim.o(i.MX_TIM8_Init) for MX_TIM8_Init
    main.o(i.main) refers to tim.o(i.MX_TIM9_Init) for MX_TIM9_Init
    main.o(i.main) refers to tim.o(i.MX_TIM11_Init) for MX_TIM11_Init
    main.o(i.main) refers to usart.o(i.MX_UART5_Init) for MX_UART5_Init
[...]
    EXTI3_IRQHandler                         0x080002bf   Thumb Code     0  startup_stm32f750xx.o(.text)
    EXTI4_IRQHandler                         0x080002bf   Thumb Code     0  startup_stm32f750xx.o(.text)
    EXTI9_5_IRQHandler                       0x080002bf   Thumb Code     0  startup_stm32f750xx.o(.text)
    FLASH_IRQHandler                         0x080002bf   Thumb Code     0  startup_stm32f750xx.o(.text)
    FMC_IRQHandler                           0x080002bf   Thumb Code     0  startup_stm32f750xx.o(.text)
    FPU_IRQHandler                           0x080002bf   Thumb Code     0  startup_stm32f750xx.o(.text)
    HASH_RNG_IRQHandler                      0x080002bf   Thumb Code     0  startup_stm32f750xx.o(.text)
    I2C1_ER_IRQHandler                       0x080002bf   Thumb Code     0  startup_stm32f750xx.o(.text)
    I2C1_EV_IRQHandler                       0x080002bf   Thumb Code     0  startup_stm32f750xx.o(.text)
    I2C2_ER_IRQHandler                       0x080002bf   Thumb Code     0  startup_stm32f750xx.o(.text)
    I2C2_EV_IRQHandler                       0x080002bf   Thumb Code     0  startup_stm32f750xx.o(.text)
    I2C3_ER_IRQHandler                       0x080002bf   Thumb Code     0  startup_stm32f750xx.o(.text)
    I2C3_EV_IRQHandler                       0x080002bf   Thumb Code     0  startup_stm32f750xx.o(.text)
    I2C4_ER_IRQHandler                       0x080002bf   Thumb Code     0  startup_stm32f750xx.o(.text)
    I2C4_EV_IRQHandler                       0x080002bf   Thumb Code     0  startup_stm32f750xx.o(.text)
    LPTIM1_IRQHandler                        0x080002bf   Thumb Code     0  startup_stm32f750xx.o(.text)
    LTDC_ER_IRQHandler                       0x080002bf   Thumb Code     0  startup_stm32f750xx.o(.text)
    LTDC_IRQHandler                          0x080002bf   Thumb Code     0  startup_stm32f750xx.o(.text)
    OTG_FS_IRQHandler                        0x080002bf   Thumb Code     0  startup_stm32f750xx.o(.text)
    OTG_FS_WKUP_IRQHandler                   0x080002bf   Thumb Code     0  startup_stm32f750xx.o(.text)
    OTG_HS_EP1_IN_IRQHandler                 0x080002bf   Thumb Code     0  startup_stm32f750xx.o(.text)
    OTG_HS_EP1_OUT_IRQHandler                0x080002bf   Thumb Code     0  startup_stm32f750xx.o(.text)
    OTG_HS_IRQHandler                        0x080002bf   Thumb Code     0  startup_stm32f750xx.o(.text)
    OTG_HS_WKUP_IRQHandler                   0x080002bf   Thumb Code     0  startup_stm32f750xx.o(.text)
    PVD_IRQHandler                           0x080002bf   Thumb Code     0  startup_stm32f750xx.o(.text)
    QUADSPI_IRQHandler                       0x080002bf   Thumb Code     0  startup_stm32f750xx.o(.text)
    RCC_IRQHandler                           0x080002bf   Thumb Code     0  startup_stm32f750xx.o(.text)
    RTC_Alarm_IRQHandler                     0x080002bf   Thumb Code     0  startup_stm32f750xx.o(.text)
    RTC_WKUP_IRQHandler                      0x080002bf   Thumb Code     0  startup_stm32f750xx.o(.text)
    SAI1_IRQHandler                          0x080002bf   Thumb Code     0  startup_stm32f750xx.o(.text)
    SAI2_IRQHandler                          0x080002bf   Thumb Code     0  startup_stm32f750xx.o(.text)
    SDMMC1_IRQHandler                        0x080002bf   Thumb Code     0  startup_stm32f750xx.o(.text)
    SPDIF_RX_IRQHandler                      0x080002bf   Thumb Code     0  startup_stm32f750xx.o(.text)
    SPI1_IRQHandler                          0x080002bf   Thumb Code     0  startup_stm32f750xx.o(.text)
    SPI2_IRQHandler                          0x080002bf   Thumb Code     0  startup_stm32f750xx.o(.text)
    SPI3_IRQHandler                          0x080002bf   Thumb Code     0  startup_stm32f750xx.o(.text)
    SPI4_IRQHandler                          0x080002bf   Thumb Code     0  startup_stm32f750xx.o(.text)
    SPI5_IRQHandler                          0x080002bf   Thumb Code     0  startup_stm32f750xx.o(.text)
    SPI6_IRQHandler                          0x080002bf   Thumb Code     0  startup_stm32f750xx.o(.text)
    TAMP_STAMP_IRQHandler                    0x080002bf   Thumb Code     0  startup_stm32f750xx.o(.text)
    TIM6_DAC_IRQHandler                      0x080002bf   Thumb Code     0  startup_stm32f750xx.o(.text)
    UART4_IRQHandler                         0x080002bf   Thumb Code     0  startup_stm32f750xx.o(.text)
    USART6_IRQHandler                        0x080002bf   Thumb Code     0  startup_stm32f750xx.o(.text)
    WWDG_IRQHandler                          0x080002bf   Thumb Code     0  startup_stm32f750xx.o(.text)
    __aeabi_uldivmod                         0x080002c9   Thumb Code    98  uldiv.o(.text)
    ___aeabi_memcpy8$move                    0x0800032b   Thumb Code     0  memmovea.o(.text)
    __aeabi_memcpy                           0x0800032b   Thumb Code    64  memmovea.o(.text)
    __aeabi_memcpy4                          0x0800032b   Thumb Code     0  memmovea.o(.text)
    __aeabi_memmove                          0x0800032b   Thumb Code     0  memmovea.o(.text)
    __aeabi_memmove4                         0x0800032b   Thumb Code     0  memmovea.o(.text)
    __aeabi_memmove8                         0x0800032b   Thumb Code     0  memmovea.o(.text)
    __aeabi_memset                           0x0800036b   Thumb Code    14  memseta.o(.text)
    __aeabi_memset4                          0x0800036b   Thumb Code     0  memseta.o(.text)
    __aeabi_memset8                          0x0800036b   Thumb Code     0  memseta.o(.text)
    __aeabi_memclr                           0x08000379   Thumb Code     4  memseta.o(.text)
    __aeabi_memclr4                          0x08000379   Thumb Code     0  memseta.o(.text)
    __aeabi_memclr8                          0x08000379   Thumb Code     0  memseta.o(.text)
    memset                                   0x0800037d   Thumb Code    18  memseta.o(.text)
    __aeabi_llsl                             0x0800038f   Thumb Code    30  llshl.o(.text)
    _ll_shift_l                              0x0800038f   Thumb Code     0  llshl.o(.text)
    __aeabi_llsr                             0x080003ad   Thumb Code    32  llushr.o(.text)
    _ll_ushift_r                             0x080003ad   Thumb Code     0  llushr.o(.text)
    __scatterload                            0x080003cd   Thumb Code    28  init.o(.text)
    __scatterload_rt2                        0x080003cd   Thumb Code     0  init.o(.text)
    __decompress                             0x080003f1   Thumb Code     0  __dclz77c.o(.text)
    __decompress2                            0x080003f1   Thumb Code    94  __dclz77c.o(.text)
    Barrier_Bridge                           0x08000451   Thumb Code   470  barrier.o(i.Barrier_Bridge)
    Barrier_Hill                             0x08000641   Thumb Code   254  barrier.o(i.Barrier_Hill)
    Barrier_WavedPlate                       0x0800074d   Thumb Code   300  barrier.o(i.Barrier_WavedPlate)
    BusFault_Handler                         0x080008ad   Thumb Code     2  stm32f7xx_it.o(i.BusFault_Handler)
    CarBrake                                 0x080008b1   Thumb Code    24  chassis_api.o(i.CarBrake)
    Chassis_ClearMileage                     0x080008ed   Thumb Code    18  chassis_api.o(i.Chassis_ClearMileage)
    Chassis_DisableAntiSnake                 0x08000909   Thumb Code    16  chassis_api.o(i.Chassis_DisableAntiSnake)
    Chassis_DisableLineLostProtection        0x0800091d   Thumb Code    10  chassis_api.o(i.Chassis_DisableLineLostProtection)
    Chassis_DriveDistance_Blocking           0x0800092d   Thumb Code   112  chassis_api.o(i.Chassis_DriveDistance_Blocking)
    Chassis_EnableAntiSnake                  0x080009a9   Thumb Code    12  chassis_api.o(i.Chassis_EnableAntiSnake)
    Chassis_EnableLineLostProtection         0x080009b9   Thumb Code    12  chassis_api.o(i.Chassis_EnableLineLostProtection)
    Chassis_EnableRollProtection             0x080009c9   Thumb Code    12  chassis_api.o(i.Chassis_EnableRollProtection)
    Chassis_EnableYawJumpProtection          0x080009d9   Thumb Code    10  chassis_api.o(i.Chassis_EnableYawJumpProtection)
    Chassis_ForceStop                        0x080009e9   Thumb Code    42  chassis_api.o(i.Chassis_ForceStop)
    Chassis_GetMileage                       0x08000a19   Thumb Code     8  chassis_api.o(i.Chassis_GetMileage)
    Chassis_IsStopLocked                     0x08000a25   Thumb Code     8  chassis_api.o(i.Chassis_IsStopLocked)
    Chassis_MotorControl                     0x08000a31   Thumb Code    74  chassis_api.o(i.Chassis_MotorControl)
    Chassis_Periodic_Update_5ms              0x08000a89   Thumb Code   242  chassis_api.o(i.Chassis_Periodic_Update_5ms)
    Chassis_SetMode                          0x08000b9d   Thumb Code    30  chassis_api.o(i.Chassis_SetMode)
    Chassis_SetTargetSpeed                   0x08000bc1   Thumb Code    58  chassis_api.o(i.Chassis_SetTargetSpeed)
    Chassis_Turn_180_Blocking                0x08000c09   Thumb Code   114  chassis_api.o(i.Chassis_Turn_180_Blocking)
    Chassis_Turn_By_StopGyro_Blocking        0x08000c91   Thumb Code    10  chassis_api.o(i.Chassis_Turn_By_StopGyro_Blocking)
    Cross                                    0x08000c9d   Thumb Code    46  map.o(i.Cross)
    Cross_getline                            0x08000cd5   Thumb Code    66  scaner.o(i.Cross_getline)
    Cross_reset                              0x08000d1d   Thumb Code    14  map.o(i.Cross_reset)
    DMA1_Stream1_IRQHandler                  0x08000d2d   Thumb Code     6  stm32f7xx_it.o(i.DMA1_Stream1_IRQHandler)
    DMA1_Stream3_IRQHandler                  0x08000d39   Thumb Code     6  stm32f7xx_it.o(i.DMA1_Stream3_IRQHandler)
    DebugMon_Handler                         0x08000de9   Thumb Code     2  stm32f7xx_it.o(i.DebugMon_Handler)
    Encoder_init                             0x08000ded   Thumb Code   100  encoder.o(i.Encoder_init)
    Error_Handler                            0x08000e65   Thumb Code     4  main.o(i.Error_Handler)
    Get_scaner_error                         0x08000e69   Thumb Code   454  scaner.o(i.Get_scaner_error)
    Go_Line                                  0x08001039   Thumb Code   162  scaner.o(i.Go_Line)
    GyroStableReset                          0x08001105   Thumb Code    62  chassis_api.o(i.GyroStableReset)
    HAL_DMA_Abort                            0x08001149   Thumb Code   146  stm32f7xx_hal_dma.o(i.HAL_DMA_Abort)
    HAL_DMA_Abort_IT                         0x080011db   Thumb Code    36  stm32f7xx_hal_dma.o(i.HAL_DMA_Abort_IT)
    HAL_DMA_GetError                         0x080011ff   Thumb Code     4  stm32f7xx_hal_dma.o(i.HAL_DMA_GetError)
    HAL_DMA_IRQHandler                       0x08001205   Thumb Code   412  stm32f7xx_hal_dma.o(i.HAL_DMA_IRQHandler)
    HAL_DMA_Init                             0x080013a5   Thumb Code   202  stm32f7xx_hal_dma.o(i.HAL_DMA_Init)
    HAL_DMA_Start_IT                         0x08001475   Thumb Code   120  stm32f7xx_hal_dma.o(i.HAL_DMA_Start_IT)
    HAL_GPIO_Init                            0x080014ed   Thumb Code   438  stm32f7xx_hal_gpio.o(i.HAL_GPIO_Init)
    HAL_GPIO_ReadPin                         0x080016d9   Thumb Code    10  stm32f7xx_hal_gpio.o(i.HAL_GPIO_ReadPin)
    HAL_GPIO_WritePin                        0x080016e3   Thumb Code    10  stm32f7xx_hal_gpio.o(i.HAL_GPIO_WritePin)
    HAL_GetTick                              0x080016ed   Thumb Code     6  stm32f7xx_hal.o(i.HAL_GetTick)
    HAL_IncTick                              0x080016f9   Thumb Code    12  stm32f7xx_hal.o(i.HAL_IncTick)
    HAL_Init                                 0x08001709   Thumb Code    22  stm32f7xx_hal.o(i.HAL_Init)
    HAL_InitTick                             0x08001721   Thumb Code   132  stm32f7xx_hal_timebase_tim.o(i.HAL_InitTick)
    HAL_MspInit                              0x080017b9   Thumb Code    52  stm32f7xx_hal_msp.o(i.HAL_MspInit)
    HAL_NVIC_EnableIRQ                       0x080017f1   Thumb Code    26  stm32f7xx_hal_cortex.o(i.HAL_NVIC_EnableIRQ)
    HAL_NVIC_SetPriority                     0x0800180d   Thumb Code    60  stm32f7xx_hal_cortex.o(i.HAL_NVIC_SetPriority)
    HAL_NVIC_SetPriorityGrouping             0x0800184d   Thumb Code    26  stm32f7xx_hal_cortex.o(i.HAL_NVIC_SetPriorityGrouping)
    HAL_PWREx_EnableOverDrive                0x08001871   Thumb Code    98  stm32f7xx_hal_pwr_ex.o(i.HAL_PWREx_EnableOverDrive)
    HAL_RCCEx_PeriphCLKConfig                0x080018dd   Thumb Code  1272  stm32f7xx_hal_rcc_ex.o(i.HAL_RCCEx_PeriphCLKConfig)
    HAL_RCC_ClockConfig                      0x08001dd5   Thumb Code   296  stm32f7xx_hal_rcc.o(i.HAL_RCC_ClockConfig)
    HAL_RCC_GetClockConfig                   0x08001f11   Thumb Code    54  stm32f7xx_hal_rcc.o(i.HAL_RCC_GetClockConfig)
    HAL_RCC_GetPCLK1Freq                     0x08001f51   Thumb Code    20  stm32f7xx_hal_rcc.o(i.HAL_RCC_GetPCLK1Freq)
    HAL_RCC_GetPCLK2Freq                     0x08001f71   Thumb Code    20  stm32f7xx_hal_rcc.o(i.HAL_RCC_GetPCLK2Freq)
    HAL_RCC_GetSysClockFreq                  0x08001f91   Thumb Code    88  stm32f7xx_hal_rcc.o(i.HAL_RCC_GetSysClockFreq)
    HAL_RCC_OscConfig                        0x08001ff1   Thumb Code   864  stm32f7xx_hal_rcc.o(i.HAL_RCC_OscConfig)
    HAL_TIMEx_Break2Callback                 0x0800235d   Thumb Code     2  stm32f7xx_hal_tim_ex.o(i.HAL_TIMEx_Break2Callback)
    HAL_TIMEx_BreakCallback                  0x0800235f   Thumb Code     2  stm32f7xx_hal_tim_ex.o(i.HAL_TIMEx_BreakCallback)
    HAL_TIMEx_CommutCallback                 0x08002361   Thumb Code     2  stm32f7xx_hal_tim_ex.o(i.HAL_TIMEx_CommutCallback)
    HAL_TIMEx_ConfigBreakDeadTime            0x08002365   Thumb Code   132  stm32f7xx_hal_tim_ex.o(i.HAL_TIMEx_ConfigBreakDeadTime)
    HAL_TIMEx_MasterConfigSynchronization    0x080023f1   Thumb Code   136  stm32f7xx_hal_tim_ex.o(i.HAL_TIMEx_MasterConfigSynchronization)
    HAL_TIM_Base_Init                        0x08002495   Thumb Code    98  stm32f7xx_hal_tim.o(i.HAL_TIM_Base_Init)
    HAL_TIM_Base_MspInit                     0x080024f9   Thumb Code   210  tim.o(i.HAL_TIM_Base_MspInit)
    HAL_TIM_Base_Start                       0x080025e1   Thumb Code    96  stm32f7xx_hal_tim.o(i.HAL_TIM_Base_Start)
    HAL_TIM_Base_Start_IT                    0x08002661   Thumb Code   106  stm32f7xx_hal_tim.o(i.HAL_TIM_Base_Start_IT)
    HAL_TIM_ConfigClockSource                0x080026ed   Thumb Code   220  stm32f7xx_hal_tim.o(i.HAL_TIM_ConfigClockSource)
    HAL_TIM_Encoder_Init                     0x080027cd   Thumb Code   170  stm32f7xx_hal_tim.o(i.HAL_TIM_Encoder_Init)
    HAL_TIM_Encoder_MspInit                  0x0800287d   Thumb Code   408  tim.o(i.HAL_TIM_Encoder_MspInit)
    HAL_TIM_Encoder_Start                    0x08002a31   Thumb Code   146  stm32f7xx_hal_tim.o(i.HAL_TIM_Encoder_Start)
    HAL_TIM_IC_CaptureCallback               0x08002ac3   Thumb Code     2  stm32f7xx_hal_tim.o(i.HAL_TIM_IC_CaptureCallback)
    HAL_TIM_IRQHandler                       0x08002ac5   Thumb Code   330  stm32f7xx_hal_tim.o(i.HAL_TIM_IRQHandler)
    HAL_TIM_MspPostInit                      0x08002c11   Thumb Code   152  tim.o(i.HAL_TIM_MspPostInit)
    HAL_TIM_OC_DelayElapsedCallback          0x08002cc5   Thumb Code     2  stm32f7xx_hal_tim.o(i.HAL_TIM_OC_DelayElapsedCallback)
    HAL_TIM_PWM_ConfigChannel                0x08002cc7   Thumb Code   292  stm32f7xx_hal_tim.o(i.HAL_TIM_PWM_ConfigChannel)
    HAL_TIM_PWM_Init                         0x08002deb   Thumb Code    98  stm32f7xx_hal_tim.o(i.HAL_TIM_PWM_Init)
    HAL_TIM_PWM_MspInit                      0x08002e4d   Thumb Code     2  stm32f7xx_hal_tim.o(i.HAL_TIM_PWM_MspInit)
    HAL_TIM_PWM_PulseFinishedCallback        0x08002e4f   Thumb Code     2  stm32f7xx_hal_tim.o(i.HAL_TIM_PWM_PulseFinishedCallback)
    HAL_TIM_PWM_Start                        0x08002e51   Thumb Code   224  stm32f7xx_hal_tim.o(i.HAL_TIM_PWM_Start)
    HAL_TIM_PeriodElapsedCallback            0x08002f51   Thumb Code    14  main.o(i.HAL_TIM_PeriodElapsedCallback)
    HAL_TIM_TriggerCallback                  0x08002f65   Thumb Code     2  stm32f7xx_hal_tim.o(i.HAL_TIM_TriggerCallback)
    HAL_UARTEx_RxEventCallback               0x08002f67   Thumb Code     2  stm32f7xx_hal_uart.o(i.HAL_UARTEx_RxEventCallback)
    HAL_UART_DMAStop                         0x08002f69   Thumb Code   142  stm32f7xx_hal_uart.o(i.HAL_UART_DMAStop)
    HAL_UART_ErrorCallback                   0x08002ff7   Thumb Code     2  stm32f7xx_hal_uart.o(i.HAL_UART_ErrorCallback)
    HAL_UART_IRQHandler                      0x08002ff9   Thumb Code   674  stm32f7xx_hal_uart.o(i.HAL_UART_IRQHandler)
    HAL_UART_Init                            0x080032a5   Thumb Code   102  stm32f7xx_hal_uart.o(i.HAL_UART_Init)
    HAL_UART_MspInit                         0x0800330d   Thumb Code   784  usart.o(i.HAL_UART_MspInit)
    HAL_UART_Receive_DMA                     0x08003655   Thumb Code    60  stm32f7xx_hal_uart.o(i.HAL_UART_Receive_DMA)
    HAL_UART_RxCpltCallback                  0x08003691   Thumb Code     2  stm32f7xx_hal_uart.o(i.HAL_UART_RxCpltCallback)
    HAL_UART_RxHalfCpltCallback              0x08003693   Thumb Code     2  stm32f7xx_hal_uart.o(i.HAL_UART_RxHalfCpltCallback)
    HAL_UART_TxCpltCallback                  0x08003695   Thumb Code     2  stm32f7xx_hal_uart.o(i.HAL_UART_TxCpltCallback)
    HardFault_Handler                        0x08003697   Thumb Code     2  stm32f7xx_it.o(i.HardFault_Handler)
    Line_Scan                                0x08003699   Thumb Code   344  scaner.o(i.Line_Scan)
    MX_DMA_Init                              0x08003801   Thumb Code    56  dma.o(i.MX_DMA_Init)
    MX_FREERTOS_Init                         0x0800383d   Thumb Code    18  freertos.o(i.MX_FREERTOS_Init)
    MX_GPIO_Init                             0x0800385d   Thumb Code   238  gpio.o(i.MX_GPIO_Init)
    MX_TIM11_Init                            0x08003961   Thumb Code    48  tim.o(i.MX_TIM11_Init)
    MX_TIM1_Init                             0x08003999   Thumb Code   106  tim.o(i.MX_TIM1_Init)
    MX_TIM2_Init                             0x08003a0d   Thumb Code   104  tim.o(i.MX_TIM2_Init)
    MX_TIM3_Init                             0x08003a79   Thumb Code   102  tim.o(i.MX_TIM3_Init)
    MX_TIM4_Init                             0x08003ae9   Thumb Code   194  tim.o(i.MX_TIM4_Init)
    MX_TIM5_Init                             0x08003bb5   Thumb Code   102  tim.o(i.MX_TIM5_Init)
    MX_TIM8_Init                             0x08003c25   Thumb Code   222  tim.o(i.MX_TIM8_Init)
    MX_TIM9_Init                             0x08003d0d   Thumb Code   138  tim.o(i.MX_TIM9_Init)
    MX_UART5_Init                            0x08003da1   Thumb Code    52  usart.o(i.MX_UART5_Init)
    MX_UART7_Init                            0x08003ddd   Thumb Code    52  usart.o(i.MX_UART7_Init)
    MX_UART8_Init                            0x08003e19   Thumb Code    52  usart.o(i.MX_UART8_Init)
    MX_USART1_UART_Init                      0x08003e55   Thumb Code    52  usart.o(i.MX_USART1_UART_Init)
    MX_USART2_UART_Init                      0x08003e91   Thumb Code    52  usart.o(i.MX_USART2_UART_Init)
    MX_USART3_UART_Init                      0x08003ecd   Thumb Code    52  usart.o(i.MX_USART3_UART_Init)
    MemManage_Handler                        0x08003f09   Thumb Code     2  stm32f7xx_it.o(i.MemManage_Handler)
    NMI_Handler                              0x08003f0b   Thumb Code     2  stm32f7xx_it.o(i.NMI_Handler)
    RampCtrl_Blocking                        0x08003f0d   Thumb Code   214  chassis_api.o(i.RampCtrl_Blocking)
    Stage                                    0x08003ff5   Thumb Code   562  barrier.o(i.Stage)
    Stage_DetectedRamp                       0x0800423d   Thumb Code    38  chassis_api.o(i.Stage_DetectedRamp)
    Stage_P2                                 0x0800426d   Thumb Code   290  barrier.o(i.Stage_P2)
    Stage_turn_Angle                         0x080043b9   Thumb Code   132  turn.o(i.Stage_turn_Angle)
    StartDefaultTask                         0x0800444d   Thumb Code     8  freertos.o(i.StartDefaultTask)
    Start_task                               0x08004455   Thumb Code    28  temporary_task.o(i.Start_task)
    Start_task_create                        0x08004471   Thumb Code    20  task_create.o(i.Start_task_create)
    SysTick_Handler                          0x08004499   Thumb Code    42  port.o(i.SysTick_Handler)
    SystemClock_Config                       0x080044c9   Thumb Code   148  main.o(i.SystemClock_Config)
    SystemInit                               0x08004565   Thumb Code    12  system_stm32f7xx.o(i.SystemInit)
    TIM1_BRK_TIM9_IRQHandler                 0x08004575   Thumb Code    18  stm32f7xx_it.o(i.TIM1_BRK_TIM9_IRQHandler)
    TIM1_CC_IRQHandler                       0x08004591   Thumb Code     6  stm32f7xx_it.o(i.TIM1_CC_IRQHandler)
    TIM1_TRG_COM_TIM11_IRQHandler            0x0800459d   Thumb Code    18  stm32f7xx_it.o(i.TIM1_TRG_COM_TIM11_IRQHandler)
    TIM1_UP_TIM10_IRQHandler                 0x080045b9   Thumb Code     6  stm32f7xx_it.o(i.TIM1_UP_TIM10_IRQHandler)
    TIM2_IRQHandler                          0x080045c5   Thumb Code     6  stm32f7xx_it.o(i.TIM2_IRQHandler)
    TIM3_IRQHandler                          0x080045d1   Thumb Code     6  stm32f7xx_it.o(i.TIM3_IRQHandler)
    TIM4_IRQHandler                          0x080045dd   Thumb Code     6  stm32f7xx_it.o(i.TIM4_IRQHandler)
    TIM5_IRQHandler                          0x080045e9   Thumb Code     6  stm32f7xx_it.o(i.TIM5_IRQHandler)
    TIM7_IRQHandler                          0x080045f5   Thumb Code    22  delay.o(i.TIM7_IRQHandler)
    TIM8_BRK_TIM12_IRQHandler                0x08004611   Thumb Code     6  stm32f7xx_it.o(i.TIM8_BRK_TIM12_IRQHandler)
    TIM8_CC_IRQHandler                       0x0800461d   Thumb Code     6  stm32f7xx_it.o(i.TIM8_CC_IRQHandler)
    TIM8_TRG_COM_TIM14_IRQHandler            0x08004629   Thumb Code    18  stm32f7xx_it.o(i.TIM8_TRG_COM_TIM14_IRQHandler)
    TIM8_UP_TIM13_IRQHandler                 0x08004645   Thumb Code     6  stm32f7xx_it.o(i.TIM8_UP_TIM13_IRQHandler)
    TIM_Base_SetConfig                       0x08004651   Thumb Code   164  stm32f7xx_hal_tim.o(i.TIM_Base_SetConfig)
    TIM_CCxChannelCmd                        0x08004721   Thumb Code    26  stm32f7xx_hal_tim.o(i.TIM_CCxChannelCmd)
    TIM_ETR_SetConfig                        0x0800473b   Thumb Code    20  stm32f7xx_hal_tim.o(i.TIM_ETR_SetConfig)
    TIM_OC2_SetConfig                        0x080047c9   Thumb Code   102  stm32f7xx_hal_tim.o(i.TIM_OC2_SetConfig)
    Turn360Step                              0x080049f1   Thumb Code   136  turn.o(i.Turn360Step)
    Turn_Angle                               0x08004a99   Thumb Code    62  turn.o(i.Turn_Angle)
    UART5_IRQHandler                         0x08004ad9   Thumb Code     6  stm32f7xx_it.o(i.UART5_IRQHandler)
    UART7_IRQHandler                         0x08004ae5   Thumb Code     6  stm32f7xx_it.o(i.UART7_IRQHandler)
    UART8_IRQHandler                         0x08004af1   Thumb Code     6  stm32f7xx_it.o(i.UART8_IRQHandler)
    UART_AdvFeatureConfig                    0x08004afd   Thumb Code   200  stm32f7xx_hal_uart.o(i.UART_AdvFeatureConfig)
    UART_CheckIdleState                      0x08004bc5   Thumb Code    92  stm32f7xx_hal_uart.o(i.UART_CheckIdleState)
    UART_SetConfig                           0x08004dbd   Thumb Code   518  stm32f7xx_hal_uart.o(i.UART_SetConfig)
    UART_Start_Receive_DMA                   0x08004ff1   Thumb Code   148  stm32f7xx_hal_uart.o(i.UART_Start_Receive_DMA)
    UART_WaitOnFlagUntilTimeout              0x08005091   Thumb Code   146  stm32f7xx_hal_uart.o(i.UART_WaitOnFlagUntilTimeout)
    USART1_IRQHandler                        0x08005125   Thumb Code     6  stm32f7xx_it.o(i.USART1_IRQHandler)
    USART2_IRQHandler                        0x08005131   Thumb Code     6  stm32f7xx_it.o(i.USART2_IRQHandler)
    USART3_IRQHandler                        0x0800513d   Thumb Code   252  imu.o(i.USART3_IRQHandler)
    UsageFault_Handler                       0x08005255   Thumb Code     2  stm32f7xx_it.o(i.UsageFault_Handler)
    __scatterload_copy                       0x08005277   Thumb Code    14  handlers.o(i.__scatterload_copy)
    __scatterload_null                       0x08005285   Thumb Code     2  handlers.o(i.__scatterload_null)
    __scatterload_zeroinit                   0x08005287   Thumb Code    14  handlers.o(i.__scatterload_zeroinit)
    create_task                              0x08005547   Thumb Code    18  task_create.o(i.create_task)
    deal_arrive                              0x08005915   Thumb Code   174  map.o(i.deal_arrive)
    debug_uart_tick                          0x080059c5   Thumb Code    20  debug_uart.o(i.debug_uart_tick)
    delay_init                               0x080059dd   Thumb Code    76  delay.o(i.delay_init)
    delay_ms                                 0x08005a35   Thumb Code    28  delay.o(i.delay_ms)
    delay_us                                 0x08005a51   Thumb Code    14  delay.o(i.delay_us)
    encoder_clear                            0x08005a65   Thumb Code    30  encoder.o(i.encoder_clear)
    filter                                   0x08005a99   Thumb Code   218  filter.o(i.filter)
    getAngleZ                                0x08005b81   Thumb Code    52  turn.o(i.getAngleZ)
    getNextConnectNode                       0x08005bc5   Thumb Code    42  map.o(i.getNextConnectNode)
    get_Infrared                             0x08005bfd   Thumb Code     2  bsp_linefollower.o(i.get_Infrared)
    get_detail                               0x08005c01   Thumb Code    12  scaner.o(i.get_detail)
    get_motor_speed                          0x08005c11   Thumb Code   226  motor_task.o(i.get_motor_speed)
    getline_error                            0x08005d25   Thumb Code    24  scaner.o(i.getline_error)
    gradual_cal                              0x08005d45   Thumb Code    64  turn.o(i.gradual_cal)
    imu_receive_init                         0x08005d85   Thumb Code    26  imu.o(i.imu_receive_init)
    incremental_PID                          0x08005da9   Thumb Code   246  pid.o(i.incremental_PID)
    main                                     0x08005fe9   Thumb Code    94  main.o(i.main)
    main_task                                0x08006049   Thumb Code    56  main_task.o(i.main_task)
    main_task_create                         0x08006085   Thumb Code    22  task_create.o(i.main_task_create)
    mapInit                                  0x080060b1   Thumb Code   100  map.o(i.mapInit)
    map_function                             0x08006125   Thumb Code    62  map.o(i.map_function)
    motor_init                               0x08006391   Thumb Code    92  motor.o(i.motor_init)
    motor_pid_clear                          0x080063f9   Thumb Code    86  pid.o(i.motor_pid_clear)
    motor_set_pwm                            0x08006455   Thumb Code   144  motor.o(i.motor_set_pwm)
    motor_task                               0x080065a5   Thumb Code   132  motor_task.o(i.motor_task)
    motor_task_create                        0x08006649   Thumb Code    22  task_create.o(i.motor_task_create)
    mpuZreset                                0x08006869   Thumb Code    48  imu.o(i.mpuZreset)
    osDelay                                  0x0800694d   Thumb Code    46  cmsis_os2.o(i.osDelay)
    osKernelInitialize                       0x08006981   Thumb Code    48  cmsis_os2.o(i.osKernelInitialize)
    osKernelStart                            0x080069b5   Thumb Code    56  cmsis_os2.o(i.osKernelStart)
    osThreadNew                              0x080069f1   Thumb Code   158  cmsis_os2.o(i.osThreadNew)
    pid_init                                 0x08006a95   Thumb Code   354  pid.o(i.pid_init)
    pid_mode_switch                          0x08006c35   Thumb Code    58  motor_task.o(i.pid_mode_switch)
    pid_mode_switch_no_inherit               0x08006c75   Thumb Code    18  motor_task.o(i.pid_mode_switch_no_inherit)
    positional_PID                           0x08006c89   Thumb Code   218  pid.o(i.positional_PID)
    pvPortMalloc                             0x08007511   Thumb Code   222  heap_4.o(i.pvPortMalloc)
    pxPortInitialiseStack                    0x080075f5   Thumb Code    40  port.o(i.pxPortInitialiseStack)
    runWithAngle                             0x08007791   Thumb Code   116  turn.o(i.runWithAngle)
    scaner_gpio_init                         0x08007ae5   Thumb Code   142  scaner.o(i.scaner_gpio_init)
    scaner_init                              0x08007b89   Thumb Code    10  scaner.o(i.scaner_init)
    user_init                                0x08007f2d   Thumb Code   144  temporary_task.o(i.user_init)
    uxListRemove                             0x08007fd5   Thumb Code    38  list.o(i.uxListRemove)
    vApplicationGetIdleTaskMemory            0x08007ffd   Thumb Code    18  cmsis_os2.o(i.vApplicationGetIdleTaskMemory)
    vApplicationGetTimerTaskMemory           0x08008015   Thumb Code    18  cmsis_os2.o(i.vApplicationGetTimerTaskMemory)
    vListInitialise                          0x0800802d   Thumb Code    22  list.o(i.vListInitialise)
    vListInitialiseItem                      0x08008043   Thumb Code     6  list.o(i.vListInitialiseItem)
    vListInsert                              0x08008049   Thumb Code    48  list.o(i.vListInsert)
    vListInsertEnd                           0x08008079   Thumb Code    24  list.o(i.vListInsertEnd)
    vPortEnterCritical                       0x08008091   Thumb Code    62  port.o(i.vPortEnterCritical)
    vPortExitCritical                        0x080080d9   Thumb Code    38  port.o(i.vPortExitCritical)
    vPortFree                                0x08008105   Thumb Code    96  heap_4.o(i.vPortFree)
    vPortSetupTimerInterrupt                 0x08008169   Thumb Code    32  port.o(i.vPortSetupTimerInterrupt)
    vPortValidateInterruptPriority           0x0800818d   Thumb Code    82  port.o(i.vPortValidateInterruptPriority)
    vQueueAddToRegistry                      0x080081e9   Thumb Code    32  queue.o(i.vQueueAddToRegistry)
    vQueueWaitForMessageRestricted           0x0800820d   Thumb Code    68  queue.o(i.vQueueWaitForMessageRestricted)
    vTaskDelay                               0x08008251   Thumb Code    70  tasks.o(i.vTaskDelay)
    vTaskDelayUntil                          0x080082a1   Thumb Code   148  tasks.o(i.vTaskDelayUntil)
    vTaskDelete                              0x0800833d   Thumb Code   134  tasks.o(i.vTaskDelete)
    vTaskInternalSetTimeOutState             0x080083d1   Thumb Code    12  tasks.o(i.vTaskInternalSetTimeOutState)
    vTaskMissedYield                         0x080083e1   Thumb Code     8  tasks.o(i.vTaskMissedYield)
    vTaskPlaceOnEventList                    0x080083ed   Thumb Code    48  tasks.o(i.vTaskPlaceOnEventList)
    vTaskPlaceOnEventListRestricted          0x08008421   Thumb Code    56  tasks.o(i.vTaskPlaceOnEventListRestricted)
    vTaskStartScheduler                      0x0800845d   Thumb Code   124  tasks.o(i.vTaskStartScheduler)
    vTaskSuspendAll                          0x080084e9   Thumb Code    10  tasks.o(i.vTaskSuspendAll)
    vTaskSwitchContext                       0x080084f9   Thumb Code    94  tasks.o(i.vTaskSwitchContext)
    xPortStartScheduler                      0x08008561   Thumb Code   178  port.o(i.xPortStartScheduler)
    xQueueGenericCreateStatic                0x08008625   Thumb Code   118  queue.o(i.xQueueGenericCreateStatic)
    xQueueGenericReset                       0x0800869d   Thumb Code   136  queue.o(i.xQueueGenericReset)
    xQueueGenericSend                        0x08008729   Thumb Code   366  queue.o(i.xQueueGenericSend)
    xQueueGenericSendFromISR                 0x0800889d   Thumb Code   204  queue.o(i.xQueueGenericSendFromISR)
    xQueueReceive                            0x08008969   Thumb Code   320  queue.o(i.xQueueReceive)
    xTaskCheckForTimeOut                     0x08008aad   Thumb Code   120  tasks.o(i.xTaskCheckForTimeOut)
    xTaskCreate                              0x08008b29   Thumb Code    90  tasks.o(i.xTaskCreate)
    xTaskCreateStatic                        0x08008b83   Thumb Code    98  tasks.o(i.xTaskCreateStatic)
    xTaskGetSchedulerState                   0x08008be5   Thumb Code    22  tasks.o(i.xTaskGetSchedulerState)
    xTaskGetTickCount                        0x08008c01   Thumb Code     6  tasks.o(i.xTaskGetTickCount)
    xTaskIncrementTick                       0x08008c0d   Thumb Code   194  tasks.o(i.xTaskIncrementTick)
    xTaskPriorityDisinherit                  0x08008cd9   Thumb Code   124  tasks.o(i.xTaskPriorityDisinherit)
    xTaskRemoveFromEventList                 0x08008d5d   Thumb Code   102  tasks.o(i.xTaskRemoveFromEventList)
    xTaskResumeAll                           0x08008dd1   Thumb Code   184  tasks.o(i.xTaskResumeAll)
    xTimerCreateTimerTask                    0x08008e95   Thumb Code    82  timers.o(i.xTimerCreateTimerTask)
    xTimerGenericCommand                     0x08008ef9   Thumb Code    98  timers.o(i.xTimerGenericCommand)
    zhunbei                                  0x08009039   Thumb Code   268  barrier.o(i.zhunbei)
    defaultTask_attributes                   0x08009164   Data          36  freertos.o(.constdata)
    AHBPrescTable                            0x08009190   Data          16  system_stm32f7xx.o(.constdata)
    APBPrescTable                            0x080091a0   Data           8  system_stm32f7xx.o(.constdata)
    line_weight_default                      0x080091a8   Data          64  scaner.o(.constdata)
    Region$$Table$$Base                      0x08009254   Number         0  anon$$obj.o(Region$$Table)
    Region$$Table$$Limit                     0x08009274   Number         0  anon$$obj.o(Region$$Table)
    defaultTaskHandle                        0x20000000   Data           4  freertos.o(.data)
    uwTickFreq                               0x20000004   Data           1  stm32f7xx_hal.o(.data)
    uwTickPrio                               0x20000008   Data           4  stm32f7xx_hal.o(.data)
    uwTick                                   0x2000000c   Data           4  stm32f7xx_hal.o(.data)
    SystemCoreClock                          0x20000010   Data           4  system_stm32f7xx.o(.data)
    pxCurrentTCB                             0x20000014   Data           4  tasks.o(.data)
    map                                      0x20000097   Data           2  map.o(.data)
    route                                    0x20000099   Data         100  map.o(.data)
    Node                                     0x20000100   Data        3024  map_message.o(.data)
    ConnectionNum                            0x20000cd0   Data          52  map_message.o(.data)
    Address                                  0x20000d04   Data          53  map_message.o(.data)
    filter_Open                              0x20000d39   Data           1  filter.o(.data)
    Speed                                    0x20000d3e   Data           8  encoder.o(.data)
    infrare_open                             0x20000d46   Data           1  bsp_linefollower.o(.data)
    basic_p                                  0x20000d48   Data           4  imu.o(.data)
    basic_y                                  0x20000d4c   Data           4  imu.o(.data)
    basic_r                                  0x20000d50   Data           4  imu.o(.data)
    LEFT_RIGHT_LINE                          0x20000d58   Data           1  scaner.o(.data)
    Fspeed                                   0x20000d5c   Data           4  scaner.o(.data)
    scaner_set                               0x20000d60   Data           8  scaner.o(.data)
    PIDMode                                  0x20000da4   Data           1  motor_task.o(.data)
    change_speed                             0x20000da5   Data           1  motor_task.o(.data)
    turnflag                                 0x20000da6   Data           1  motor_task.o(.data)
    Turn360_Flag                             0x20000da7   Data           1  motor_task.o(.data)
    DownLiuShui                              0x20000da8   Data           1  motor_task.o(.data)
    WavePlateLeft_Flag                       0x20000da9   Data           1  motor_task.o(.data)
    WavePlateRight_Flag                      0x20000daa   Data           1  motor_task.o(.data)
    MOTOR_PWM_MAX                            0x20000db0   Data           4  motor_task.o(.data)
    LiuShuiRate                              0x20000db4   Data           4  motor_task.o(.data)
    QQB_num                                  0x20000db8   Data           4  motor_task.o(.data)
    Start_handler                            0x20000dcc   Data           4  task_create.o(.data)
    main_handler                             0x20000dd0   Data           4  task_create.o(.data)
    sin_handler                              0x20000dd4   Data           4  task_create.o(.data)
    motor_handler                            0x20000dd8   Data           4  task_create.o(.data)
    angle                                    0x20000ddc   Data           8  turn.o(.data)
    StageTurn_Flag                           0x20000de4   Data           1  turn.o(.data)
    motor_all                                0x20000dfc   Data          48  speed_ctrl.o(.data)
    htim1                                    0x20000e2c   Data          76  tim.o(.bss)
    htim2                                    0x20000e78   Data          76  tim.o(.bss)
    htim3                                    0x20000ec4   Data          76  tim.o(.bss)
    htim4                                    0x20000f10   Data          76  tim.o(.bss)
    htim5                                    0x20000f5c   Data          76  tim.o(.bss)
    htim8                                    0x20000fa8   Data          76  tim.o(.bss)
    htim9                                    0x20000ff4   Data          76  tim.o(.bss)
    htim11                                   0x20001040   Data          76  tim.o(.bss)
    huart5                                   0x2000108c   Data         136  usart.o(.bss)
    huart7                                   0x20001114   Data         136  usart.o(.bss)
    huart8                                   0x2000119c   Data         136  usart.o(.bss)
    huart1                                   0x20001224   Data         136  usart.o(.bss)
    huart2                                   0x200012ac   Data         136  usart.o(.bss)
    huart3                                   0x20001334   Data         136  usart.o(.bss)
    hdma_uart7_rx                            0x200013bc   Data          96  usart.o(.bss)
    hdma_usart3_rx                           0x2000141c   Data          96  usart.o(.bss)
    htim14                                   0x2000147c   Data          76  stm32f7xx_hal_timebase_tim.o(.bss)
    xQueueRegistry                           0x200014c8   Data          64  queue.o(.bss)
    nodesr                                   0x2000e814   Data          76  map.o(.bss)
    motor_L0                                 0x2000e880   Data          24  pid.o(.bss)
    motor_L1                                 0x2000e898   Data          24  pid.o(.bss)
    motor_R0                                 0x2000e8b0   Data          24  pid.o(.bss)
    motor_R1                                 0x2000e8c8   Data          24  pid.o(.bss)
    motor_pid_paramL0                        0x2000e8e0   Data          28  pid.o(.bss)
    motor_pid_paramL1                        0x2000e8fc   Data          28  pid.o(.bss)
    motor_pid_paramR0                        0x2000e918   Data          28  pid.o(.bss)
    motor_pid_paramR1                        0x2000e934   Data          28  pid.o(.bss)
    line_pid_param                           0x2000e950   Data          28  pid.o(.bss)
    lineG_pid_param                          0x2000e96c   Data          28  pid.o(.bss)
    gyroT_pid_param                          0x2000e988   Data          28  pid.o(.bss)
    gyroG_pid_param                          0x2000e9a4   Data          28  pid.o(.bss)
    GyroP_pid_param                          0x2000e9c0   Data          28  pid.o(.bss)
    line_pid_obj                             0x2000e9dc   Data          28  pid.o(.bss)
    gyroT_pid                                0x2000e9f8   Data          28  pid.o(.bss)
    gyroG_pid                                0x2000ea14   Data          28  pid.o(.bss)
    imu                                      0x2000eab4   Data          20  imu.o(.bss)
    line_weight                              0x2000eac8   Data          64  scaner.o(.bss)
    Scaner                                   0x2000eb08   Data          12  scaner.o(.bss)
    Cross_Scaner                             0x2000eb14   Data          12  scaner.o(.bss)
    TC_speed                                 0x2000eb58   Data          12  motor_task.o(.bss)
    TG_speed                                 0x2000eb64   Data          12  motor_task.o(.bss)
    TIM7_Handler                             0x2000eb70   Data          76  delay.o(.bss)
    __initial_sp                             0x2000efc0   Data           0  startup_stm32f750xx.o(STACK)



==============================================================================

Memory Map of the image

  Image Entry point : 0x080001c9

  Load Region LR_IROM1 (Base: 0x08000000, Size: 0x0000a0a0, Max: 0x00010000, ABSOLUTE, COMPRESSED[0x0000979c])

    Execution Region ER_IROM1 (Exec base: 0x08000000, Load base: 0x08000000, Size: 0x00009274, Max: 0x00010000, ABSOLUTE)

    Exec Addr    Load Addr    Size         Type   Attr      Idx    E Section Name        Object

    0x08000000   0x08000000   0x000001c8   Data   RO            3    RESET               startup_stm32f750xx.o
    0x080001c8   0x080001c8   0x00000000   Code   RO         6640  * .ARM.Collect$$$$00000000  mc_w.l(entry.o)
    0x080001c8   0x080001c8   0x00000004   Code   RO         6952    .ARM.Collect$$$$00000001  mc_w.l(entry2.o)
    0x080001cc   0x080001cc   0x00000004   Code   RO         6955    .ARM.Collect$$$$00000004  mc_w.l(entry5.o)
    0x080001d0   0x080001d0   0x00000000   Code   RO         6957    .ARM.Collect$$$$00000008  mc_w.l(entry7b.o)
    0x080001d0   0x080001d0   0x00000000   Code   RO         6959    .ARM.Collect$$$$0000000A  mc_w.l(entry8b.o)
    0x080001d0   0x080001d0   0x00000008   Code   RO         6960    .ARM.Collect$$$$0000000B  mc_w.l(entry9a.o)
    0x080001d8   0x080001d8   0x00000004   Code   RO         6967    .ARM.Collect$$$$0000000E  mc_w.l(entry12b.o)
    0x080001dc   0x080001dc   0x00000000   Code   RO         6962    .ARM.Collect$$$$0000000F  mc_w.l(entry10a.o)
    0x080001dc   0x080001dc   0x00000000   Code   RO         6964    .ARM.Collect$$$$00000011  mc_w.l(entry11a.o)
    0x080001dc   0x080001dc   0x00000004   Code   RO         6953    .ARM.Collect$$$$00002712  mc_w.l(entry2.o)
    0x080001e0   0x080001e0   0x000000c2   Code   RO         5010    .emb_text           port.o
    0x080002a2   0x080002a2   0x00000002   PAD
    0x080002a4   0x080002a4   0x00000024   Code   RO            4    .text               startup_stm32f750xx.o
    0x080002c8   0x080002c8   0x00000062   Code   RO         6643    .text               mc_w.l(uldiv.o)
    0x0800032a   0x0800032a   0x00000040   Code   RO         6647    .text               mc_w.l(memmovea.o)
    0x0800036a   0x0800036a   0x00000024   Code   RO         6651    .text               mc_w.l(memseta.o)
    0x0800038e   0x0800038e   0x0000001e   Code   RO         6973    .text               mc_w.l(llshl.o)
    0x080003ac   0x080003ac   0x00000020   Code   RO         6975    .text               mc_w.l(llushr.o)
    0x080003cc   0x080003cc   0x00000024   Code   RO         7009    .text               mc_w.l(init.o)
    0x080003f0   0x080003f0   0x0000005e   Code   RO         7029    .text               mc_w.l(__dclz77c.o)
    0x0800044e   0x0800044e   0x00000002   PAD
    0x08000450   0x08000450   0x000001f0   Code   RO         5090    i.Barrier_Bridge    barrier.o
    0x08000640   0x08000640   0x0000010c   Code   RO         5091    i.Barrier_Hill      barrier.o
    0x0800074c   0x0800074c   0x00000160   Code   RO         5092    i.Barrier_WavedPlate  barrier.o
    0x080008ac   0x080008ac   0x00000002   Code   RO          501    i.BusFault_Handler  stm32f7xx_it.o
    0x080008ae   0x080008ae   0x00000002   PAD
    0x080008b0   0x080008b0   0x00000020   Code   RO         5218    i.CarBrake          chassis_api.o
    0x080008d0   0x080008d0   0x0000001c   Code   RO         6430    i.Change360Angle    turn.o
    0x080008ec   0x080008ec   0x0000001c   Code   RO         5219    i.Chassis_ClearMileage  chassis_api.o
    0x08000908   0x08000908   0x00000014   Code   RO         5222    i.Chassis_DisableAntiSnake  chassis_api.o
    0x0800091c   0x0800091c   0x00000010   Code   RO         5223    i.Chassis_DisableLineLostProtection  chassis_api.o
    0x0800092c   0x0800092c   0x0000007c   Code   RO         5226    i.Chassis_DriveDistance_Blocking  chassis_api.o
    0x080009a8   0x080009a8   0x00000010   Code   RO         5227    i.Chassis_EnableAntiSnake  chassis_api.o
    0x080009b8   0x080009b8   0x00000010   Code   RO         5228    i.Chassis_EnableLineLostProtection  chassis_api.o
    0x080009c8   0x080009c8   0x00000010   Code   RO         5229    i.Chassis_EnableRollProtection  chassis_api.o
    0x080009d8   0x080009d8   0x00000010   Code   RO         5230    i.Chassis_EnableYawJumpProtection  chassis_api.o
    0x080009e8   0x080009e8   0x00000030   Code   RO         5231    i.Chassis_ForceStop  chassis_api.o
    0x08000a18   0x08000a18   0x0000000c   Code   RO         5232    i.Chassis_GetMileage  chassis_api.o
    0x08000a24   0x08000a24   0x0000000c   Code   RO         5234    i.Chassis_IsStopLocked  chassis_api.o
    0x08000a30   0x08000a30   0x00000058   Code   RO         5236    i.Chassis_MotorControl  chassis_api.o
    0x08000a88   0x08000a88   0x00000114   Code   RO         5237    i.Chassis_Periodic_Update_5ms  chassis_api.o
    0x08000b9c   0x08000b9c   0x00000024   Code   RO         5239    i.Chassis_SetMode   chassis_api.o
    0x08000bc0   0x08000bc0   0x00000048   Code   RO         5240    i.Chassis_SetTargetSpeed  chassis_api.o
    0x08000c08   0x08000c08   0x00000088   Code   RO         5241    i.Chassis_Turn_180_Blocking  chassis_api.o
    0x08000c90   0x08000c90   0x0000000a   Code   RO         5242    i.Chassis_Turn_By_StopGyro_Blocking  chassis_api.o
    0x08000c9a   0x08000c9a   0x00000002   PAD
    0x08000c9c   0x08000c9c   0x00000038   Code   RO         5452    i.Cross             map.o
    0x08000cd4   0x08000cd4   0x00000048   Code   RO         5937    i.Cross_getline     scaner.o
    0x08000d1c   0x08000d1c   0x0000000e   Code   RO         5453    i.Cross_reset       map.o
    0x08000d2a   0x08000d2a   0x00000002   PAD
    0x08000d2c   0x08000d2c   0x0000000c   Code   RO          502    i.DMA1_Stream1_IRQHandler  stm32f7xx_it.o
    0x08000d38   0x08000d38   0x0000000c   Code   RO          503    i.DMA1_Stream3_IRQHandler  stm32f7xx_it.o
    0x08000d44   0x08000d44   0x00000028   Code   RO         2288    i.DMA_CalcBaseAndBitshift  stm32f7xx_hal_dma.o
    0x08000d6c   0x08000d6c   0x00000054   Code   RO         2289    i.DMA_CheckFifoParam  stm32f7xx_hal_dma.o
    0x08000dc0   0x08000dc0   0x00000028   Code   RO         2290    i.DMA_SetConfig     stm32f7xx_hal_dma.o
    0x08000de8   0x08000de8   0x00000002   Code   RO          504    i.DebugMon_Handler  stm32f7xx_it.o
    0x08000dea   0x08000dea   0x00000002   PAD
    0x08000dec   0x08000dec   0x00000078   Code   RO         5789    i.Encoder_init      encoder.o
    0x08000e64   0x08000e64   0x00000004   Code   RO           13    i.Error_Handler     main.o
    0x08000e68   0x08000e68   0x000001d0   Code   RO         5938    i.Get_scaner_error  scaner.o
    0x08001038   0x08001038   0x000000cc   Code   RO         5939    i.Go_Line           scaner.o
    0x08001104   0x08001104   0x00000044   Code   RO         5243    i.GyroStableReset   chassis_api.o
    0x08001148   0x08001148   0x00000092   Code   RO         2291    i.HAL_DMA_Abort     stm32f7xx_hal_dma.o
    0x080011da   0x080011da   0x00000024   Code   RO         2292    i.HAL_DMA_Abort_IT  stm32f7xx_hal_dma.o
    0x080011fe   0x080011fe   0x00000004   Code   RO         2294    i.HAL_DMA_GetError  stm32f7xx_hal_dma.o
    0x08001202   0x08001202   0x00000002   PAD
    0x08001204   0x08001204   0x000001a0   Code   RO         2296    i.HAL_DMA_IRQHandler  stm32f7xx_hal_dma.o
    0x080013a4   0x080013a4   0x000000d0   Code   RO         2297    i.HAL_DMA_Init      stm32f7xx_hal_dma.o
    0x08001474   0x08001474   0x00000078   Code   RO         2301    i.HAL_DMA_Start_IT  stm32f7xx_hal_dma.o
    0x080014ec   0x080014ec   0x000001ec   Code   RO         2225    i.HAL_GPIO_Init     stm32f7xx_hal_gpio.o
    0x080016d8   0x080016d8   0x0000000a   Code   RO         2227    i.HAL_GPIO_ReadPin  stm32f7xx_hal_gpio.o
    0x080016e2   0x080016e2   0x0000000a   Code   RO         2229    i.HAL_GPIO_WritePin  stm32f7xx_hal_gpio.o
    0x080016ec   0x080016ec   0x0000000c   Code   RO         2666    i.HAL_GetTick       stm32f7xx_hal.o
    0x080016f8   0x080016f8   0x00000010   Code   RO         2672    i.HAL_IncTick       stm32f7xx_hal.o
    0x08001708   0x08001708   0x00000016   Code   RO         2673    i.HAL_Init          stm32f7xx_hal.o
    0x0800171e   0x0800171e   0x00000002   PAD
    0x08001720   0x08001720   0x00000098   Code   RO          697    i.HAL_InitTick      stm32f7xx_hal_timebase_tim.o
    0x080017b8   0x080017b8   0x00000038   Code   RO          673    i.HAL_MspInit       stm32f7xx_hal_msp.o
    0x080017f0   0x080017f0   0x0000001a   Code   RO         1738    i.HAL_NVIC_EnableIRQ  stm32f7xx_hal_cortex.o
    0x0800180a   0x0800180a   0x00000002   PAD
    0x0800180c   0x0800180c   0x00000040   Code   RO         1744    i.HAL_NVIC_SetPriority  stm32f7xx_hal_cortex.o
    0x0800184c   0x0800184c   0x00000024   Code   RO         1745    i.HAL_NVIC_SetPriorityGrouping  stm32f7xx_hal_cortex.o
    0x08001870   0x08001870   0x0000006c   Code   RO         2565    i.HAL_PWREx_EnableOverDrive  stm32f7xx_hal_pwr_ex.o
    0x080018dc   0x080018dc   0x000004f8   Code   RO         1986    i.HAL_RCCEx_PeriphCLKConfig  stm32f7xx_hal_rcc_ex.o
    0x08001dd4   0x08001dd4   0x0000013c   Code   RO         1879    i.HAL_RCC_ClockConfig  stm32f7xx_hal_rcc.o
    0x08001f10   0x08001f10   0x00000040   Code   RO         1883    i.HAL_RCC_GetClockConfig  stm32f7xx_hal_rcc.o
    0x08001f50   0x08001f50   0x00000020   Code   RO         1886    i.HAL_RCC_GetPCLK1Freq  stm32f7xx_hal_rcc.o
    0x08001f70   0x08001f70   0x00000020   Code   RO         1887    i.HAL_RCC_GetPCLK2Freq  stm32f7xx_hal_rcc.o
    0x08001f90   0x08001f90   0x00000060   Code   RO         1888    i.HAL_RCC_GetSysClockFreq  stm32f7xx_hal_rcc.o
    0x08001ff0   0x08001ff0   0x0000036c   Code   RO         1891    i.HAL_RCC_OscConfig  stm32f7xx_hal_rcc.o
    0x0800235c   0x0800235c   0x00000002   Code   RO         1452    i.HAL_TIMEx_Break2Callback  stm32f7xx_hal_tim_ex.o
    0x0800235e   0x0800235e   0x00000002   Code   RO         1453    i.HAL_TIMEx_BreakCallback  stm32f7xx_hal_tim_ex.o
    0x08002360   0x08002360   0x00000002   Code   RO         1454    i.HAL_TIMEx_CommutCallback  stm32f7xx_hal_tim_ex.o
    0x08002362   0x08002362   0x00000002   PAD
    0x08002364   0x08002364   0x0000008c   Code   RO         1456    i.HAL_TIMEx_ConfigBreakDeadTime  stm32f7xx_hal_tim_ex.o
    0x080023f0   0x080023f0   0x000000a4   Code   RO         1473    i.HAL_TIMEx_MasterConfigSynchronization  stm32f7xx_hal_tim_ex.o
    0x08002494   0x08002494   0x00000062   Code   RO          738    i.HAL_TIM_Base_Init  stm32f7xx_hal_tim.o
    0x080024f6   0x080024f6   0x00000002   PAD
    0x080024f8   0x080024f8   0x000000e8   Code   RO          328    i.HAL_TIM_Base_MspInit  tim.o
    0x080025e0   0x080025e0   0x00000080   Code   RO          741    i.HAL_TIM_Base_Start  stm32f7xx_hal_tim.o
    0x08002660   0x08002660   0x0000008c   Code   RO          743    i.HAL_TIM_Base_Start_IT  stm32f7xx_hal_tim.o
    0x080026ec   0x080026ec   0x000000e0   Code   RO          747    i.HAL_TIM_ConfigClockSource  stm32f7xx_hal_tim.o
    0x080027cc   0x080027cc   0x000000b0   Code   RO          759    i.HAL_TIM_Encoder_Init  stm32f7xx_hal_tim.o
    0x0800287c   0x0800287c   0x000001b4   Code   RO          330    i.HAL_TIM_Encoder_MspInit  tim.o
    0x08002a30   0x08002a30   0x00000092   Code   RO          762    i.HAL_TIM_Encoder_Start  stm32f7xx_hal_tim.o
    0x08002ac2   0x08002ac2   0x00000002   Code   RO          772    i.HAL_TIM_IC_CaptureCallback  stm32f7xx_hal_tim.o
    0x08002ac4   0x08002ac4   0x0000014a   Code   RO          786    i.HAL_TIM_IRQHandler  stm32f7xx_hal_tim.o
    0x08002c0e   0x08002c0e   0x00000002   PAD
    0x08002c10   0x08002c10   0x000000b4   Code   RO          331    i.HAL_TIM_MspPostInit  tim.o
    0x08002cc4   0x08002cc4   0x00000002   Code   RO          789    i.HAL_TIM_OC_DelayElapsedCallback  stm32f7xx_hal_tim.o
    0x08002cc6   0x08002cc6   0x00000124   Code   RO          810    i.HAL_TIM_PWM_ConfigChannel  stm32f7xx_hal_tim.o
    0x08002dea   0x08002dea   0x00000062   Code   RO          813    i.HAL_TIM_PWM_Init  stm32f7xx_hal_tim.o
    0x08002e4c   0x08002e4c   0x00000002   Code   RO          815    i.HAL_TIM_PWM_MspInit  stm32f7xx_hal_tim.o
    0x08002e4e   0x08002e4e   0x00000002   Code   RO          816    i.HAL_TIM_PWM_PulseFinishedCallback  stm32f7xx_hal_tim.o
    0x08002e50   0x08002e50   0x00000100   Code   RO          818    i.HAL_TIM_PWM_Start  stm32f7xx_hal_tim.o
    0x08002f50   0x08002f50   0x00000014   Code   RO           14    i.HAL_TIM_PeriodElapsedCallback  main.o
    0x08002f64   0x08002f64   0x00000002   Code   RO          829    i.HAL_TIM_TriggerCallback  stm32f7xx_hal_tim.o
    0x08002f66   0x08002f66   0x00000002   Code   RO         2966    i.HAL_UARTEx_RxEventCallback  stm32f7xx_hal_uart.o
    0x08002f68   0x08002f68   0x0000008e   Code   RO         2978    i.HAL_UART_DMAStop  stm32f7xx_hal_uart.o
    0x08002ff6   0x08002ff6   0x00000002   Code   RO         2982    i.HAL_UART_ErrorCallback  stm32f7xx_hal_uart.o
    0x08002ff8   0x08002ff8   0x000002ac   Code   RO         2985    i.HAL_UART_IRQHandler  stm32f7xx_hal_uart.o
    0x080032a4   0x080032a4   0x00000066   Code   RO         2986    i.HAL_UART_Init     stm32f7xx_hal_uart.o
    0x0800330a   0x0800330a   0x00000002   PAD
    0x0800330c   0x0800330c   0x00000348   Code   RO          430    i.HAL_UART_MspInit  usart.o
    0x08003654   0x08003654   0x0000003c   Code   RO         2990    i.HAL_UART_Receive_DMA  stm32f7xx_hal_uart.o
    0x08003690   0x08003690   0x00000002   Code   RO         2993    i.HAL_UART_RxCpltCallback  stm32f7xx_hal_uart.o
    0x08003692   0x08003692   0x00000002   Code   RO         2994    i.HAL_UART_RxHalfCpltCallback  stm32f7xx_hal_uart.o
    0x08003694   0x08003694   0x00000002   Code   RO         2998    i.HAL_UART_TxCpltCallback  stm32f7xx_hal_uart.o
    0x08003696   0x08003696   0x00000002   Code   RO          505    i.HardFault_Handler  stm32f7xx_it.o
    0x08003698   0x08003698   0x00000168   Code   RO         5940    i.Line_Scan         scaner.o
    0x08003800   0x08003800   0x0000003c   Code   RO          303    i.MX_DMA_Init       dma.o
    0x0800383c   0x0800383c   0x00000020   Code   RO          260    i.MX_FREERTOS_Init  freertos.o
    0x0800385c   0x0800385c   0x00000104   Code   RO          236    i.MX_GPIO_Init      gpio.o
    0x08003960   0x08003960   0x00000038   Code   RO          332    i.MX_TIM11_Init     tim.o
    0x08003998   0x08003998   0x00000074   Code   RO          333    i.MX_TIM1_Init      tim.o
    0x08003a0c   0x08003a0c   0x0000006c   Code   RO          334    i.MX_TIM2_Init      tim.o
    0x08003a78   0x08003a78   0x00000070   Code   RO          335    i.MX_TIM3_Init      tim.o
    0x08003ae8   0x08003ae8   0x000000cc   Code   RO          336    i.MX_TIM4_Init      tim.o
    0x08003bb4   0x08003bb4   0x00000070   Code   RO          337    i.MX_TIM5_Init      tim.o
    0x08003c24   0x08003c24   0x000000e8   Code   RO          338    i.MX_TIM8_Init      tim.o
    0x08003d0c   0x08003d0c   0x00000094   Code   RO          339    i.MX_TIM9_Init      tim.o
    0x08003da0   0x08003da0   0x0000003c   Code   RO          431    i.MX_UART5_Init     usart.o
    0x08003ddc   0x08003ddc   0x0000003c   Code   RO          432    i.MX_UART7_Init     usart.o
    0x08003e18   0x08003e18   0x0000003c   Code   RO          433    i.MX_UART8_Init     usart.o
    0x08003e54   0x08003e54   0x0000003c   Code   RO          434    i.MX_USART1_UART_Init  usart.o
    0x08003e90   0x08003e90   0x0000003c   Code   RO          435    i.MX_USART2_UART_Init  usart.o
    0x08003ecc   0x08003ecc   0x0000003c   Code   RO          436    i.MX_USART3_UART_Init  usart.o
    0x08003f08   0x08003f08   0x00000002   Code   RO          506    i.MemManage_Handler  stm32f7xx_it.o
    0x08003f0a   0x08003f0a   0x00000002   Code   RO          507    i.NMI_Handler       stm32f7xx_it.o
    0x08003f0c   0x08003f0c   0x000000e8   Code   RO         5244    i.RampCtrl_Blocking  chassis_api.o
    0x08003ff4   0x08003ff4   0x00000248   Code   RO         5093    i.Stage             barrier.o
    0x0800423c   0x0800423c   0x00000030   Code   RO         5245    i.Stage_DetectedRamp  chassis_api.o
    0x0800426c   0x0800426c   0x0000014c   Code   RO         5094    i.Stage_P2          barrier.o
    0x080043b8   0x080043b8   0x00000094   Code   RO         6431    i.Stage_turn_Angle  turn.o
    0x0800444c   0x0800444c   0x00000008   Code   RO          261    i.StartDefaultTask  freertos.o
    0x08004454   0x08004454   0x0000001c   Code   RO         6286    i.Start_task        temporary_task.o
    0x08004470   0x08004470   0x00000028   Code   RO         6233    i.Start_task_create  task_create.o
    0x08004498   0x08004498   0x00000030   Code   RO         5011    i.SysTick_Handler   port.o
    0x080044c8   0x080044c8   0x0000009c   Code   RO           15    i.SystemClock_Config  main.o
    0x08004564   0x08004564   0x00000010   Code   RO         3404    i.SystemInit        system_stm32f7xx.o
    0x08004574   0x08004574   0x0000001c   Code   RO          508    i.TIM1_BRK_TIM9_IRQHandler  stm32f7xx_it.o
    0x08004590   0x08004590   0x0000000c   Code   RO          509    i.TIM1_CC_IRQHandler  stm32f7xx_it.o
    0x0800459c   0x0800459c   0x0000001c   Code   RO          510    i.TIM1_TRG_COM_TIM11_IRQHandler  stm32f7xx_it.o
    0x080045b8   0x080045b8   0x0000000c   Code   RO          511    i.TIM1_UP_TIM10_IRQHandler  stm32f7xx_it.o
    0x080045c4   0x080045c4   0x0000000c   Code   RO          512    i.TIM2_IRQHandler   stm32f7xx_it.o
    0x080045d0   0x080045d0   0x0000000c   Code   RO          513    i.TIM3_IRQHandler   stm32f7xx_it.o
    0x080045dc   0x080045dc   0x0000000c   Code   RO          514    i.TIM4_IRQHandler   stm32f7xx_it.o
    0x080045e8   0x080045e8   0x0000000c   Code   RO          515    i.TIM5_IRQHandler   stm32f7xx_it.o
    0x080045f4   0x080045f4   0x0000001c   Code   RO         6562    i.TIM7_IRQHandler   delay.o
    0x08004610   0x08004610   0x0000000c   Code   RO          516    i.TIM8_BRK_TIM12_IRQHandler  stm32f7xx_it.o
    0x0800461c   0x0800461c   0x0000000c   Code   RO          517    i.TIM8_CC_IRQHandler  stm32f7xx_it.o
    0x08004628   0x08004628   0x0000001c   Code   RO          518    i.TIM8_TRG_COM_TIM14_IRQHandler  stm32f7xx_it.o
    0x08004644   0x08004644   0x0000000c   Code   RO          519    i.TIM8_UP_TIM13_IRQHandler  stm32f7xx_it.o
    0x08004650   0x08004650   0x000000d0   Code   RO          831    i.TIM_Base_SetConfig  stm32f7xx_hal_tim.o
    0x08004720   0x08004720   0x0000001a   Code   RO          832    i.TIM_CCxChannelCmd  stm32f7xx_hal_tim.o
    0x0800473a   0x0800473a   0x00000014   Code   RO          842    i.TIM_ETR_SetConfig  stm32f7xx_hal_tim.o
    0x0800474e   0x0800474e   0x00000010   Code   RO          843    i.TIM_ITRx_SetConfig  stm32f7xx_hal_tim.o
    0x0800475e   0x0800475e   0x00000002   PAD
    0x08004760   0x08004760   0x00000068   Code   RO          844    i.TIM_OC1_SetConfig  stm32f7xx_hal_tim.o
    0x080047c8   0x080047c8   0x00000074   Code   RO          845    i.TIM_OC2_SetConfig  stm32f7xx_hal_tim.o
    0x0800483c   0x0800483c   0x00000070   Code   RO          846    i.TIM_OC3_SetConfig  stm32f7xx_hal_tim.o
    0x080048ac   0x080048ac   0x00000058   Code   RO          847    i.TIM_OC4_SetConfig  stm32f7xx_hal_tim.o
    0x08004904   0x08004904   0x00000050   Code   RO          848    i.TIM_OC5_SetConfig  stm32f7xx_hal_tim.o
    0x08004954   0x08004954   0x00000054   Code   RO          849    i.TIM_OC6_SetConfig  stm32f7xx_hal_tim.o
    0x080049a8   0x080049a8   0x00000022   Code   RO          851    i.TIM_TI1_ConfigInputStage  stm32f7xx_hal_tim.o
    0x080049ca   0x080049ca   0x00000024   Code   RO          853    i.TIM_TI2_ConfigInputStage  stm32f7xx_hal_tim.o
    0x080049ee   0x080049ee   0x00000002   PAD
    0x080049f0   0x080049f0   0x000000a8   Code   RO         6432    i.Turn360Step       turn.o
    0x08004a98   0x08004a98   0x0000003e   Code   RO         6433    i.Turn_Angle        turn.o
    0x08004ad6   0x08004ad6   0x00000002   PAD
    0x08004ad8   0x08004ad8   0x0000000c   Code   RO          520    i.UART5_IRQHandler  stm32f7xx_it.o
    0x08004ae4   0x08004ae4   0x0000000c   Code   RO          521    i.UART7_IRQHandler  stm32f7xx_it.o
    0x08004af0   0x08004af0   0x0000000c   Code   RO          522    i.UART8_IRQHandler  stm32f7xx_it.o
    0x08004afc   0x08004afc   0x000000c8   Code   RO         3000    i.UART_AdvFeatureConfig  stm32f7xx_hal_uart.o
    0x08004bc4   0x08004bc4   0x0000005c   Code   RO         3001    i.UART_CheckIdleState  stm32f7xx_hal_uart.o
    0x08004c20   0x08004c20   0x00000010   Code   RO         3002    i.UART_DMAAbortOnError  stm32f7xx_hal_uart.o
    0x08004c30   0x08004c30   0x0000004e   Code   RO         3003    i.UART_DMAError     stm32f7xx_hal_uart.o
    0x08004c7e   0x08004c7e   0x0000009e   Code   RO         3004    i.UART_DMAReceiveCplt  stm32f7xx_hal_uart.o
    0x08004d1c   0x08004d1c   0x0000003c   Code   RO         3006    i.UART_DMARxHalfCplt  stm32f7xx_hal_uart.o
    0x08004d58   0x08004d58   0x0000004c   Code   RO         3012    i.UART_EndRxTransfer  stm32f7xx_hal_uart.o
    0x08004da4   0x08004da4   0x00000018   Code   RO         3013    i.UART_EndTxTransfer  stm32f7xx_hal_uart.o
    0x08004dbc   0x08004dbc   0x00000234   Code   RO         3016    i.UART_SetConfig    stm32f7xx_hal_uart.o
    0x08004ff0   0x08004ff0   0x000000a0   Code   RO         3017    i.UART_Start_Receive_DMA  stm32f7xx_hal_uart.o
    0x08005090   0x08005090   0x00000092   Code   RO         3021    i.UART_WaitOnFlagUntilTimeout  stm32f7xx_hal_uart.o
    0x08005122   0x08005122   0x00000002   PAD
    0x08005124   0x08005124   0x0000000c   Code   RO          523    i.USART1_IRQHandler  stm32f7xx_it.o
    0x08005130   0x08005130   0x0000000c   Code   RO          524    i.USART2_IRQHandler  stm32f7xx_it.o
    0x0800513c   0x0800513c   0x00000118   Code   RO         5883    i.USART3_IRQHandler  imu.o
    0x08005254   0x08005254   0x00000002   Code   RO          525    i.UsageFault_Handler  stm32f7xx_it.o
    0x08005256   0x08005256   0x00000020   Code   RO         1751    i.__NVIC_SetPriority  stm32f7xx_hal_cortex.o
    0x08005276   0x08005276   0x0000000e   Code   RO         7023    i.__scatterload_copy  mc_w.l(handlers.o)
    0x08005284   0x08005284   0x00000002   Code   RO         7024    i.__scatterload_null  mc_w.l(handlers.o)
    0x08005286   0x08005286   0x0000000e   Code   RO         7025    i.__scatterload_zeroinit  mc_w.l(handlers.o)
    0x08005294   0x08005294   0x00000038   Code   RO         5246    i.anti_snake_restore_pid  chassis_api.o
    0x080052cc   0x080052cc   0x0000009c   Code   RO         6104    i.apply_speed_pid_params  motor_task.o
    0x08005368   0x08005368   0x0000003c   Code   RO         5095    i.barrier_done      barrier.o
    0x080053a4   0x080053a4   0x00000034   Code   RO         5096    i.bridge_norm_angle  barrier.o
    0x080053d8   0x080053d8   0x00000098   Code   RO         5097    i.bridge_red_correct  barrier.o
    0x08005470   0x08005470   0x0000009c   Code   RO         5247    i.chassis_turn_blocking  chassis_api.o
    0x0800550c   0x0800550c   0x0000001c   Code   RO         6105    i.check_speed_range  motor_task.o
    0x08005528   0x08005528   0x0000001e   Code   RO         6434    i.clampf            turn.o
    0x08005546   0x08005546   0x00000012   Code   RO         6234    i.create_task       task_create.o
    0x08005558   0x08005558   0x00000088   Code   RO         5454    i.cross_arrive_slowdown  map.o
    0x080055e0   0x080055e0   0x00000048   Code   RO         5455    i.cross_line_init   map.o
    0x08005628   0x08005628   0x0000000e   Code   RO         5456    i.cross_line_protect_off  map.o
    0x08005636   0x08005636   0x0000000e   Code   RO         5457    i.cross_line_protect_on  map.o
    0x08005644   0x08005644   0x0000009c   Code   RO         5458    i.cross_line_update  map.o
    0x080056e0   0x080056e0   0x000000c4   Code   RO         5459    i.cross_node_advance  map.o
    0x080057a4   0x080057a4   0x00000068   Code   RO         5460    i.cross_track_switch  map.o
    0x0800580c   0x0800580c   0x00000108   Code   RO         5461    i.cross_turn_update  map.o
    0x08005914   0x08005914   0x000000ae   Code   RO         5462    i.deal_arrive       map.o
    0x080059c2   0x080059c2   0x00000002   PAD
    0x080059c4   0x080059c4   0x00000018   Code   RO         6524    i.debug_uart_tick   debug_uart.o
    0x080059dc   0x080059dc   0x00000058   Code   RO         6563    i.delay_init        delay.o
    0x08005a34   0x08005a34   0x0000001c   Code   RO         6564    i.delay_ms          delay.o
    0x08005a50   0x08005a50   0x00000014   Code   RO         6565    i.delay_us          delay.o
    0x08005a64   0x08005a64   0x00000034   Code   RO         5790    i.encoder_clear     encoder.o
    0x08005a98   0x08005a98   0x000000e8   Code   RO         5619    i.filter            filter.o
    0x08005b80   0x08005b80   0x00000044   Code   RO         6435    i.getAngleZ         turn.o
    0x08005bc4   0x08005bc4   0x00000038   Code   RO         5463    i.getNextConnectNode  map.o
    0x08005bfc   0x08005bfc   0x00000002   Code   RO         5856    i.get_Infrared      bsp_linefollower.o
    0x08005bfe   0x08005bfe   0x00000002   PAD
    0x08005c00   0x08005c00   0x00000010   Code   RO         5943    i.get_detail        scaner.o
    0x08005c10   0x08005c10   0x00000114   Code   RO         6106    i.get_motor_speed   motor_task.o
    0x08005d24   0x08005d24   0x00000020   Code   RO         5944    i.getline_error     scaner.o
    0x08005d44   0x08005d44   0x00000040   Code   RO         6436    i.gradual_cal       turn.o
    0x08005d84   0x08005d84   0x00000024   Code   RO         5884    i.imu_receive_init  imu.o
    0x08005da8   0x08005da8   0x000000fc   Code   RO         5652    i.incremental_PID   pid.o
    0x08005ea4   0x08005ea4   0x00000018   Code   RO         5248    i.line_guard_soft_clear  chassis_api.o
    0x08005ebc   0x08005ebc   0x00000040   Code   RO         5249    i.line_lost_guard_update  chassis_api.o
    0x08005efc   0x08005efc   0x00000020   Code   RO         5098    i.line_mode_reset   barrier.o
    0x08005f1c   0x08005f1c   0x000000cc   Code   RO         5250    i.line_pid_by_speed  chassis_api.o
    0x08005fe8   0x08005fe8   0x0000005e   Code   RO           16    i.main              main.o
    0x08006046   0x08006046   0x00000002   PAD
    0x08006048   0x08006048   0x0000003c   Code   RO         6067    i.main_task         main_task.o
    0x08006084   0x08006084   0x0000002c   Code   RO         6235    i.main_task_create  task_create.o
    0x080060b0   0x080060b0   0x00000074   Code   RO         5464    i.mapInit           map.o
    0x08006124   0x08006124   0x00000048   Code   RO         5466    i.map_function      map.o
    0x0800616c   0x0800616c   0x0000004c   Code   RO         6107    i.mode_inh_g2l      motor_task.o
    0x080061b8   0x080061b8   0x00000044   Code   RO         6108    i.mode_inh_l2g      motor_task.o
    0x080061fc   0x080061fc   0x00000078   Code   RO         6109    i.mode_on_change    motor_task.o
    0x08006274   0x08006274   0x0000002c   Code   RO         6110    i.mode_zero_gyro    motor_task.o
    0x080062a0   0x080062a0   0x0000002c   Code   RO         6111    i.mode_zero_line    motor_task.o
    0x080062cc   0x080062cc   0x00000020   Code   RO         6112    i.mode_zero_turn    motor_task.o
    0x080062ec   0x080062ec   0x000000a4   Code   RO         6113    i.motor_apply_pid   motor_task.o
    0x08006390   0x08006390   0x00000068   Code   RO         5826    i.motor_init        motor.o
    0x080063f8   0x080063f8   0x0000005c   Code   RO         5653    i.motor_pid_clear   pid.o
    0x08006454   0x08006454   0x000000a0   Code   RO         5827    i.motor_set_pwm     motor.o
    0x080064f4   0x080064f4   0x000000b0   Code   RO         6114    i.motor_stop_all    motor_task.o
    0x080065a4   0x080065a4   0x000000a4   Code   RO         6115    i.motor_task        motor_task.o
    0x08006648   0x08006648   0x0000002c   Code   RO         6236    i.motor_task_create  task_create.o
    0x08006674   0x08006674   0x000000d4   Code   RO         6116    i.motor_update_pid_mode  motor_task.o
    0x08006748   0x08006748   0x00000120   Code   RO         6117    i.motor_update_targets  motor_task.o
    0x08006868   0x08006868   0x00000040   Code   RO         5885    i.mpuZreset         imu.o
    0x080068a8   0x080068a8   0x00000038   Code   RO         5467    i.need2turn         map.o
    0x080068e0   0x080068e0   0x00000038   Code   RO         6437    i.need2turn         turn.o
    0x08006918   0x08006918   0x00000034   Code   RO         5251    i.norm180           chassis_api.o
    0x0800694c   0x0800694c   0x00000034   Code   RO         4531    i.osDelay           cmsis_os2.o
    0x08006980   0x08006980   0x00000034   Code   RO         4545    i.osKernelInitialize  cmsis_os2.o
    0x080069b4   0x080069b4   0x0000003c   Code   RO         4548    i.osKernelStart     cmsis_os2.o
    0x080069f0   0x080069f0   0x000000a4   Code   RO         4581    i.osThreadNew       cmsis_os2.o
    0x08006a94   0x08006a94   0x000001a0   Code   RO         5654    i.pid_init          pid.o
    0x08006c34   0x08006c34   0x00000040   Code   RO         6118    i.pid_mode_switch   motor_task.o
    0x08006c74   0x08006c74   0x00000012   Code   RO         6119    i.pid_mode_switch_no_inherit  motor_task.o
    0x08006c86   0x08006c86   0x00000002   PAD
    0x08006c88   0x08006c88   0x000000e0   Code   RO         5656    i.positional_PID    pid.o
    0x08006d68   0x08006d68   0x0000005c   Code   RO         4012    i.prvAddCurrentTaskToDelayedList  tasks.o
    0x08006dc4   0x08006dc4   0x000000d0   Code   RO         4013    i.prvAddNewTaskToReadyList  tasks.o
    0x08006e94   0x08006e94   0x00000058   Code   RO         4365    i.prvCheckForValidListAndQueue  timers.o
    0x08006eec   0x08006eec   0x00000026   Code   RO         3609    i.prvCopyDataFromQueue  queue.o
    0x08006f12   0x08006f12   0x0000006c   Code   RO         3610    i.prvCopyDataToQueue  queue.o
    0x08006f7e   0x08006f7e   0x00000038   Code   RO         4014    i.prvDeleteTCB      tasks.o
    0x08006fb6   0x08006fb6   0x00000002   PAD
    0x08006fb8   0x08006fb8   0x0000004c   Code   RO         4961    i.prvHeapInit       heap_4.o
    0x08007004   0x08007004   0x0000005c   Code   RO         4015    i.prvIdleTask       tasks.o
    0x08007060   0x08007060   0x00000020   Code   RO         3612    i.prvInitialiseNewQueue  queue.o
    0x08007080   0x08007080   0x000000ae   Code   RO         4016    i.prvInitialiseNewTask  tasks.o
    0x0800712e   0x0800712e   0x00000002   PAD
    0x08007130   0x08007130   0x0000004c   Code   RO         4962    i.prvInsertBlockIntoFreeList  heap_4.o
    0x0800717c   0x0800717c   0x00000038   Code   RO         4367    i.prvInsertTimerInActiveList  timers.o
    0x080071b4   0x080071b4   0x0000001a   Code   RO         3613    i.prvIsQueueEmpty   queue.o
    0x080071ce   0x080071ce   0x00000002   PAD
    0x080071d0   0x080071d0   0x00000100   Code   RO         4368    i.prvProcessReceivedCommands  timers.o
    0x080072d0   0x080072d0   0x000000c4   Code   RO         4369    i.prvProcessTimerOrBlockTask  timers.o
    0x08007394   0x08007394   0x00000020   Code   RO         4018    i.prvResetNextTaskUnblockTime  tasks.o
    0x080073b4   0x080073b4   0x00000028   Code   RO         4370    i.prvSampleTimeNow  timers.o
    0x080073dc   0x080073dc   0x00000070   Code   RO         4371    i.prvSwitchTimerLists  timers.o
    0x0800744c   0x0800744c   0x00000030   Code   RO         5012    i.prvTaskExitError  port.o
    0x0800747c   0x0800747c   0x00000028   Code   RO         4372    i.prvTimerTask      timers.o
    0x080074a4   0x080074a4   0x0000006a   Code   RO         3614    i.prvUnlockQueue    queue.o
    0x0800750e   0x0800750e   0x00000002   PAD
    0x08007510   0x08007510   0x000000e4   Code   RO         4963    i.pvPortMalloc      heap_4.o
    0x080075f4   0x080075f4   0x0000002c   Code   RO         5013    i.pxPortInitialiseStack  port.o
    0x08007620   0x08007620   0x000000e8   Code   RO         5947    i.read_gpio_16ch    scaner.o
    0x08007708   0x08007708   0x00000020   Code   RO         5252    i.roll_offset       chassis_api.o
    0x08007728   0x08007728   0x00000010   Code   RO         5468    i.route_arrived     map.o
    0x08007738   0x08007738   0x0000001c   Code   RO         5469    i.route_is_p2_to_n2  map.o
    0x08007754   0x08007754   0x0000002c   Code   RO         5470    i.route_need_turn   map.o
    0x08007780   0x08007780   0x00000010   Code   RO         5471    i.route_phase_reset  map.o
    0x08007790   0x08007790   0x00000088   Code   RO         6438    i.runWithAngle      turn.o
    0x08007818   0x08007818   0x000000fc   Code   RO         5948    i.scan_center_line  scaner.o
    0x08007914   0x08007914   0x0000006c   Code   RO         5949    i.scan_left_line    scaner.o
    0x08007980   0x08007980   0x00000100   Code   RO         5950    i.scan_liushui_line  scaner.o
    0x08007a80   0x08007a80   0x00000064   Code   RO         5951    i.scan_right_line   scaner.o
    0x08007ae4   0x08007ae4   0x000000a4   Code   RO         5952    i.scaner_gpio_init  scaner.o
    0x08007b88   0x08007b88   0x00000014   Code   RO         5953    i.scaner_init       scaner.o
    0x08007b9c   0x08007b9c   0x000000bc   Code   RO         6120    i.set_motor_target  motor_task.o
    0x08007c58   0x08007c58   0x0000005c   Code   RO         6121    i.set_motor_target_now  motor_task.o
    0x08007cb4   0x08007cb4   0x00000070   Code   RO         5099    i.stage_exit_node   barrier.o
    0x08007d24   0x08007d24   0x000000c8   Code   RO         5100    i.stage_line_ramp_ctrl  barrier.o
    0x08007dec   0x08007dec   0x0000009c   Code   RO         6439    i.turn_apply_speed  turn.o
    0x08007e88   0x08007e88   0x00000028   Code   RO         6440    i.turn_done_stop    turn.o
    0x08007eb0   0x08007eb0   0x0000007c   Code   RO         6441    i.turn_prepare_measure  turn.o
    0x08007f2c   0x08007f2c   0x000000a8   Code   RO         6287    i.user_init         temporary_task.o
    0x08007fd4   0x08007fd4   0x00000026   Code   RO         3569    i.uxListRemove      list.o
    0x08007ffa   0x08007ffa   0x00000002   PAD
    0x08007ffc   0x08007ffc   0x00000018   Code   RO         4593    i.vApplicationGetIdleTaskMemory  cmsis_os2.o
    0x08008014   0x08008014   0x00000018   Code   RO         4594    i.vApplicationGetTimerTaskMemory  cmsis_os2.o
    0x0800802c   0x0800802c   0x00000016   Code   RO         3570    i.vListInitialise   list.o
    0x08008042   0x08008042   0x00000006   Code   RO         3571    i.vListInitialiseItem  list.o
    0x08008048   0x08008048   0x00000030   Code   RO         3572    i.vListInsert       list.o
    0x08008078   0x08008078   0x00000018   Code   RO         3573    i.vListInsertEnd    list.o
    0x08008090   0x08008090   0x00000048   Code   RO         5015    i.vPortEnterCritical  port.o
    0x080080d8   0x080080d8   0x0000002c   Code   RO         5016    i.vPortExitCritical  port.o
    0x08008104   0x08008104   0x00000064   Code   RO         4964    i.vPortFree         heap_4.o
    0x08008168   0x08008168   0x00000024   Code   RO         5017    i.vPortSetupTimerInterrupt  port.o
    0x0800818c   0x0800818c   0x0000005c   Code   RO         5018    i.vPortValidateInterruptPriority  port.o
    0x080081e8   0x080081e8   0x00000024   Code   RO         3620    i.vQueueAddToRegistry  queue.o
    0x0800820c   0x0800820c   0x00000044   Code   RO         3624    i.vQueueWaitForMessageRestricted  queue.o
    0x08008250   0x08008250   0x00000050   Code   RO         4030    i.vTaskDelay        tasks.o
    0x080082a0   0x080082a0   0x0000009c   Code   RO         4031    i.vTaskDelayUntil   tasks.o
    0x0800833c   0x0800833c   0x00000094   Code   RO         4032    i.vTaskDelete       tasks.o
    0x080083d0   0x080083d0   0x00000010   Code   RO         4035    i.vTaskInternalSetTimeOutState  tasks.o
    0x080083e0   0x080083e0   0x0000000c   Code   RO         4036    i.vTaskMissedYield  tasks.o
    0x080083ec   0x080083ec   0x00000034   Code   RO         4038    i.vTaskPlaceOnEventList  tasks.o
    0x08008420   0x08008420   0x0000003c   Code   RO         4039    i.vTaskPlaceOnEventListRestricted  tasks.o
    0x0800845c   0x0800845c   0x0000008c   Code   RO         4047    i.vTaskStartScheduler  tasks.o
    0x080084e8   0x080084e8   0x00000010   Code   RO         4049    i.vTaskSuspendAll   tasks.o
    0x080084f8   0x080084f8   0x00000068   Code   RO         4050    i.vTaskSwitchContext  tasks.o
    0x08008560   0x08008560   0x000000c4   Code   RO         5019    i.xPortStartScheduler  port.o
    0x08008624   0x08008624   0x00000076   Code   RO         3630    i.xQueueGenericCreateStatic  queue.o
    0x0800869a   0x0800869a   0x00000002   PAD
    0x0800869c   0x0800869c   0x0000008c   Code   RO         3631    i.xQueueGenericReset  queue.o
    0x08008728   0x08008728   0x00000174   Code   RO         3632    i.xQueueGenericSend  queue.o
    0x0800889c   0x0800889c   0x000000cc   Code   RO         3633    i.xQueueGenericSendFromISR  queue.o
    0x08008968   0x08008968   0x00000144   Code   RO         3642    i.xQueueReceive     queue.o
    0x08008aac   0x08008aac   0x0000007c   Code   RO         4051    i.xTaskCheckForTimeOut  tasks.o
    0x08008b28   0x08008b28   0x0000005a   Code   RO         4052    i.xTaskCreate       tasks.o
    0x08008b82   0x08008b82   0x00000062   Code   RO         4053    i.xTaskCreateStatic  tasks.o
    0x08008be4   0x08008be4   0x0000001c   Code   RO         4057    i.xTaskGetSchedulerState  tasks.o
    0x08008c00   0x08008c00   0x0000000c   Code   RO         4058    i.xTaskGetTickCount  tasks.o
    0x08008c0c   0x08008c0c   0x000000cc   Code   RO         4060    i.xTaskIncrementTick  tasks.o
    0x08008cd8   0x08008cd8   0x00000084   Code   RO         4063    i.xTaskPriorityDisinherit  tasks.o
    0x08008d5c   0x08008d5c   0x00000074   Code   RO         4065    i.xTaskRemoveFromEventList  tasks.o
    0x08008dd0   0x08008dd0   0x000000c4   Code   RO         4066    i.xTaskResumeAll    tasks.o
    0x08008e94   0x08008e94   0x00000064   Code   RO         4380    i.xTimerCreateTimerTask  timers.o
    0x08008ef8   0x08008ef8   0x00000068   Code   RO         4381    i.xTimerGenericCommand  timers.o
    0x08008f60   0x08008f60   0x00000030   Code   RO         5253    i.yaw_guard_reset   chassis_api.o
    0x08008f90   0x08008f90   0x000000a8   Code   RO         5254    i.yaw_guard_update  chassis_api.o
    0x08009038   0x08009038   0x0000012c   Code   RO         5101    i.zhunbei           barrier.o
    0x08009164   0x08009164   0x00000024   Data   RO          262    .constdata          freertos.o
    0x08009188   0x08009188   0x00000008   Data   RO         2303    .constdata          stm32f7xx_hal_dma.o
    0x08009190   0x08009190   0x00000010   Data   RO         3405    .constdata          system_stm32f7xx.o
    0x080091a0   0x080091a0   0x00000008   Data   RO         3406    .constdata          system_stm32f7xx.o
    0x080091a8   0x080091a8   0x00000040   Data   RO         5956    .constdata          scaner.o
    0x080091e8   0x080091e8   0x00000060   Data   RO         6123    .constdata          motor_task.o
    0x08009248   0x08009248   0x0000000c   Data   RO          263    .conststring        freertos.o
    0x08009254   0x08009254   0x00000020   Data   RO         7021    Region$$Table       anon$$obj.o


    Execution Region RW_IRAM1 (Exec base: 0x20000000, Load base: 0x08009274, Size: 0x0000efc0, Max: 0x00050000, ABSOLUTE, COMPRESSED[0x00000528])

    Exec Addr    Load Addr    Size         Type   Attr      Idx    E Section Name        Object

    0x20000000   COMPRESSED   0x00000004   Data   RW          264    .data               freertos.o
    0x20000004   COMPRESSED   0x0000000c   Data   RW         2680    .data               stm32f7xx_hal.o
    0x20000010   COMPRESSED   0x00000004   Data   RW         3407    .data               system_stm32f7xx.o
    0x20000014   COMPRESSED   0x0000003c   Data   RW         4069    .data               tasks.o
    0x20000050   COMPRESSED   0x00000014   Data   RW         4389    .data               timers.o
    0x20000064   COMPRESSED   0x00000004   Data   RW         4596    .data               cmsis_os2.o
    0x20000068   COMPRESSED   0x00000018   Data   RW         4969    .data               heap_4.o
    0x20000080   COMPRESSED   0x0000000c   Data   RW         5020    .data               port.o
    0x2000008c   COMPRESSED   0x00000008   Data   RW         5102    .data               barrier.o
    0x20000094   COMPRESSED   0x00000069   Data   RW         5473    .data               map.o
    0x200000fd   COMPRESSED   0x00000003   PAD
    0x20000100   COMPRESSED   0x00000bd0   Data   RW         5592    .data               map_message.o
    0x20000cd0   COMPRESSED   0x00000034   Data   RW         5593    .data               map_message.o
    0x20000d04   COMPRESSED   0x00000035   Data   RW         5594    .data               map_message.o
    0x20000d39   COMPRESSED   0x00000001   Data   RW         5621    .data               filter.o
    0x20000d3a   COMPRESSED   0x00000003   Data   RW         5622    .data               filter.o
    0x20000d3d   COMPRESSED   0x00000001   PAD
    0x20000d3e   COMPRESSED   0x00000008   Data   RW         5792    .data               encoder.o
    0x20000d46   COMPRESSED   0x00000001   Data   RW         5857    .data               bsp_linefollower.o
    0x20000d47   COMPRESSED   0x00000001   PAD
    0x20000d48   COMPRESSED   0x00000004   Data   RW         5887    .data               imu.o
    0x20000d4c   COMPRESSED   0x00000004   Data   RW         5888    .data               imu.o
    0x20000d50   COMPRESSED   0x00000004   Data   RW         5889    .data               imu.o
    0x20000d54   COMPRESSED   0x00000001   Data   RW         5890    .data               imu.o
    0x20000d55   COMPRESSED   0x00000003   PAD
    0x20000d58   COMPRESSED   0x0000004c   Data   RW         5959    .data               scaner.o
    0x20000da4   COMPRESSED   0x00000028   Data   RW         6124    .data               motor_task.o
    0x20000dcc   COMPRESSED   0x00000010   Data   RW         6237    .data               task_create.o
    0x20000ddc   COMPRESSED   0x00000008   Data   RW         6442    .data               turn.o
    0x20000de4   COMPRESSED   0x00000001   Data   RW         6443    .data               turn.o
    0x20000de5   COMPRESSED   0x00000003   PAD
    0x20000de8   COMPRESSED   0x00000010   Data   RW         6444    .data               turn.o
    0x20000df8   COMPRESSED   0x00000001   Data   RW         6525    .data               debug_uart.o
    0x20000df9   COMPRESSED   0x00000003   PAD
    0x20000dfc   COMPRESSED   0x00000030   Data   RW         6607    .data               speed_ctrl.o
    0x20000e2c        -       0x00000260   Zero   RW          340    .bss                tim.o
    0x2000108c        -       0x000003f0   Zero   RW          437    .bss                usart.o
    0x2000147c        -       0x0000004c   Zero   RW          700    .bss                stm32f7xx_hal_timebase_tim.o
    0x200014c8        -       0x00000040   Zero   RW         3646    .bss                queue.o
    0x20001508        -       0x000004c4   Zero   RW         4068    .bss                tasks.o
    0x200019cc        -       0x00000118   Zero   RW         4388    .bss                timers.o
    0x20001ae4        -       0x00000cb8   Zero   RW         4595    .bss                cmsis_os2.o
    0x2000279c        -       0x0000c000   Zero   RW         4968    .bss                heap_4.o
    0x2000e79c        -       0x00000078   Zero   RW         5255    .bss                chassis_api.o
    0x2000e814        -       0x0000004c   Zero   RW         5472    .bss                map.o
    0x2000e860        -       0x00000020   Zero   RW         5620    .bss                filter.o
    0x2000e880        -       0x0000015c   Zero   RW         5661    .bss                pid.o
    0x2000e9dc        -       0x0000001c   Zero   RW         5662    .bss                pid.o
    0x2000e9f8        -       0x0000001c   Zero   RW         5663    .bss                pid.o
    0x2000ea14        -       0x0000001c   Zero   RW         5664    .bss                pid.o
    0x2000ea30        -       0x00000098   Zero   RW         5886    .bss                imu.o
    0x2000eac8        -       0x00000058   Zero   RW         5955    .bss                scaner.o
    0x2000eb20        -       0x00000050   Zero   RW         6122    .bss                motor_task.o
    0x2000eb70        -       0x0000004c   Zero   RW         6566    .bss                delay.o
    0x2000ebbc   COMPRESSED   0x00000004   PAD
    0x2000ebc0        -       0x00000400   Zero   RW            1    STACK               startup_stm32f750xx.o


==============================================================================

Image component sizes


      Code (inc. data)   RO Data    RW Data    ZI Data      Debug   Object Name

      2940        274          0          8          0      14895   barrier.o
         2          0          0          1          0        662   bsp_linefollower.o
      2126        320          0          0        120      20597   chassis_api.o
       376         32          0          4       3256      30186   cmsis_os2.o
        24          4          0          1          0        482   debug_uart.o
       164         24          0          0         76       2540   delay.o
        60          4          0          0          0        762   dma.o
       172         42          0          8          0       1503   encoder.o
         0          0          0          0          0      18332   event_groups.o
       232         14          0          4         32       1343   filter.o
        40         14         48          4          0       1669   freertos.o
       260         22          0          0          0       1059   gpio.o
       480         24          0         24      49152       4863   heap_4.o
       380         54          0         13        152       2970   imu.o
       138          0          0          0          0       3486   list.o
       274         14          0          0          0     860184   main.o
        60          4          0          0          0        588   main_task.o
      1604        178          0        105         76      14169   map.o
         0          0          0       3129          0       2267   map_message.o
       264         28          0          0          0       1317   motor.o
      2210        366         96         40         80      14034   motor_task.o
       984         80          0          0        432       4624   pid.o
       774         80          0         12          0      11481   port.o
      1572         18          0          0         64      17388   queue.o
      2280        158         64         76         88      13305   scaner.o
         0          0          0         48          0       1004   speed_ctrl.o
        36          8        456          0       1024        824   startup_stm32f750xx.o
        50         10          0         12          0       7654   stm32f7xx_hal.o
       158         14          0          0          0      38050   stm32f7xx_hal_cortex.o
      1094         16          8          0          0       7881   stm32f7xx_hal_dma.o
       512         54          0          0          0       2947   stm32f7xx_hal_gpio.o
        56          4          0          0          0        846   stm32f7xx_hal_msp.o
       108         10          0          0          0       1272   stm32f7xx_hal_pwr_ex.o
      1416         74          0          0          0       5961   stm32f7xx_hal_rcc.o
      1272         28          0          0          0       2404   stm32f7xx_hal_rcc_ex.o
      2822        230          0          0          0      21834   stm32f7xx_hal_tim.o
       310         36          0          0          0       4096   stm32f7xx_hal_tim_ex.o
       152         20          0          0         76       1452   stm32f7xx_hal_timebase_tim.o
      2572         88          0          0          0      16390   stm32f7xx_hal_uart.o
       288        126          0          0          0      11673   stm32f7xx_it.o
         0          0          0          0          0        392   stream_buffer.o
        16          4         24          4          0       1099   system_stm32f7xx.o
       146         64          0         16          0       2736   task_create.o
      2438        184          0         60       1220      29060   tasks.o
       196         24          0          0          0       1381   temporary_task.o
      1936        150          0          0        608       8547   tim.o
       992         84          0         20        280      31963   timers.o
      1080        152          0         25          0      10279   turn.o
      1200        104          0          0       1008       5502   usart.o

    ----------------------------------------------------------------------
     36318       3238        728       3628      57748    1259953   Object Totals
         0          0         32          0          0          0   (incl. Generated)
        52          0          0         14          4          0   (incl. Padding)

    ----------------------------------------------------------------------

      Code (inc. data)   RO Data    RW Data    ZI Data      Debug   Library Member Name

        94          0          0          0          0          0   __dclz77c.o
         0          0          0          0          0          0   entry.o
         0          0          0          0          0          0   entry10a.o
         0          0          0          0          0          0   entry11a.o
         4          0          0          0          0          0   entry12b.o
         8          4          0          0          0          0   entry2.o
         4          0          0          0          0          0   entry5.o
         0          0          0          0          0          0   entry7b.o
         0          0          0          0          0          0   entry8b.o
         8          4          0          0          0          0   entry9a.o
        30          0          0          0          0          0   handlers.o
        36          8          0          0          0         68   init.o
        30          0          0          0          0         68   llshl.o
        32          0          0          0          0         68   llushr.o
        64          0          0          0          0         76   memmovea.o
        36          0          0          0          0        108   memseta.o
        98          0          0          0          0         92   uldiv.o

    ----------------------------------------------------------------------
       446         16          0          0          0        480   Library Totals
         2          0          0          0          0          0   (incl. Padding)

    ----------------------------------------------------------------------

      Code (inc. data)   RO Data    RW Data    ZI Data      Debug   Library Name

       444         16          0          0          0        480   mc_w.l

    ----------------------------------------------------------------------
       446         16          0          0          0        480   Library Totals

    ----------------------------------------------------------------------

==============================================================================


      Code (inc. data)   RO Data    RW Data    ZI Data      Debug   

     36764       3254        728       3628      57748    1228661   Grand Totals
     36764       3254        728       1320      57748    1228661   ELF Image Totals (compressed)
     36764       3254        728       1320          0          0   ROM Totals

==============================================================================

    Total RO  Size (Code + RO Data)                37492 (  36.61kB)
    Total RW  Size (RW Data + ZI Data)             61376 (  59.94kB)
    Total ROM Size (Code + RO Data + RW Data)      38812 (  37.90kB)

==============================================================================

